Archive member included to satisfy reference by file (symbol)

/usr/local/gcc_arm/gcc-arm-none-eabi-6-2017-q1-update/bin/../lib/gcc/arm-none-eabi/6.3.1/../../../../arm-none-eabi/lib/thumb/v7e-m/fpv4-sp/hard/libc_nano.a(lib_a-exit.o)
                              /usr/local/gcc_arm/gcc-arm-none-eabi-6-2017-q1-update/bin/../lib/gcc/arm-none-eabi/6.3.1/../../../../arm-none-eabi/lib/thumb/v7e-m/fpv4-sp/hard/crt0.o (exit)
/usr/local/gcc_arm/gcc-arm-none-eabi-6-2017-q1-update/bin/../lib/gcc/arm-none-eabi/6.3.1/../../../../arm-none-eabi/lib/thumb/v7e-m/fpv4-sp/hard/libc_nano.a(lib_a-impure.o)
                              /usr/local/gcc_arm/gcc-arm-none-eabi-6-2017-q1-update/bin/../lib/gcc/arm-none-eabi/6.3.1/../../../../arm-none-eabi/lib/thumb/v7e-m/fpv4-sp/hard/libc_nano.a(lib_a-exit.o) (_global_impure_ptr)
/usr/local/gcc_arm/gcc-arm-none-eabi-6-2017-q1-update/bin/../lib/gcc/arm-none-eabi/6.3.1/../../../../arm-none-eabi/lib/thumb/v7e-m/fpv4-sp/hard/libc_nano.a(lib_a-init.o)
                              /usr/local/gcc_arm/gcc-arm-none-eabi-6-2017-q1-update/bin/../lib/gcc/arm-none-eabi/6.3.1/../../../../arm-none-eabi/lib/thumb/v7e-m/fpv4-sp/hard/crt0.o (__libc_init_array)
/usr/local/gcc_arm/gcc-arm-none-eabi-6-2017-q1-update/bin/../lib/gcc/arm-none-eabi/6.3.1/../../../../arm-none-eabi/lib/thumb/v7e-m/fpv4-sp/hard/libc_nano.a(lib_a-memset.o)
                              /usr/local/gcc_arm/gcc-arm-none-eabi-6-2017-q1-update/bin/../lib/gcc/arm-none-eabi/6.3.1/../../../../arm-none-eabi/lib/thumb/v7e-m/fpv4-sp/hard/crt0.o (memset)
/usr/local/gcc_arm/gcc-arm-none-eabi-6-2017-q1-update/bin/../lib/gcc/arm-none-eabi/6.3.1/../../../../arm-none-eabi/lib/thumb/v7e-m/fpv4-sp/hard/libnosys.a(_exit.o)
                              /usr/local/gcc_arm/gcc-arm-none-eabi-6-2017-q1-update/bin/../lib/gcc/arm-none-eabi/6.3.1/../../../../arm-none-eabi/lib/thumb/v7e-m/fpv4-sp/hard/libc_nano.a(lib_a-exit.o) (_exit)
/usr/local/gcc_arm/gcc-arm-none-eabi-6-2017-q1-update/bin/../lib/gcc/arm-none-eabi/6.3.1/thumb/v7e-m/fpv4-sp/hard/libgcc.a(_arm_addsubdf3.o)
                              _build/json.o (__aeabi_i2d)
/usr/local/gcc_arm/gcc-arm-none-eabi-6-2017-q1-update/bin/../lib/gcc/arm-none-eabi/6.3.1/thumb/v7e-m/fpv4-sp/hard/libgcc.a(_arm_muldivdf3.o)
                              _build/json.o (__aeabi_dmul)
/usr/local/gcc_arm/gcc-arm-none-eabi-6-2017-q1-update/bin/../lib/gcc/arm-none-eabi/6.3.1/../../../../arm-none-eabi/lib/thumb/v7e-m/fpv4-sp/hard/libc_nano.a(lib_a-atoi.o)
                              _build/http_client.o (atoi)
/usr/local/gcc_arm/gcc-arm-none-eabi-6-2017-q1-update/bin/../lib/gcc/arm-none-eabi/6.3.1/../../../../arm-none-eabi/lib/thumb/v7e-m/fpv4-sp/hard/libc_nano.a(lib_a-malloc.o)
                              _build/http_client.o (malloc)
/usr/local/gcc_arm/gcc-arm-none-eabi-6-2017-q1-update/bin/../lib/gcc/arm-none-eabi/6.3.1/../../../../arm-none-eabi/lib/thumb/v7e-m/fpv4-sp/hard/libc_nano.a(lib_a-memcpy-stub.o)
                              _build/SEGGER_RTT.o (memcpy)
/usr/local/gcc_arm/gcc-arm-none-eabi-6-2017-q1-update/bin/../lib/gcc/arm-none-eabi/6.3.1/../../../../arm-none-eabi/lib/thumb/v7e-m/fpv4-sp/hard/libc_nano.a(lib_a-memmove.o)
                              _build/http_client.o (memmove)
/usr/local/gcc_arm/gcc-arm-none-eabi-6-2017-q1-update/bin/../lib/gcc/arm-none-eabi/6.3.1/../../../../arm-none-eabi/lib/thumb/v7e-m/fpv4-sp/hard/libc_nano.a(lib_a-nano-freer.o)
                              /usr/local/gcc_arm/gcc-arm-none-eabi-6-2017-q1-update/bin/../lib/gcc/arm-none-eabi/6.3.1/../../../../arm-none-eabi/lib/thumb/v7e-m/fpv4-sp/hard/libc_nano.a(lib_a-malloc.o) (_free_r)
/usr/local/gcc_arm/gcc-arm-none-eabi-6-2017-q1-update/bin/../lib/gcc/arm-none-eabi/6.3.1/../../../../arm-none-eabi/lib/thumb/v7e-m/fpv4-sp/hard/libc_nano.a(lib_a-nano-mallocr.o)
                              /usr/local/gcc_arm/gcc-arm-none-eabi-6-2017-q1-update/bin/../lib/gcc/arm-none-eabi/6.3.1/../../../../arm-none-eabi/lib/thumb/v7e-m/fpv4-sp/hard/libc_nano.a(lib_a-malloc.o) (_malloc_r)
/usr/local/gcc_arm/gcc-arm-none-eabi-6-2017-q1-update/bin/../lib/gcc/arm-none-eabi/6.3.1/../../../../arm-none-eabi/lib/thumb/v7e-m/fpv4-sp/hard/libc_nano.a(lib_a-printf.o)
                              _build/app_error.o (printf)
/usr/local/gcc_arm/gcc-arm-none-eabi-6-2017-q1-update/bin/../lib/gcc/arm-none-eabi/6.3.1/../../../../arm-none-eabi/lib/thumb/v7e-m/fpv4-sp/hard/libc_nano.a(lib_a-sbrkr.o)
                              /usr/local/gcc_arm/gcc-arm-none-eabi-6-2017-q1-update/bin/../lib/gcc/arm-none-eabi/6.3.1/../../../../arm-none-eabi/lib/thumb/v7e-m/fpv4-sp/hard/libc_nano.a(lib_a-nano-mallocr.o) (_sbrk_r)
/usr/local/gcc_arm/gcc-arm-none-eabi-6-2017-q1-update/bin/../lib/gcc/arm-none-eabi/6.3.1/../../../../arm-none-eabi/lib/thumb/v7e-m/fpv4-sp/hard/libc_nano.a(lib_a-sprintf.o)
                              _build/main.o (sprintf)
[...]
Memory Configuration

Name             Origin             Length             Attributes
FLASH            0x0000000000000000 0x0000000000080000 xr
RAM              0x0000000020000000 0x0000000000010000 xrw
*default*        0x0000000000000000 0xffffffffffffffff

Linker script and memory map


.text           0x0000000000000000     0xc1fc
 *(.isr_vector)
 .isr_vector    0x0000000000000000      0x400 _build/gcc_startup_nrf52.o
                0x0000000000000000                __isr_vector
 *(.text*)
 .text          0x0000000000000400       0x6c /usr/local/gcc_arm/gcc-arm-none-eabi-6-2017-q1-update/bin/../lib/gcc/arm-none-eabi/6.3.1/thumb/v7e-m/fpv4-sp/hard/crtbegin.o
 .text          0x000000000000046c       0x74 /usr/local/gcc_arm/gcc-arm-none-eabi-6-2017-q1-update/bin/../lib/gcc/arm-none-eabi/6.3.1/../../../../arm-none-eabi/lib/thumb/v7e-m/fpv4-sp/hard/crt0.o
                0x000000000000046c                _mainCRTStartup
                0x000000000000046c                _start
 .text.exit     0x00000000000004e0       0x28 /usr/local/gcc_arm/gcc-arm-none-eabi-6-2017-q1-update/bin/../lib/gcc/arm-none-eabi/6.3.1/../../../../arm-none-eabi/lib/thumb/v7e-m/fpv4-sp/hard/libc_nano.a(lib_a-exit.o)
                0x00000000000004e0                exit
 .text.__libc_init_array
                0x0000000000000508       0x48 /usr/local/gcc_arm/gcc-arm-none-eabi-6-2017-q1-update/bin/../lib/gcc/arm-none-eabi/6.3.1/../../../../arm-none-eabi/lib/thumb/v7e-m/fpv4-sp/hard/libc_nano.a(lib_a-init.o)
                0x0000000000000508                __libc_init_array
 .text.memset   0x0000000000000550       0x10 /usr/local/gcc_arm/gcc-arm-none-eabi-6-2017-q1-update/bin/../lib/gcc/arm-none-eabi/6.3.1/../../../../arm-none-eabi/lib/thumb/v7e-m/fpv4-sp/hard/libc_nano.a(lib_a-memset.o)
                0x0000000000000550                memset
 .text._exit    0x0000000000000560        0x4 /usr/local/gcc_arm/gcc-arm-none-eabi-6-2017-q1-update/bin/../lib/gcc/arm-none-eabi/6.3.1/../../../../arm-none-eabi/lib/thumb/v7e-m/fpv4-sp/hard/libnosys.a(_exit.o)
                0x0000000000000560                _exit
 .text.app_error_print
                0x0000000000000564       0xb4 _build/app_error.o
 .text.app_error_handler_bare
                0x0000000000000618       0x2c _build/app_error.o
                0x0000000000000618                app_error_handler_bare
 .text.app_error_print_info
                0x0000000000000644       0x38 _build/app_error.o
                0x0000000000000644                app_error_print_info
 .text.NVIC_SystemReset
                0x000000000000067c       0x28 _build/app_error_weak.o
 .text.app_error_fault_handler
                0x00000000000006a4       0x18 _build/app_error_weak.o
                0x00000000000006a4                app_error_fault_handler
 .text.NVIC_EnableIRQ
                0x00000000000006bc       0x34 _build/app_timer.o
 .text.NVIC_DisableIRQ
                0x00000000000006f0       0x34 _build/app_timer.o
 .text.NVIC_SetPendingIRQ
                0x0000000000000724       0x34 _build/app_timer.o
 .text.NVIC_ClearPendingIRQ
                0x0000000000000758       0x34 _build/app_timer.o
 .text.rtc1_start
                0x000000000000078c       0xc4 _build/app_timer.o
 .text.rtc1_stop
                0x0000000000000850      0x14c _build/app_timer.o
 .text.rtc1_counter_get
                0x000000000000099c       0x18 _build/app_timer.o
 .text.ticks_diff_get
                0x00000000000009b4       0x20 _build/app_timer.o
 .text.rtc1_compare0_set
                0x00000000000009d4       0x20 _build/app_timer.o
 .text.timer_list_insert
                0x00000000000009f4       0xb4 _build/app_timer.o
 .text.timer_list_remove
                0x0000000000000aa8       0xa8 _build/app_timer.o
 .text.timer_timeouts_check_sched
                0x0000000000000b50        0xe _build/app_timer.o
 .text.timer_list_handler_sched
                0x0000000000000b5e        0xe _build/app_timer.o
 .text.timeout_handler_exec
                0x0000000000000b6c       0x5c _build/app_timer.o
 .text.timer_timeouts_check
                0x0000000000000bc8       0xc8 _build/app_timer.o
 .text.elapsed_ticks_acquire
                0x0000000000000c90       0x80 _build/app_timer.o
 .text.list_deletions_handler
                0x0000000000000d10       0xc0 _build/app_timer.o
 .text.expired_timers_handler
                0x0000000000000dd0       0x9c _build/app_timer.o
 .text.list_insertions_handler
                0x0000000000000e6c      0x184 _build/app_timer.o
 .text.compare_reg_update
                0x0000000000000ff0      0x130 _build/app_timer.o
 .text.timer_list_handler
                0x0000000000001120       0x78 _build/app_timer.o
 .text.RTC1_IRQHandler
                0x0000000000001198       0x40 _build/app_timer.o
                0x0000000000001198                RTC1_IRQHandler
 .text.SWI0_EGU0_IRQHandler
                0x00000000000011d8        0xc _build/app_timer.o
                0x00000000000011d8                SWI0_EGU0_IRQHandler
 .text.log_rtt_init
                0x00000000000011e4       0x6c _build/nrf_log.o
                0x00000000000011e4                log_rtt_init
 .text.log_rtt_printf
                0x0000000000001250       0x2c _build/nrf_log.o
                0x0000000000001250                log_rtt_printf
 .text.nrf_delay_ms
                0x000000000000127c       0xa4 _build/nrf_delay.o
                0x000000000000127c                nrf_delay_ms
 .text.NVIC_EnableIRQ
                0x0000000000001320       0x34 _build/nrf_drv_common.o
 .text.NVIC_ClearPendingIRQ
                0x0000000000001354       0x34 _build/nrf_drv_common.o
 .text.NVIC_SetPriority
                0x0000000000001388       0x54 _build/nrf_drv_common.o
 .text.nrf_drv_common_irq_enable
                0x00000000000013dc       0x3a _build/nrf_drv_common.o
                0x00000000000013dc                nrf_drv_common_irq_enable
 .text.nrf_gpiote_event_is_set
                0x0000000000001416       0x28 _build/nrf_drv_gpiote.o
 .text.nrf_gpiote_event_clear
                0x000000000000143e       0x32 _build/nrf_drv_gpiote.o
 .text.nrf_gpiote_event_addr_get
                0x0000000000001470       0x20 _build/nrf_drv_gpiote.o
 .text.nrf_gpiote_int_enable
                0x0000000000001490       0x20 _build/nrf_drv_gpiote.o
 .text.nrf_gpiote_int_is_enabled
                0x00000000000014b0       0x24 _build/nrf_drv_gpiote.o
 .text.nrf_gpiote_event_enable
                0x00000000000014d4       0x34 _build/nrf_drv_gpiote.o
 .text.nrf_gpiote_event_configure
                0x0000000000001508       0x6c _build/nrf_drv_gpiote.o
 .text.nrf_gpiote_event_pin_get
                0x0000000000001574       0x2c _build/nrf_drv_gpiote.o
 .text.nrf_gpiote_event_polarity_get
                0x00000000000015a0       0x2c _build/nrf_drv_gpiote.o
 .text.nrf_gpio_cfg
                0x00000000000015cc       0x4e _build/nrf_drv_gpiote.o
 .text.nrf_gpio_cfg_input
                0x000000000000161a       0x2a _build/nrf_drv_gpiote.o
 .text.nrf_gpio_cfg_watcher
                0x0000000000001644       0x38 _build/nrf_drv_gpiote.o
 .text.nrf_gpio_cfg_sense_set
                0x000000000000167c       0x5a _build/nrf_drv_gpiote.o
 .text.nrf_gpio_pins_read
                0x00000000000016d6       0x16 _build/nrf_drv_gpiote.o
 .text.nrf_gpio_pin_sense_get
                0x00000000000016ec       0x2a _build/nrf_drv_gpiote.o
 *fill*         0x0000000000001716        0x2 
 .text.pin_in_use_by_te
                0x0000000000001718       0x44 _build/nrf_drv_gpiote.o
 .text.pin_in_use_by_port
                0x000000000000175c       0x30 _build/nrf_drv_gpiote.o
 .text.pin_in_use_by_gpiote
                0x000000000000178c       0x2c _build/nrf_drv_gpiote.o
 .text.pin_in_use_by_te_set
                0x00000000000017b8       0x58 _build/nrf_drv_gpiote.o
 .text.pin_in_use_clear
                0x0000000000001810       0x24 _build/nrf_drv_gpiote.o
 .text.channel_port_get
                0x0000000000001834       0x24 _build/nrf_drv_gpiote.o
 .text.channel_handler_get
                0x0000000000001858       0x20 _build/nrf_drv_gpiote.o
 .text.channel_port_alloc
                0x0000000000001878       0x74 _build/nrf_drv_gpiote.o
 .text.channel_free
                0x00000000000018ec       0x3c _build/nrf_drv_gpiote.o
 .text.nrf_drv_gpiote_init
                0x0000000000001928       0x70 _build/nrf_drv_gpiote.o
                0x0000000000001928                nrf_drv_gpiote_init
 .text.nrf_drv_gpiote_is_init
                0x0000000000001998       0x24 _build/nrf_drv_gpiote.o
                0x0000000000001998                nrf_drv_gpiote_is_init
 .text.nrf_drv_gpiote_in_init
                0x00000000000019bc       0xb4 _build/nrf_drv_gpiote.o
                0x00000000000019bc                nrf_drv_gpiote_in_init
 .text.nrf_drv_gpiote_in_event_enable
                0x0000000000001a70       0xd8 _build/nrf_drv_gpiote.o
                0x0000000000001a70                nrf_drv_gpiote_in_event_enable
 .text.GPIOTE_IRQHandler
                0x0000000000001b48      0x21c _build/nrf_drv_gpiote.o
                0x0000000000001b48                GPIOTE_IRQHandler
 .text.nrf_spi_event_clear
                0x0000000000001d64       0x22 _build/nrf_drv_spi.o
 .text.nrf_spi_event_check
                0x0000000000001d86       0x2a _build/nrf_drv_spi.o
 .text.nrf_spi_int_enable
                0x0000000000001db0       0x1e _build/nrf_drv_spi.o
 .text.nrf_spi_int_disable
                0x0000000000001dce       0x1e _build/nrf_drv_spi.o
 .text.nrf_spi_enable
                0x0000000000001dec       0x1c _build/nrf_drv_spi.o
 .text.nrf_spi_pins_set
                0x0000000000001e08       0x32 _build/nrf_drv_spi.o
 .text.nrf_spi_txd_set
                0x0000000000001e3a       0x20 _build/nrf_drv_spi.o
 .text.nrf_spi_rxd_get
                0x0000000000001e5a       0x1c _build/nrf_drv_spi.o
 .text.nrf_spi_frequency_set
                0x0000000000001e76       0x1e _build/nrf_drv_spi.o
 .text.nrf_spi_configure
                0x0000000000001e94       0x60 _build/nrf_drv_spi.o
 .text.nrf_gpio_cfg
                0x0000000000001ef4       0x4e _build/nrf_drv_spi.o
 .text.nrf_gpio_cfg_output
                0x0000000000001f42       0x24 _build/nrf_drv_spi.o
 .text.nrf_gpio_cfg_input
                0x0000000000001f66       0x2a _build/nrf_drv_spi.o
 .text.nrf_gpio_pin_set
                0x0000000000001f90       0x24 _build/nrf_drv_spi.o
 .text.nrf_gpio_pin_clear
                0x0000000000001fb4       0x24 _build/nrf_drv_spi.o
 .text.nrf_drv_spi_init
                0x0000000000001fd8      0x174 _build/nrf_drv_spi.o
                0x0000000000001fd8                nrf_drv_spi_init
 .text.nrf_drv_spi_transfer
                0x000000000000214c       0x3a _build/nrf_drv_spi.o
                0x000000000000214c                nrf_drv_spi_transfer
 .text.finish_transfer
                0x0000000000002186       0xba _build/nrf_drv_spi.o
 .text.transfer_byte
                0x0000000000002240       0xb0 _build/nrf_drv_spi.o
 .text.spi_xfer
                0x00000000000022f0       0xca _build/nrf_drv_spi.o
 *fill*         0x00000000000023ba        0x2 
 .text.nrf_drv_spi_xfer
                0x00000000000023bc       0xa0 _build/nrf_drv_spi.o
                0x00000000000023bc                nrf_drv_spi_xfer
 .text.irq_handler_spi
                0x000000000000245c       0x36 _build/nrf_drv_spi.o
 *fill*         0x0000000000002492        0x2 
 .text.SPIM0_SPIS0_TWIM0_TWIS0_SPI0_TWI0_IRQHandler
                0x0000000000002494       0x24 _build/nrf_drv_spi.o
                0x0000000000002494                SPIM0_SPIS0_TWIM0_TWIS0_SPI0_TWI0_IRQHandler
 .text.nrf_uart_event_clear
                0x00000000000024b8       0x22 _build/nrf_drv_uart.o
 .text.nrf_uart_event_check
                0x00000000000024da       0x2a _build/nrf_drv_uart.o
 .text.nrf_uart_int_enable_check
                0x0000000000002504       0x2a _build/nrf_drv_uart.o
 .text.nrf_uart_int_disable
                0x000000000000252e       0x1e _build/nrf_drv_uart.o
 .text.nrf_uart_errorsrc_get_and_clear
                0x000000000000254c       0x26 _build/nrf_drv_uart.o
 .text.nrf_uart_rxd_get
                0x0000000000002572       0x1c _build/nrf_drv_uart.o
 .text.nrf_uart_txd_set
                0x000000000000258e       0x20 _build/nrf_drv_uart.o
 .text.nrf_uart_task_trigger
                0x00000000000025ae       0x22 _build/nrf_drv_uart.o
 .text.nrf_uarte_event_clear
                0x00000000000025d0       0x22 _build/nrf_drv_uart.o
 .text.nrf_uarte_event_check
                0x00000000000025f2       0x2a _build/nrf_drv_uart.o
 .text.nrf_uarte_shorts_disable
                0x000000000000261c       0x28 _build/nrf_drv_uart.o
 .text.nrf_uarte_errorsrc_get_and_clear
                0x0000000000002644       0x26 _build/nrf_drv_uart.o
 .text.nrf_uarte_tx_amount_get
                0x000000000000266a       0x1a _build/nrf_drv_uart.o
 .text.nrf_uarte_rx_amount_get
                0x0000000000002684       0x1a _build/nrf_drv_uart.o
 *fill*         0x000000000000269e        0x2 
 .text.tx_byte  0x00000000000026a0       0x48 _build/nrf_drv_uart.o
 .text.rx_byte  0x00000000000026e8       0x58 _build/nrf_drv_uart.o
 .text.rx_done_event
                0x0000000000002740       0x34 _build/nrf_drv_uart.o
 .text.tx_done_event
                0x0000000000002774       0x3c _build/nrf_drv_uart.o
 .text.uart_irq_handler
                0x00000000000027b0      0x1c8 _build/nrf_drv_uart.o
 .text.uarte_irq_handler
                0x0000000000002978      0x158 _build/nrf_drv_uart.o
 .text.UARTE0_UART0_IRQHandler
                0x0000000000002ad0       0x20 _build/nrf_drv_uart.o
                0x0000000000002ad0                UARTE0_UART0_IRQHandler
 .text.nrf_gpio_cfg
                0x0000000000002af0       0x4e _build/main.o
 .text.nrf_gpio_cfg_output
                0x0000000000002b3e       0x24 _build/main.o
 .text.nrf_gpio_pin_set
                0x0000000000002b62       0x24 _build/main.o
 *fill*         0x0000000000002b86        0x2 
 .text.spi_event_handler
                0x0000000000002b88       0x20 _build/main.o
                0x0000000000002b88                spi_event_handler
 .text.main     0x0000000000002ba8      0x1d4 _build/main.o
                0x0000000000002ba8                main
 .text._write_r
                0x0000000000002d7c       0x24 _build/RTT_Syscalls_GCC.o
                0x0000000000002d7c                _write_r
 .text._DoInit  0x0000000000002da0       0x9c _build/SEGGER_RTT.o
 .text._WriteBlocking
                0x0000000000002e3c       0xb4 _build/SEGGER_RTT.o
 .text._WriteNoCheck
                0x0000000000002ef0       0x80 _build/SEGGER_RTT.o
 .text._GetAvailWriteSpace
                0x0000000000002f70       0x46 _build/SEGGER_RTT.o
 *fill*         0x0000000000002fb6        0x2 
 .text.SEGGER_RTT_WriteNoLock
                0x0000000000002fb8       0x9c _build/SEGGER_RTT.o
                0x0000000000002fb8                SEGGER_RTT_WriteNoLock
 .text.SEGGER_RTT_Write
                0x0000000000003054       0x48 _build/SEGGER_RTT.o
                0x0000000000003054                SEGGER_RTT_Write
 .text.SEGGER_RTT_ConfigUpBuffer
                0x000000000000309c       0xd4 _build/SEGGER_RTT.o
                0x000000000000309c                SEGGER_RTT_ConfigUpBuffer
 .text.SEGGER_RTT_ConfigDownBuffer
                0x0000000000003170       0xd4 _build/SEGGER_RTT.o
                0x0000000000003170                SEGGER_RTT_ConfigDownBuffer
 .text._StoreChar
                0x0000000000003244       0x7c _build/SEGGER_RTT_printf.o
 .text._PrintUnsigned
                0x00000000000032c0      0x158 _build/SEGGER_RTT_printf.o
 .text._PrintInt
                0x0000000000003418      0x14e _build/SEGGER_RTT_printf.o
 *fill*         0x0000000000003566        0x2 
 .text.SEGGER_RTT_vprintf
                0x0000000000003568      0x32c _build/SEGGER_RTT_printf.o
                0x0000000000003568                SEGGER_RTT_vprintf
 .text.NVIC_SystemReset
                0x0000000000003894       0x28 _build/system_nrf52.o
 .text.SystemCoreClockUpdate
                0x00000000000038bc       0x1c _build/system_nrf52.o
                0x00000000000038bc                SystemCoreClockUpdate
 .text.SystemInit
                0x00000000000038d8      0x258 _build/system_nrf52.o
                0x00000000000038d8                SystemInit
 .text.errata_16
                0x0000000000003b30       0x44 _build/system_nrf52.o
 .text.errata_31
                0x0000000000003b74       0x64 _build/system_nrf52.o
 .text.errata_32
                0x0000000000003bd8       0x44 _build/system_nrf52.o
 .text.errata_36
                0x0000000000003c1c       0x64 _build/system_nrf52.o
 .text.errata_37
                0x0000000000003c80       0x44 _build/system_nrf52.o
 .text.errata_57
                0x0000000000003cc4       0x44 _build/system_nrf52.o
 .text.errata_66
                0x0000000000003d08       0x44 _build/system_nrf52.o
 .text.nrf_gpio_pin_set
                0x0000000000003d4c       0x24 _build/nm_bus_wrapper_nrf52832.o
 .text.nrf_gpio_pin_clear
                0x0000000000003d70       0x24 _build/nm_bus_wrapper_nrf52832.o
 .text.spi_rw   0x0000000000003d94       0xfc _build/nm_bus_wrapper_nrf52832.o
 .text.nm_bus_init
                0x0000000000003e90       0x22 _build/nm_bus_wrapper_nrf52832.o
                0x0000000000003e90                nm_bus_init
 .text.nm_bus_ioctl
                0x0000000000003eb2       0x44 _build/nm_bus_wrapper_nrf52832.o
                0x0000000000003eb2                nm_bus_ioctl
 .text.nm_bus_deinit
                0x0000000000003ef6       0x1a _build/nm_bus_wrapper_nrf52832.o
                0x0000000000003ef6                nm_bus_deinit
 .text.nrf_gpio_pin_set
                0x0000000000003f10       0x24 _build/nm_bsp_nrf52832.o
 .text.nrf_gpio_pin_clear
                0x0000000000003f34       0x24 _build/nm_bsp_nrf52832.o
 .text.chip_isr
                0x0000000000003f58       0x1c _build/nm_bsp_nrf52832.o
 .text.init_chip_pins
                0x0000000000003f74        0xe _build/nm_bsp_nrf52832.o
 *fill*         0x0000000000003f82        0x2 
 .text.nm_bsp_init
                0x0000000000003f84       0x1c _build/nm_bsp_nrf52832.o
                0x0000000000003f84                nm_bsp_init
 .text.nm_bsp_reset
                0x0000000000003fa0       0x32 _build/nm_bsp_nrf52832.o
                0x0000000000003fa0                nm_bsp_reset
 .text.nm_bsp_sleep
                0x0000000000003fd2       0x16 _build/nm_bsp_nrf52832.o
                0x0000000000003fd2                nm_bsp_sleep
 .text.nm_bsp_register_isr
                0x0000000000003fe8       0x78 _build/nm_bsp_nrf52832.o
                0x0000000000003fe8                nm_bsp_register_isr
 .text.nm_bsp_interrupt_ctrl
                0x0000000000004060       0x2a _build/nm_bsp_nrf52832.o
                0x0000000000004060                nm_bsp_interrupt_ctrl
 *fill*         0x000000000000408a        0x2 
 .text.m2m_wifi_cb
                0x000000000000408c      0x304 _build/m2m_wifi.o
 .text.m2m_wifi_init
                0x0000000000004390       0x98 _build/m2m_wifi.o
                0x0000000000004390                m2m_wifi_init
 .text.m2m_wifi_handle_events
                0x0000000000004428       0x16 _build/m2m_wifi.o
                0x0000000000004428                m2m_wifi_handle_events
 .text.m2m_wifi_connect
                0x000000000000443e       0x30 _build/m2m_wifi.o
                0x000000000000443e                m2m_wifi_connect
 .text.m2m_wifi_connect_sc
                0x000000000000446e      0x258 _build/m2m_wifi.o
                0x000000000000446e                m2m_wifi_connect_sc
 *fill*         0x00000000000046c6        0x2 
 .text.isr      0x00000000000046c8       0x20 _build/m2m_hif.o
 .text.hif_set_rx_done
                0x00000000000046e8       0x56 _build/m2m_hif.o
 .text.m2m_hif_cb
                0x000000000000473e       0x1c _build/m2m_hif.o
 *fill*         0x000000000000475a        0x2 
 .text.hif_chip_wake
                0x000000000000475c       0x7c _build/m2m_hif.o
                0x000000000000475c                hif_chip_wake
 .text.hif_chip_sleep
                0x00000000000047d8       0xb0 _build/m2m_hif.o
                0x00000000000047d8                hif_chip_sleep
 .text.hif_init
                0x0000000000004888       0x5c _build/m2m_hif.o
                0x0000000000004888                hif_init
 .text.hif_send
                0x00000000000048e4      0x220 _build/m2m_hif.o
                0x00000000000048e4                hif_send
 .text.hif_isr  0x0000000000004b04      0x214 _build/m2m_hif.o
 .text.hif_handle_isr
                0x0000000000004d18       0x44 _build/m2m_hif.o
                0x0000000000004d18                hif_handle_isr
 .text.hif_receive
                0x0000000000004d5c      0x10c _build/m2m_hif.o
                0x0000000000004d5c                hif_receive
 .text.hif_register_cb
                0x0000000000004e68       0x9c _build/m2m_hif.o
                0x0000000000004e68                hif_register_cb
 .text.m2m_memcpy
                0x0000000000004f04       0x40 _build/nm_common.o
                0x0000000000004f04                m2m_memcpy
 .text.m2m_memset
                0x0000000000004f44       0x3a _build/nm_common.o
                0x0000000000004f44                m2m_memset
 .text.m2m_strlen
                0x0000000000004f7e       0x30 _build/nm_common.o
                0x0000000000004f7e                m2m_strlen
 *fill*         0x0000000000004fae        0x2 
 .text.nm_get_firmware_info
                0x0000000000004fb0      0x130 _build/nmdrv.o
                0x0000000000004fb0                nm_get_firmware_info
 .text.nm_drv_init
                0x00000000000050e0       0xac _build/nmdrv.o
                0x00000000000050e0                nm_drv_init
 .text.nm_drv_deinit
                0x000000000000518c       0x56 _build/nmdrv.o
                0x000000000000518c                nm_drv_deinit
 .text.chip_apply_conf
                0x00000000000051e2       0x58 _build/nmasic.o
                0x00000000000051e2                chip_apply_conf
 *fill*         0x000000000000523a        0x2 
 .text.nm_clkless_wake
                0x000000000000523c      0x13c _build/nmasic.o
                0x000000000000523c                nm_clkless_wake
 .text.enable_interrupts
                0x0000000000005378       0x98 _build/nmasic.o
                0x0000000000005378                enable_interrupts
 .text.nmi_get_chipid
                0x0000000000005410       0xe8 _build/nmasic.o
                0x0000000000005410                nmi_get_chipid
 .text.wait_for_bootrom
                0x00000000000054f8      0x100 _build/nmasic.o
                0x00000000000054f8                wait_for_bootrom
 .text.wait_for_firmware_start
                0x00000000000055f8       0x94 _build/nmasic.o
                0x00000000000055f8                wait_for_firmware_start
 .text.chip_deinit
                0x000000000000568c       0xa0 _build/nmasic.o
                0x000000000000568c                chip_deinit
 .text.nm_bus_iface_init
                0x000000000000572c       0x22 _build/nmbus.o
                0x000000000000572c                nm_bus_iface_init
 .text.nm_bus_iface_deinit
                0x000000000000574e       0x1e _build/nmbus.o
                0x000000000000574e                nm_bus_iface_deinit
 .text.nm_read_reg
                0x000000000000576c       0x18 _build/nmbus.o
                0x000000000000576c                nm_read_reg
 .text.nm_read_reg_with_ret
                0x0000000000005784       0x1c _build/nmbus.o
                0x0000000000005784                nm_read_reg_with_ret
 .text.nm_write_reg
                0x00000000000057a0       0x1c _build/nmbus.o
                0x00000000000057a0                nm_write_reg
 .text.p_nm_read_block
                0x00000000000057bc       0x24 _build/nmbus.o
 .text.nm_read_block
                0x00000000000057e0       0x94 _build/nmbus.o
                0x00000000000057e0                nm_read_block
 .text.p_nm_write_block
                0x0000000000005874       0x24 _build/nmbus.o
 .text.nm_write_block
                0x0000000000005898       0x94 _build/nmbus.o
                0x0000000000005898                nm_write_block
 .text.nmi_spi_read
                0x000000000000592c       0x2e _build/nmspi.o
 .text.nmi_spi_write
                0x000000000000595a       0x2e _build/nmspi.o
 .text.crc7_byte
                0x0000000000005988       0x2c _build/nmspi.o
 .text.crc7     0x00000000000059b4       0x3a _build/nmspi.o
 *fill*         0x00000000000059ee        0x2 
 .text.spi_cmd  0x00000000000059f0      0x22c _build/nmspi.o
 .text.spi_cmd_rsp
                0x0000000000005c1c       0xaa _build/nmspi.o
 *fill*         0x0000000000005cc6        0x2 
 .text.spi_data_read
                0x0000000000005cc8       0xf0 _build/nmspi.o
 .text.spi_data_write
                0x0000000000005db8       0xe8 _build/nmspi.o
 .text.spi_write_reg
                0x0000000000005ea0       0x80 _build/nmspi.o
 .text.nm_spi_write
                0x0000000000005f20       0x8c _build/nmspi.o
 .text.spi_read_reg
                0x0000000000005fac       0xc8 _build/nmspi.o
 .text.nm_spi_read
                0x0000000000006074       0x92 _build/nmspi.o
 .text.spi_init_pkt_sz
                0x0000000000006106       0x34 _build/nmspi.o
 *fill*         0x000000000000613a        0x2 
 .text.nm_spi_init
                0x000000000000613c       0xa4 _build/nmspi.o
                0x000000000000613c                nm_spi_init
 .text.nm_spi_deinit
                0x00000000000061e0       0x1c _build/nmspi.o
                0x00000000000061e0                nm_spi_deinit
 .text.nm_spi_read_reg
                0x00000000000061fc       0x1e _build/nmspi.o
                0x00000000000061fc                nm_spi_read_reg
 .text.nm_spi_read_reg_with_ret
                0x000000000000621a       0x34 _build/nmspi.o
                0x000000000000621a                nm_spi_read_reg_with_ret
 .text.nm_spi_write_reg
                0x000000000000624e       0x34 _build/nmspi.o
                0x000000000000624e                nm_spi_write_reg
 .text.nm_spi_read_block
                0x0000000000006282       0x3c _build/nmspi.o
                0x0000000000006282                nm_spi_read_block
 .text.nm_spi_write_block
                0x00000000000062be       0x3c _build/nmspi.o
                0x00000000000062be                nm_spi_write_block
 *fill*         0x00000000000062fa        0x2 
 .text.spi_flash_enter_low_power_mode
                0x00000000000062fc       0x6c _build/spi_flash.o
 .text.spi_flash_leave_low_power_mode
                0x0000000000006368       0x6c _build/spi_flash.o
 .text.spi_flash_enable
                0x00000000000063d4       0x9c _build/spi_flash.o
                0x00000000000063d4                spi_flash_enable
 .text._json_read_token
                0x0000000000006470       0xf2 _build/json.o
 *fill*         0x0000000000006562        0x2 
 .text._json_parse
                0x0000000000006564      0x3a8 _build/json.o
 .text.json_create
                0x000000000000690c       0x6a _build/json.o
                0x000000000000690c                json_create
 .text.json_find
                0x0000000000006976      0x164 _build/json.o
                0x0000000000006976                json_find
 *fill*         0x0000000000006ada        0x2 
 .text.http_client_get_config_defaults
                0x0000000000006adc       0x50 _build/http_client.o
                0x0000000000006adc                http_client_get_config_defaults
 .text.http_client_init
                0x0000000000006b2c       0x9c _build/http_client.o
                0x0000000000006b2c                http_client_init
 .text.http_client_register_callback
                0x0000000000006bc8       0x2a _build/http_client.o
                0x0000000000006bc8                http_client_register_callback
 *fill*         0x0000000000006bf2        0x2 
 .text._hwerr_to_stderr
                0x0000000000006bf4       0xb0 _build/http_client.o
 .text.http_client_socket_event_handler
                0x0000000000006ca4      0x10c _build/http_client.o
                0x0000000000006ca4                http_client_socket_event_handler
 .text.http_client_socket_resolve_handler
                0x0000000000006db0       0xa4 _build/http_client.o
                0x0000000000006db0                http_client_socket_resolve_handler
 .text._is_ip   0x0000000000006e54       0x76 _build/http_client.o
 *fill*         0x0000000000006eca        0x2 
 .text.http_client_send_request
                0x0000000000006ecc      0x2b8 _build/http_client.o
                0x0000000000006ecc                http_client_send_request
 .text._http_client_clear_conn
                0x0000000000007184       0xc4 _build/http_client.o
                0x0000000000007184                _http_client_clear_conn
 .text._http_client_send_wait
                0x0000000000007248       0xa8 _build/http_client.o
                0x0000000000007248                _http_client_send_wait
 .text._http_client_request
                0x00000000000072f0      0x64c _build/http_client.o
                0x00000000000072f0                _http_client_request
 .text._http_client_recv_packet
                0x000000000000793c       0x56 _build/http_client.o
                0x000000000000793c                _http_client_recv_packet
 .text._http_client_recved_packet
                0x0000000000007992       0x2c _build/http_client.o
                0x0000000000007992                _http_client_recved_packet
 .text._http_client_handle_response
                0x00000000000079be       0x36 _build/http_client.o
                0x00000000000079be                _http_client_handle_response
 .text._http_client_handle_header
                0x00000000000079f4      0x2a0 _build/http_client.o
                0x00000000000079f4                _http_client_handle_header
 .text._http_client_read_chuked_entity
                0x0000000000007c94      0x1e8 _build/http_client.o
 .text._http_client_handle_entity
                0x0000000000007e7c      0x168 _build/http_client.o
                0x0000000000007e7c                _http_client_handle_entity
 .text._http_client_move_buffer
                0x0000000000007fe4       0x48 _build/http_client.o
                0x0000000000007fe4                _http_client_move_buffer
 .text.stream_writer_init
                0x000000000000802c       0x38 _build/stream_writer.o
                0x000000000000802c                stream_writer_init
 .text.stream_writer_send_8
                0x0000000000008064       0x40 _build/stream_writer.o
                0x0000000000008064                stream_writer_send_8
 .text.stream_writer_send_buffer
                0x00000000000080a4       0x36 _build/stream_writer.o
                0x00000000000080a4                stream_writer_send_buffer
 .text.stream_writer_send_remain
                0x00000000000080da       0x30 _build/stream_writer.o
                0x00000000000080da                stream_writer_send_remain
 *fill*         0x000000000000810a        0x2 
 .text.Socket_ReadSocketData
                0x000000000000810c      0x118 _build/socket.o
                0x000000000000810c                Socket_ReadSocketData
 .text.m2m_ip_cb
                0x0000000000008224      0x40c _build/socket.o
 .text.socketInit
                0x0000000000008630       0x40 _build/socket.o
                0x0000000000008630                socketInit
 .text.registerSocketCallback
                0x0000000000008670       0x2c _build/socket.o
                0x0000000000008670                registerSocketCallback
 .text.socket   0x000000000000869c       0xf4 _build/socket.o
                0x000000000000869c                socket
 .text.connect  0x0000000000008790       0xcc _build/socket.o
                0x0000000000008790                connect
 .text.send     0x000000000000885c       0xec _build/socket.o
                0x000000000000885c                send
 .text.recv     0x0000000000008948      0x10c _build/socket.o
                0x0000000000008948                recv
 .text.close    0x0000000000008a54       0xd0 _build/socket.o
                0x0000000000008a54                close
 .text.nmi_inet_addr
                0x0000000000008b24       0xb0 _build/socket.o
                0x0000000000008b24                nmi_inet_addr
 .text.gethostbyname
                0x0000000000008bd4       0x58 _build/socket.o
                0x0000000000008bd4                gethostbyname
 .text.wifi_cb  0x0000000000008c2c      0x264 _build/wifi_settings.o
                0x0000000000008c2c                wifi_cb
 .text.wifi_connect
                0x0000000000008e90       0xd4 _build/wifi_settings.o
                0x0000000000008e90                wifi_connect
 .text.http_client_callback
                0x0000000000008f64       0xf4 _build/http_settings.o
                0x0000000000008f64                http_client_callback
 .text.socket_event_handler
                0x0000000000009058       0x26 _build/http_settings.o
                0x0000000000009058                socket_event_handler
 .text.socket_resolve_handler
                0x000000000000907e       0x1a _build/http_settings.o
                0x000000000000907e                socket_resolve_handler
 .text.configure_http_client
                0x0000000000009098       0x5c _build/http_settings.o
                0x0000000000009098                configure_http_client
 .text.http_get_contents_type
                0x00000000000090f4       0x1c _build/http_settings.o
                0x00000000000090f4                http_get_contents_type
 .text.http_get_contents_length
                0x0000000000009110       0x18 _build/http_settings.o
                0x0000000000009110                http_get_contents_length
 .text.http_read
                0x0000000000009128       0x38 _build/http_settings.o
                0x0000000000009128                http_read
 .text.http_close
                0x0000000000009160       0x14 _build/http_settings.o
                0x0000000000009160                http_close
 .text.http_set_default_entity
                0x0000000000009174       0x4c _build/http_settings.o
                0x0000000000009174                http_set_default_entity
 .text          0x00000000000091c0       0x3c _build/gcc_startup_nrf52.o
                0x00000000000091c0                Reset_Handler
                0x00000000000091e8                NMI_Handler
                0x00000000000091ea                HardFault_Handler
                0x00000000000091ec                MemoryManagement_Handler
                0x00000000000091ee                BusFault_Handler
                0x00000000000091f0                UsageFault_Handler
                0x00000000000091f2                SVC_Handler
                0x00000000000091f4                DebugMonitor_Handler
                0x00000000000091f6                PendSV_Handler
                0x00000000000091f8                SysTick_Handler
                0x00000000000091fa                FPU_IRQHandler
                0x00000000000091fa                TIMER4_IRQHandler
                0x00000000000091fa                I2S_IRQHandler
                0x00000000000091fa                SWI4_EGU4_IRQHandler
                0x00000000000091fa                TIMER0_IRQHandler
                0x00000000000091fa                TIMER1_IRQHandler
                0x00000000000091fa                PWM2_IRQHandler
                0x00000000000091fa                ECB_IRQHandler
                0x00000000000091fa                SPIM1_SPIS1_TWIM1_TWIS1_SPI1_TWI1_IRQHandler
                0x00000000000091fa                Default_Handler
                0x00000000000091fa                SAADC_IRQHandler
                0x00000000000091fa                CCM_AAR_IRQHandler
                0x00000000000091fa                WDT_IRQHandler
                0x00000000000091fa                SWI5_EGU5_IRQHandler
                0x00000000000091fa                RNG_IRQHandler
                0x00000000000091fa                RTC2_IRQHandler
                0x00000000000091fa                PWM0_IRQHandler
                0x00000000000091fa                SWI3_EGU3_IRQHandler
                0x00000000000091fa                SWI1_EGU1_IRQHandler
                0x00000000000091fa                SPIM2_SPIS2_SPI2_IRQHandler
                0x00000000000091fa                NFCT_IRQHandler
                0x00000000000091fa                MWU_IRQHandler
                0x00000000000091fa                TIMER2_IRQHandler
                0x00000000000091fa                COMP_LPCOMP_IRQHandler
                0x00000000000091fa                RTC0_IRQHandler
                0x00000000000091fa                SWI2_EGU2_IRQHandler
                0x00000000000091fa                PWM1_IRQHandler
                0x00000000000091fa                POWER_CLOCK_IRQHandler
                0x00000000000091fa                RADIO_IRQHandler
                0x00000000000091fa                PDM_IRQHandler
                0x00000000000091fa                TEMP_IRQHandler
                0x00000000000091fa                QDEC_IRQHandler
                0x00000000000091fa                TIMER3_IRQHandler
 .text          0x00000000000091fc      0x370 /usr/local/gcc_arm/gcc-arm-none-eabi-6-2017-q1-update/bin/../lib/gcc/arm-none-eabi/6.3.1/thumb/v7e-m/fpv4-sp/hard/libgcc.a(_arm_addsubdf3.o)
                0x00000000000091fc                __aeabi_drsub
                0x0000000000009204                __subdf3
                0x0000000000009204                __aeabi_dsub
                0x0000000000009208                __aeabi_dadd
                0x0000000000009208                __adddf3
                0x0000000000009480                __aeabi_ui2d
                0x0000000000009480                __floatunsidf
                0x00000000000094a0                __floatsidf
                0x00000000000094a0                __aeabi_i2d
                0x00000000000094c4                __extendsfdf2
                0x00000000000094c4                __aeabi_f2d
                0x0000000000009500                __aeabi_ul2d
                0x0000000000009500                __floatundidf
                0x0000000000009510                __aeabi_l2d
                0x0000000000009510                __floatdidf
 .text          0x000000000000956c      0x424 /usr/local/gcc_arm/gcc-arm-none-eabi-6-2017-q1-update/bin/../lib/gcc/arm-none-eabi/6.3.1/thumb/v7e-m/fpv4-sp/hard/libgcc.a(_arm_muldivdf3.o)
                0x000000000000956c                __aeabi_dmul
                0x000000000000956c                __muldf3
                0x00000000000097c0                __aeabi_ddiv
                0x00000000000097c0                __divdf3
 .text.atoi     0x0000000000009990        0x8 /usr/local/gcc_arm/gcc-arm-none-eabi-6-2017-q1-update/bin/../lib/gcc/arm-none-eabi/6.3.1/../../../../arm-none-eabi/lib/thumb/v7e-m/fpv4-sp/hard/libc_nano.a(lib_a-atoi.o)
                0x0000000000009990                atoi
 .text.malloc   0x0000000000009998       0x10 /usr/local/gcc_arm/gcc-arm-none-eabi-6-2017-q1-update/bin/../lib/gcc/arm-none-eabi/6.3.1/../../../../arm-none-eabi/lib/thumb/v7e-m/fpv4-sp/hard/libc_nano.a(lib_a-malloc.o)
                0x0000000000009998                malloc
 .text.free     0x00000000000099a8       0x10 /usr/local/gcc_arm/gcc-arm-none-eabi-6-2017-q1-update/bin/../lib/gcc/arm-none-eabi/6.3.1/../../../../arm-none-eabi/lib/thumb/v7e-m/fpv4-sp/hard/libc_nano.a(lib_a-malloc.o)
                0x00000000000099a8                free
 .text.memcpy   0x00000000000099b8       0x16 /usr/local/gcc_arm/gcc-arm-none-eabi-6-2017-q1-update/bin/../lib/gcc/arm-none-eabi/6.3.1/../../../../arm-none-eabi/lib/thumb/v7e-m/fpv4-sp/hard/libc_nano.a(lib_a-memcpy-stub.o)
                0x00000000000099b8                memcpy
 .text.memmove  0x00000000000099ce       0x34 /usr/local/gcc_arm/gcc-arm-none-eabi-6-2017-q1-update/bin/../lib/gcc/arm-none-eabi/6.3.1/../../../../arm-none-eabi/lib/thumb/v7e-m/fpv4-sp/hard/libc_nano.a(lib_a-memmove.o)
                0x00000000000099ce                memmove
 *fill*         0x0000000000009a02        0x2 
 .text._free_r  0x0000000000009a04       0x9c /usr/local/gcc_arm/gcc-arm-none-eabi-6-2017-q1-update/bin/../lib/gcc/arm-none-eabi/6.3.1/../../../../arm-none-eabi/lib/thumb/v7e-m/fpv4-sp/hard/libc_nano.a(lib_a-nano-freer.o)
                0x0000000000009a04                _free_r
 .text._malloc_r
                0x0000000000009aa0       0xbc /usr/local/gcc_arm/gcc-arm-none-eabi-6-2017-q1-update/bin/../lib/gcc/arm-none-eabi/6.3.1/../../../../arm-none-eabi/lib/thumb/v7e-m/fpv4-sp/hard/libc_nano.a(lib_a-nano-mallocr.o)
                0x0000000000009aa0                _malloc_r
 .text.printf   0x0000000000009b5c       0x30 /usr/local/gcc_arm/gcc-arm-none-eabi-6-2017-q1-update/bin/../lib/gcc/arm-none-eabi/6.3.1/../../../../arm-none-eabi/lib/thumb/v7e-m/fpv4-sp/hard/libc_nano.a(lib_a-printf.o)
                0x0000000000009b5c                printf
                0x0000000000009b5c                iprintf
 .text._sbrk_r  0x0000000000009b8c       0x20 /usr/local/gcc_arm/gcc-arm-none-eabi-6-2017-q1-update/bin/../lib/gcc/arm-none-eabi/6.3.1/../../../../arm-none-eabi/lib/thumb/v7e-m/fpv4-sp/hard/libc_nano.a(lib_a-sbrkr.o)
                0x0000000000009b8c                _sbrk_r
 .text.sprintf  0x0000000000009bac       0x48 /usr/local/gcc_arm/gcc-arm-none-eabi-6-2017-q1-update/bin/../lib/gcc/arm-none-eabi/6.3.1/../../../../arm-none-eabi/lib/thumb/v7e-m/fpv4-sp/hard/libc_nano.a(lib_a-sprintf.o)
                0x0000000000009bac                sprintf
                0x0000000000009bac                siprintf
 .text          0x0000000000009bf4       0x14 /usr/local/gcc_arm/gcc-arm-none-eabi-6-2017-q1-update/bin/../lib/gcc/arm-none-eabi/6.3.1/../../../../arm-none-eabi/lib/thumb/v7e-m/fpv4-sp/hard/libc_nano.a(lib_a-strcmp.o)
                0x0000000000009bf4                strcmp
 .text.strcpy   0x0000000000009c08       0x10 /usr/local/gcc_arm/gcc-arm-none-eabi-6-2017-q1-update/bin/../lib/gcc/arm-none-eabi/6.3.1/../../../../arm-none-eabi/lib/thumb/v7e-m/fpv4-sp/hard/libc_nano.a(lib_a-strcpy.o)
                0x0000000000009c08                strcpy
 .text.strdup   0x0000000000009c18       0x10 /usr/local/gcc_arm/gcc-arm-none-eabi-6-2017-q1-update/bin/../lib/gcc/arm-none-eabi/6.3.1/../../../../arm-none-eabi/lib/thumb/v7e-m/fpv4-sp/hard/libc_nano.a(lib_a-strdup.o)
                0x0000000000009c18                strdup
 .text._strdup_r
                0x0000000000009c28       0x26 /usr/local/gcc_arm/gcc-arm-none-eabi-6-2017-q1-update/bin/../lib/gcc/arm-none-eabi/6.3.1/../../../../arm-none-eabi/lib/thumb/v7e-m/fpv4-sp/hard/libc_nano.a(lib_a-strdup_r.o)
                0x0000000000009c28                _strdup_r
 *fill*         0x0000000000009c4e        0x2 
 .text._strerror_r
                0x0000000000009c50      0x3cc /usr/local/gcc_arm/gcc-arm-none-eabi-6-2017-q1-update/bin/../lib/gcc/arm-none-eabi/6.3.1/../../../../arm-none-eabi/lib/thumb/v7e-m/fpv4-sp/hard/libc_nano.a(lib_a-strerror.o)
                0x0000000000009c50                _strerror_r
 .text.strerror
                0x000000000000a01c       0x14 /usr/local/gcc_arm/gcc-arm-none-eabi-6-2017-q1-update/bin/../lib/gcc/arm-none-eabi/6.3.1/../../../../arm-none-eabi/lib/thumb/v7e-m/fpv4-sp/hard/libc_nano.a(lib_a-strerror.o)
                0x000000000000a01c                strerror
 .text          0x000000000000a030       0x10 /usr/local/gcc_arm/gcc-arm-none-eabi-6-2017-q1-update/bin/../lib/gcc/arm-none-eabi/6.3.1/../../../../arm-none-eabi/lib/thumb/v7e-m/fpv4-sp/hard/libc_nano.a(lib_a-strlen.o)
                0x000000000000a030                strlen
 .text.strncmp  0x000000000000a040       0x24 /usr/local/gcc_arm/gcc-arm-none-eabi-6-2017-q1-update/bin/../lib/gcc/arm-none-eabi/6.3.1/../../../../arm-none-eabi/lib/thumb/v7e-m/fpv4-sp/hard/libc_nano.a(lib_a-strncmp.o)
                0x000000000000a040                strncmp
 .text.strstr   0x000000000000a064       0x36 /usr/local/gcc_arm/gcc-arm-none-eabi-6-2017-q1-update/bin/../lib/gcc/arm-none-eabi/6.3.1/../../../../arm-none-eabi/lib/thumb/v7e-m/fpv4-sp/hard/libc_nano.a(lib_a-strstr.o)
                0x000000000000a064                strstr
 .text._strtol_l.isra.0
                0x000000000000a09a      0x100 /usr/local/gcc_arm/gcc-arm-none-eabi-6-2017-q1-update/bin/../lib/gcc/arm-none-eabi/6.3.1/../../../../arm-none-eabi/lib/thumb/v7e-m/fpv4-sp/hard/libc_nano.a(lib_a-strtol.o)
 *fill*         0x000000000000a19a        0x2 
 .text.strtol   0x000000000000a19c       0x2c /usr/local/gcc_arm/gcc-arm-none-eabi-6-2017-q1-update/bin/../lib/gcc/arm-none-eabi/6.3.1/../../../../arm-none-eabi/lib/thumb/v7e-m/fpv4-sp/hard/libc_nano.a(lib_a-strtol.o)
                0x000000000000a19c                strtol
 .text._user_strerror
                0x000000000000a1c8        0x4 /usr/local/gcc_arm/gcc-arm-none-eabi-6-2017-q1-update/bin/../lib/gcc/arm-none-eabi/6.3.1/../../../../arm-none-eabi/lib/thumb/v7e-m/fpv4-sp/hard/libc_nano.a(lib_a-u_strerr.o)
                0x000000000000a1c8                _user_strerror
 .text._cleanup_r
                0x000000000000a1cc        0xc /usr/local/gcc_arm/gcc-arm-none-eabi-6-2017-q1-update/bin/../lib/gcc/arm-none-eabi/6.3.1/../../../../arm-none-eabi/lib/thumb/v7e-m/fpv4-sp/hard/libc_nano.a(lib_a-findfp.o)
                0x000000000000a1cc                _cleanup_r
 .text.std.isra.0
                0x000000000000a1d8       0x48 /usr/local/gcc_arm/gcc-arm-none-eabi-6-2017-q1-update/bin/../lib/gcc/arm-none-eabi/6.3.1/../../../../arm-none-eabi/lib/thumb/v7e-m/fpv4-sp/hard/libc_nano.a(lib_a-findfp.o)
 .text.__sfmoreglue
                0x000000000000a220       0x2c /usr/local/gcc_arm/gcc-arm-none-eabi-6-2017-q1-update/bin/../lib/gcc/arm-none-eabi/6.3.1/../../../../arm-none-eabi/lib/thumb/v7e-m/fpv4-sp/hard/libc_nano.a(lib_a-findfp.o)
                0x000000000000a220                __sfmoreglue
 .text.__sinit  0x000000000000a24c       0x60 /usr/local/gcc_arm/gcc-arm-none-eabi-6-2017-q1-update/bin/../lib/gcc/arm-none-eabi/6.3.1/../../../../arm-none-eabi/lib/thumb/v7e-m/fpv4-sp/hard/libc_nano.a(lib_a-findfp.o)
                0x000000000000a24c                __sinit
 .text.__sfp    0x000000000000a2ac       0x78 /usr/local/gcc_arm/gcc-arm-none-eabi-6-2017-q1-update/bin/../lib/gcc/arm-none-eabi/6.3.1/../../../../arm-none-eabi/lib/thumb/v7e-m/fpv4-sp/hard/libc_nano.a(lib_a-findfp.o)
                0x000000000000a2ac                __sfp
 .text._fwalk_reent
                0x000000000000a324       0x3c /usr/local/gcc_arm/gcc-arm-none-eabi-6-2017-q1-update/bin/../lib/gcc/arm-none-eabi/6.3.1/../../../../arm-none-eabi/lib/thumb/v7e-m/fpv4-sp/hard/libc_nano.a(lib_a-fwalk.o)
                0x000000000000a324                _fwalk_reent
 .text.__locale_ctype_ptr_l
                0x000000000000a360        0x6 /usr/local/gcc_arm/gcc-arm-none-eabi-6-2017-q1-update/bin/../lib/gcc/arm-none-eabi/6.3.1/../../../../arm-none-eabi/lib/thumb/v7e-m/fpv4-sp/hard/libc_nano.a(lib_a-locale.o)
                0x000000000000a360                __locale_ctype_ptr_l
 .text.__ascii_mbtowc
                0x000000000000a366       0x24 /usr/local/gcc_arm/gcc-arm-none-eabi-6-2017-q1-update/bin/../lib/gcc/arm-none-eabi/6.3.1/../../../../arm-none-eabi/lib/thumb/v7e-m/fpv4-sp/hard/libc_nano.a(lib_a-mbtowc_r.o)
                0x000000000000a366                __ascii_mbtowc
 .text.__malloc_lock
                0x000000000000a38a        0x2 /usr/local/gcc_arm/gcc-arm-none-eabi-6-2017-q1-update/bin/../lib/gcc/arm-none-eabi/6.3.1/../../../../arm-none-eabi/lib/thumb/v7e-m/fpv4-sp/hard/libc_nano.a(lib_a-mlock.o)
                0x000000000000a38a                __malloc_lock
 .text.__malloc_unlock
                0x000000000000a38c        0x2 /usr/local/gcc_arm/gcc-arm-none-eabi-6-2017-q1-update/bin/../lib/gcc/arm-none-eabi/6.3.1/../../../../arm-none-eabi/lib/thumb/v7e-m/fpv4-sp/hard/libc_nano.a(lib_a-mlock.o)
                0x000000000000a38c                __malloc_unlock
 .text.__ssputs_r
                0x000000000000a38e       0xb6 /usr/local/gcc_arm/gcc-arm-none-eabi-6-2017-q1-update/bin/../lib/gcc/arm-none-eabi/6.3.1/../../../../arm-none-eabi/lib/thumb/v7e-m/fpv4-sp/hard/libc_nano.a(lib_a-nano-svfprintf.o)
                0x000000000000a38e                __ssputs_r
 .text._svfprintf_r
                0x000000000000a444      0x1e8 /usr/local/gcc_arm/gcc-arm-none-eabi-6-2017-q1-update/bin/../lib/gcc/arm-none-eabi/6.3.1/../../../../arm-none-eabi/lib/thumb/v7e-m/fpv4-sp/hard/libc_nano.a(lib_a-nano-svfprintf.o)
                0x000000000000a444                _svfprintf_r
                0x000000000000a444                _svfiprintf_r
 .text.__sfputc_r
                0x000000000000a62c       0x30 /usr/local/gcc_arm/gcc-arm-none-eabi-6-2017-q1-update/bin/../lib/gcc/arm-none-eabi/6.3.1/../../../../arm-none-eabi/lib/thumb/v7e-m/fpv4-sp/hard/libc_nano.a(lib_a-nano-vfprintf.o)
 .text.__sfputs_r
                0x000000000000a65c       0x24 /usr/local/gcc_arm/gcc-arm-none-eabi-6-2017-q1-update/bin/../lib/gcc/arm-none-eabi/6.3.1/../../../../arm-none-eabi/lib/thumb/v7e-m/fpv4-sp/hard/libc_nano.a(lib_a-nano-vfprintf.o)
                0x000000000000a65c                __sfputs_r
 .text._vfprintf_r
                0x000000000000a680      0x22c /usr/local/gcc_arm/gcc-arm-none-eabi-6-2017-q1-update/bin/../lib/gcc/arm-none-eabi/6.3.1/../../../../arm-none-eabi/lib/thumb/v7e-m/fpv4-sp/hard/libc_nano.a(lib_a-nano-vfprintf.o)
                0x000000000000a680                _vfiprintf_r
                0x000000000000a680                _vfprintf_r
 .text._printf_common
                0x000000000000a8ac       0xec /usr/local/gcc_arm/gcc-arm-none-eabi-6-2017-q1-update/bin/../lib/gcc/arm-none-eabi/6.3.1/../../../../arm-none-eabi/lib/thumb/v7e-m/fpv4-sp/hard/libc_nano.a(lib_a-nano-vfprintf_i.o)
                0x000000000000a8ac                _printf_common
 .text._printf_i
                0x000000000000a998      0x240 /usr/local/gcc_arm/gcc-arm-none-eabi-6-2017-q1-update/bin/../lib/gcc/arm-none-eabi/6.3.1/../../../../arm-none-eabi/lib/thumb/v7e-m/fpv4-sp/hard/libc_nano.a(lib_a-nano-vfprintf_i.o)
                0x000000000000a998                _printf_i
 .text.__sread  0x000000000000abd8       0x22 /usr/local/gcc_arm/gcc-arm-none-eabi-6-2017-q1-update/bin/../lib/gcc/arm-none-eabi/6.3.1/../../../../arm-none-eabi/lib/thumb/v7e-m/fpv4-sp/hard/libc_nano.a(lib_a-stdio.o)
                0x000000000000abd8                __sread
 .text.__swrite
                0x000000000000abfa       0x38 /usr/local/gcc_arm/gcc-arm-none-eabi-6-2017-q1-update/bin/../lib/gcc/arm-none-eabi/6.3.1/../../../../arm-none-eabi/lib/thumb/v7e-m/fpv4-sp/hard/libc_nano.a(lib_a-stdio.o)
                0x000000000000abfa                __swrite
 .text.__sseek  0x000000000000ac32       0x24 /usr/local/gcc_arm/gcc-arm-none-eabi-6-2017-q1-update/bin/../lib/gcc/arm-none-eabi/6.3.1/../../../../arm-none-eabi/lib/thumb/v7e-m/fpv4-sp/hard/libc_nano.a(lib_a-stdio.o)
                0x000000000000ac32                __sseek
 .text.__sclose
                0x000000000000ac56        0x8 /usr/local/gcc_arm/gcc-arm-none-eabi-6-2017-q1-update/bin/../lib/gcc/arm-none-eabi/6.3.1/../../../../arm-none-eabi/lib/thumb/v7e-m/fpv4-sp/hard/libc_nano.a(lib_a-stdio.o)
                0x000000000000ac56                __sclose
 *fill*         0x000000000000ac5e        0x2 
 .text.__swbuf_r
                0x000000000000ac60       0xa4 /usr/local/gcc_arm/gcc-arm-none-eabi-6-2017-q1-update/bin/../lib/gcc/arm-none-eabi/6.3.1/../../../../arm-none-eabi/lib/thumb/v7e-m/fpv4-sp/hard/libc_nano.a(lib_a-wbuf.o)
                0x000000000000ac60                __swbuf_r
 .text.__ascii_wctomb
                0x000000000000ad04       0x1a /usr/local/gcc_arm/gcc-arm-none-eabi-6-2017-q1-update/bin/../lib/gcc/arm-none-eabi/6.3.1/../../../../arm-none-eabi/lib/thumb/v7e-m/fpv4-sp/hard/libc_nano.a(lib_a-wctomb_r.o)
                0x000000000000ad04                __ascii_wctomb
 *fill*         0x000000000000ad1e        0x2 
 .text.__swsetup_r
                0x000000000000ad20       0xdc /usr/local/gcc_arm/gcc-arm-none-eabi-6-2017-q1-update/bin/../lib/gcc/arm-none-eabi/6.3.1/../../../../arm-none-eabi/lib/thumb/v7e-m/fpv4-sp/hard/libc_nano.a(lib_a-wsetup.o)
                0x000000000000ad20                __swsetup_r
 .text._close_r
                0x000000000000adfc       0x20 /usr/local/gcc_arm/gcc-arm-none-eabi-6-2017-q1-update/bin/../lib/gcc/arm-none-eabi/6.3.1/../../../../arm-none-eabi/lib/thumb/v7e-m/fpv4-sp/hard/libc_nano.a(lib_a-closer.o)
                0x000000000000adfc                _close_r
 .text.__sflush_r
                0x000000000000ae1c      0x110 /usr/local/gcc_arm/gcc-arm-none-eabi-6-2017-q1-update/bin/../lib/gcc/arm-none-eabi/6.3.1/../../../../arm-none-eabi/lib/thumb/v7e-m/fpv4-sp/hard/libc_nano.a(lib_a-fflush.o)
                0x000000000000ae1c                __sflush_r
 .text._fflush_r
                0x000000000000af2c       0x54 /usr/local/gcc_arm/gcc-arm-none-eabi-6-2017-q1-update/bin/../lib/gcc/arm-none-eabi/6.3.1/../../../../arm-none-eabi/lib/thumb/v7e-m/fpv4-sp/hard/libc_nano.a(lib_a-fflush.o)
                0x000000000000af2c                _fflush_r
 .text._lseek_r
                0x000000000000af80       0x24 /usr/local/gcc_arm/gcc-arm-none-eabi-6-2017-q1-update/bin/../lib/gcc/arm-none-eabi/6.3.1/../../../../arm-none-eabi/lib/thumb/v7e-m/fpv4-sp/hard/libc_nano.a(lib_a-lseekr.o)
                0x000000000000af80                _lseek_r
 .text.__swhatbuf_r
                0x000000000000afa4       0x48 /usr/local/gcc_arm/gcc-arm-none-eabi-6-2017-q1-update/bin/../lib/gcc/arm-none-eabi/6.3.1/../../../../arm-none-eabi/lib/thumb/v7e-m/fpv4-sp/hard/libc_nano.a(lib_a-makebuf.o)
                0x000000000000afa4                __swhatbuf_r
 .text.__smakebuf_r
                0x000000000000afec       0x80 /usr/local/gcc_arm/gcc-arm-none-eabi-6-2017-q1-update/bin/../lib/gcc/arm-none-eabi/6.3.1/../../../../arm-none-eabi/lib/thumb/v7e-m/fpv4-sp/hard/libc_nano.a(lib_a-makebuf.o)
                0x000000000000afec                __smakebuf_r
 *fill*         0x000000000000b06c        0x4 
 .text          0x000000000000b070       0xa0 /usr/local/gcc_arm/gcc-arm-none-eabi-6-2017-q1-update/bin/../lib/gcc/arm-none-eabi/6.3.1/../../../../arm-none-eabi/lib/thumb/v7e-m/fpv4-sp/hard/libc_nano.a(lib_a-memchr.o)
                0x000000000000b070                memchr
 .text._realloc_r
                0x000000000000b110       0x4c /usr/local/gcc_arm/gcc-arm-none-eabi-6-2017-q1-update/bin/../lib/gcc/arm-none-eabi/6.3.1/../../../../arm-none-eabi/lib/thumb/v7e-m/fpv4-sp/hard/libc_nano.a(lib_a-nano-reallocr.o)
                0x000000000000b110                _realloc_r
 .text._read_r  0x000000000000b15c       0x24 /usr/local/gcc_arm/gcc-arm-none-eabi-6-2017-q1-update/bin/../lib/gcc/arm-none-eabi/6.3.1/../../../../arm-none-eabi/lib/thumb/v7e-m/fpv4-sp/hard/libc_nano.a(lib_a-readr.o)
                0x000000000000b15c                _read_r
 .text._fstat_r
                0x000000000000b180       0x24 /usr/local/gcc_arm/gcc-arm-none-eabi-6-2017-q1-update/bin/../lib/gcc/arm-none-eabi/6.3.1/../../../../arm-none-eabi/lib/thumb/v7e-m/fpv4-sp/hard/libc_nano.a(lib_a-fstatr.o)
                0x000000000000b180                _fstat_r
 .text._isatty_r
                0x000000000000b1a4       0x20 /usr/local/gcc_arm/gcc-arm-none-eabi-6-2017-q1-update/bin/../lib/gcc/arm-none-eabi/6.3.1/../../../../arm-none-eabi/lib/thumb/v7e-m/fpv4-sp/hard/libc_nano.a(lib_a-isattyr.o)
                0x000000000000b1a4                _isatty_r
 .text._malloc_usable_size_r
                0x000000000000b1c4       0x12 /usr/local/gcc_arm/gcc-arm-none-eabi-6-2017-q1-update/bin/../lib/gcc/arm-none-eabi/6.3.1/../../../../arm-none-eabi/lib/thumb/v7e-m/fpv4-sp/hard/libc_nano.a(lib_a-nano-msizer.o)
                0x000000000000b1c4                _malloc_usable_size_r
 *fill*         0x000000000000b1d6        0x2 
 .text._close   0x000000000000b1d8       0x10 /usr/local/gcc_arm/gcc-arm-none-eabi-6-2017-q1-update/bin/../lib/gcc/arm-none-eabi/6.3.1/../../../../arm-none-eabi/lib/thumb/v7e-m/fpv4-sp/hard/libnosys.a(close.o)
                0x000000000000b1d8                _close
 .text._fstat   0x000000000000b1e8       0x10 /usr/local/gcc_arm/gcc-arm-none-eabi-6-2017-q1-update/bin/../lib/gcc/arm-none-eabi/6.3.1/../../../../arm-none-eabi/lib/thumb/v7e-m/fpv4-sp/hard/libnosys.a(fstat.o)
                0x000000000000b1e8                _fstat
 .text._isatty  0x000000000000b1f8       0x10 /usr/local/gcc_arm/gcc-arm-none-eabi-6-2017-q1-update/bin/../lib/gcc/arm-none-eabi/6.3.1/../../../../arm-none-eabi/lib/thumb/v7e-m/fpv4-sp/hard/libnosys.a(isatty.o)
                0x000000000000b1f8                _isatty
 .text._lseek   0x000000000000b208       0x10 /usr/local/gcc_arm/gcc-arm-none-eabi-6-2017-q1-update/bin/../lib/gcc/arm-none-eabi/6.3.1/../../../../arm-none-eabi/lib/thumb/v7e-m/fpv4-sp/hard/libnosys.a(lseek.o)
                0x000000000000b208                _lseek
 .text._read    0x000000000000b218       0x10 /usr/local/gcc_arm/gcc-arm-none-eabi-6-2017-q1-update/bin/../lib/gcc/arm-none-eabi/6.3.1/../../../../arm-none-eabi/lib/thumb/v7e-m/fpv4-sp/hard/libnosys.a(read.o)
                0x000000000000b218                _read
 .text._sbrk    0x000000000000b228       0x1c /usr/local/gcc_arm/gcc-arm-none-eabi-6-2017-q1-update/bin/../lib/gcc/arm-none-eabi/6.3.1/../../../../arm-none-eabi/lib/thumb/v7e-m/fpv4-sp/hard/libnosys.a(sbrk.o)
                0x000000000000b228                _sbrk
 *(.init)
 .init          0x000000000000b244        0x4 /usr/local/gcc_arm/gcc-arm-none-eabi-6-2017-q1-update/bin/../lib/gcc/arm-none-eabi/6.3.1/thumb/v7e-m/fpv4-sp/hard/crti.o
                0x000000000000b244                _init
 .init          0x000000000000b248        0x8 /usr/local/gcc_arm/gcc-arm-none-eabi-6-2017-q1-update/bin/../lib/gcc/arm-none-eabi/6.3.1/thumb/v7e-m/fpv4-sp/hard/crtn.o
 *(.fini)
 .fini          0x000000000000b250        0x4 /usr/local/gcc_arm/gcc-arm-none-eabi-6-2017-q1-update/bin/../lib/gcc/arm-none-eabi/6.3.1/thumb/v7e-m/fpv4-sp/hard/crti.o
                0x000000000000b250                _fini
 .fini          0x000000000000b254        0x8 /usr/local/gcc_arm/gcc-arm-none-eabi-6-2017-q1-update/bin/../lib/gcc/arm-none-eabi/6.3.1/thumb/v7e-m/fpv4-sp/hard/crtn.o
 *crtbegin.o(.ctors)
 *crtbegin?.o(.ctors)
 *(EXCLUDE_FILE(*crtend.o *crtend?.o) .ctors)
 *(SORT(.ctors.*))
 *(.ctors)
 *crtbegin.o(.dtors)
 *crtbegin?.o(.dtors)
 *(EXCLUDE_FILE(*crtend.o *crtend?.o) .dtors)
 *(SORT(.dtors.*))
 *(.dtors)
 *(.rodata*)
 .rodata._global_impure_ptr
                0x000000000000b25c        0x4 /usr/local/gcc_arm/gcc-arm-none-eabi-6-2017-q1-update/bin/../lib/gcc/arm-none-eabi/6.3.1/../../../../arm-none-eabi/lib/thumb/v7e-m/fpv4-sp/hard/libc_nano.a(lib_a-impure.o)
                0x000000000000b25c                _global_impure_ptr
 .rodata        0x000000000000b260       0xa8 _build/app_error.o
 .rodata        0x000000000000b308       0x46 _build/app_timer.o
 *fill*         0x000000000000b34e        0x2 
 .rodata        0x000000000000b350        0xe _build/nrf_log.o
 *fill*         0x000000000000b35e        0x2 
 .rodata.m_default_config
                0x000000000000b360       0x10 _build/nrf_drv_spi.o
 .rodata.spi    0x000000000000b370        0x8 _build/main.o
 .rodata        0x000000000000b378      0x150 _build/main.o
 .rodata        0x000000000000b4c8       0x17 _build/SEGGER_RTT.o
 *fill*         0x000000000000b4df        0x1 
 .rodata._aV2C.5479
                0x000000000000b4e0       0x10 _build/SEGGER_RTT_printf.o
 .rodata.spi    0x000000000000b4f0        0x8 _build/nm_bus_wrapper_nrf52832.o
 .rodata        0x000000000000b4f8       0x61 _build/nm_bus_wrapper_nrf52832.o
 .rodata.m_length.8898
                0x000000000000b559        0x1 _build/nm_bus_wrapper_nrf52832.o
 *fill*         0x000000000000b55a        0x2 
 .rodata        0x000000000000b55c       0x58 _build/nm_bsp_nrf52832.o
 .rodata.crc7_syndrome_table
                0x000000000000b5b4      0x100 _build/nmspi.o
 .rodata        0x000000000000b6b4       0x15 _build/json.o
 *fill*         0x000000000000b6c9        0x3 
 .rodata        0x000000000000b6cc      0x168 _build/http_client.o
 .rodata        0x000000000000b834       0xb7 _build/wifi_settings.o
 *fill*         0x000000000000b8eb        0x1 
 .rodata        0x000000000000b8ec       0xd5 _build/http_settings.o
 .rodata._strerror_r.str1.1
                0x000000000000b9c1      0x696 /usr/local/gcc_arm/gcc-arm-none-eabi-6-2017-q1-update/bin/../lib/gcc/arm-none-eabi/6.3.1/../../../../arm-none-eabi/lib/thumb/v7e-m/fpv4-sp/hard/libc_nano.a(lib_a-strerror.o)
                                        0x697 (size before relaxing)
 *fill*         0x000000000000c057        0x1 
 .rodata.__sf_fake_stderr
                0x000000000000c058       0x20 /usr/local/gcc_arm/gcc-arm-none-eabi-6-2017-q1-update/bin/../lib/gcc/arm-none-eabi/6.3.1/../../../../arm-none-eabi/lib/thumb/v7e-m/fpv4-sp/hard/libc_nano.a(lib_a-findfp.o)
                0x000000000000c058                __sf_fake_stderr
 .rodata.__sf_fake_stdin
                0x000000000000c078       0x20 /usr/local/gcc_arm/gcc-arm-none-eabi-6-2017-q1-update/bin/../lib/gcc/arm-none-eabi/6.3.1/../../../../arm-none-eabi/lib/thumb/v7e-m/fpv4-sp/hard/libc_nano.a(lib_a-findfp.o)
                0x000000000000c078                __sf_fake_stdin
 .rodata.__sf_fake_stdout
                0x000000000000c098       0x20 /usr/local/gcc_arm/gcc-arm-none-eabi-6-2017-q1-update/bin/../lib/gcc/arm-none-eabi/6.3.1/../../../../arm-none-eabi/lib/thumb/v7e-m/fpv4-sp/hard/libc_nano.a(lib_a-findfp.o)
                0x000000000000c098                __sf_fake_stdout
 .rodata._setlocale_r.str1.1
                0x000000000000c0b8        0x8 /usr/local/gcc_arm/gcc-arm-none-eabi-6-2017-q1-update/bin/../lib/gcc/arm-none-eabi/6.3.1/../../../../arm-none-eabi/lib/thumb/v7e-m/fpv4-sp/hard/libc_nano.a(lib_a-locale.o)
                                          0x9 (size before relaxing)
 .rodata.str1.1
                0x000000000000c0c0        0x2 /usr/local/gcc_arm/gcc-arm-none-eabi-6-2017-q1-update/bin/../lib/gcc/arm-none-eabi/6.3.1/../../../../arm-none-eabi/lib/thumb/v7e-m/fpv4-sp/hard/libc_nano.a(lib_a-locale.o)
 .rodata._svfprintf_r.str1.1
                0x000000000000c0c2       0x11 /usr/local/gcc_arm/gcc-arm-none-eabi-6-2017-q1-update/bin/../lib/gcc/arm-none-eabi/6.3.1/../../../../arm-none-eabi/lib/thumb/v7e-m/fpv4-sp/hard/libc_nano.a(lib_a-nano-svfprintf.o)
 .rodata._vfprintf_r.str1.1
                0x000000000000c0d3       0x11 /usr/local/gcc_arm/gcc-arm-none-eabi-6-2017-q1-update/bin/../lib/gcc/arm-none-eabi/6.3.1/../../../../arm-none-eabi/lib/thumb/v7e-m/fpv4-sp/hard/libc_nano.a(lib_a-nano-vfprintf.o)
 .rodata._printf_i.str1.1
                0x000000000000c0d3       0x22 /usr/local/gcc_arm/gcc-arm-none-eabi-6-2017-q1-update/bin/../lib/gcc/arm-none-eabi/6.3.1/../../../../arm-none-eabi/lib/thumb/v7e-m/fpv4-sp/hard/libc_nano.a(lib_a-nano-vfprintf_i.o)
 .rodata._ctype_
                0x000000000000c0f5      0x101 /usr/local/gcc_arm/gcc-arm-none-eabi-6-2017-q1-update/bin/../lib/gcc/arm-none-eabi/6.3.1/../../../../arm-none-eabi/lib/thumb/v7e-m/fpv4-sp/hard/libc_nano.a(lib_a-ctype_.o)
                0x000000000000c0f5                _ctype_
 *(.eh_frame*)
 *fill*         0x000000000000c1f6        0x2 
 .eh_frame      0x000000000000c1f8        0x0 /usr/local/gcc_arm/gcc-arm-none-eabi-6-2017-q1-update/bin/../lib/gcc/arm-none-eabi/6.3.1/thumb/v7e-m/fpv4-sp/hard/crtbegin.o
 .eh_frame      0x000000000000c1f8        0x4 /usr/local/gcc_arm/gcc-arm-none-eabi-6-2017-q1-update/bin/../lib/gcc/arm-none-eabi/6.3.1/thumb/v7e-m/fpv4-sp/hard/crtend.o

.glue_7         0x000000000000c1fc        0x0
 .glue_7        0x000000000000c1fc        0x0 linker stubs

.glue_7t        0x000000000000c1fc        0x0
 .glue_7t       0x000000000000c1fc        0x0 linker stubs

.vfp11_veneer   0x000000000000c1fc        0x0
 .vfp11_veneer  0x000000000000c1fc        0x0 linker stubs

.v4_bx          0x000000000000c1fc        0x0
 .v4_bx         0x000000000000c1fc        0x0 linker stubs

.iplt           0x000000000000c1fc        0x0
 .iplt          0x000000000000c1fc        0x0 /usr/local/gcc_arm/gcc-arm-none-eabi-6-2017-q1-update/bin/../lib/gcc/arm-none-eabi/6.3.1/thumb/v7e-m/fpv4-sp/hard/crtbegin.o

.ARM.extab
 *(.ARM.extab* .gnu.linkonce.armextab.*)
                0x000000000000c1fc                __exidx_start = .

.ARM.exidx      0x000000000000c1fc        0x8
 *(.ARM.exidx* .gnu.linkonce.armexidx.*)
 .ARM.exidx     0x000000000000c1fc        0x8 /usr/local/gcc_arm/gcc-arm-none-eabi-6-2017-q1-update/bin/../lib/gcc/arm-none-eabi/6.3.1/../../../../arm-none-eabi/lib/thumb/v7e-m/fpv4-sp/hard/crt0.o
                0x000000000000c204                __exidx_end = .
                0x000000000000c204                __etext = .

.rel.dyn        0x000000000000c204        0x0
 .rel.iplt      0x000000000000c204        0x0 /usr/local/gcc_arm/gcc-arm-none-eabi-6-2017-q1-update/bin/../lib/gcc/arm-none-eabi/6.3.1/thumb/v7e-m/fpv4-sp/hard/crtbegin.o

.data           0x0000000020000000      0x1ec load address 0x000000000000c204
                0x0000000020000000                __data_start__ = .
 *(vtable)
 *(.data*)
 .data._impure_ptr
                0x0000000020000000        0x4 /usr/local/gcc_arm/gcc-arm-none-eabi-6-2017-q1-update/bin/../lib/gcc/arm-none-eabi/6.3.1/../../../../arm-none-eabi/lib/thumb/v7e-m/fpv4-sp/hard/libc_nano.a(lib_a-impure.o)
                0x0000000020000000                _impure_ptr
 .data.impure_data
                0x0000000020000004       0x60 /usr/local/gcc_arm/gcc-arm-none-eabi-6-2017-q1-update/bin/../lib/gcc/arm-none-eabi/6.3.1/../../../../arm-none-eabi/lib/thumb/v7e-m/fpv4-sp/hard/libc_nano.a(lib_a-impure.o)
 .data.SystemCoreClock
                0x0000000020000064        0x4 _build/system_nrf52.o
                0x0000000020000064                SystemCoreClock
 .data.egstrNmBusCapabilities
                0x0000000020000068        0x2 _build/nm_bus_wrapper_nrf52832.o
                0x0000000020000068                egstrNmBusCapabilities
 *fill*         0x000000002000006a        0x2 
 .data.clk_status_reg_adr
                0x000000002000006c        0x4 _build/nmasic.o
 .data.new_line.7565
                0x0000000020000070        0x4 _build/http_client.o
 .data.__global_locale
                0x0000000020000074      0x16c /usr/local/gcc_arm/gcc-arm-none-eabi-6-2017-q1-update/bin/../lib/gcc/arm-none-eabi/6.3.1/../../../../arm-none-eabi/lib/thumb/v7e-m/fpv4-sp/hard/libc_nano.a(lib_a-locale.o)
                0x0000000020000074                __global_locale
                0x00000000200001e0                . = ALIGN (0x4)
                0x00000000200001e0                PROVIDE (__preinit_array_start, .)
 *(.preinit_array)
                0x00000000200001e0                PROVIDE (__preinit_array_end, .)
                0x00000000200001e0                . = ALIGN (0x4)
                0x00000000200001e0                PROVIDE (__init_array_start, .)
 *(SORT(.init_array.*))
 *(.init_array)
 .init_array    0x00000000200001e0        0x4 /usr/local/gcc_arm/gcc-arm-none-eabi-6-2017-q1-update/bin/../lib/gcc/arm-none-eabi/6.3.1/thumb/v7e-m/fpv4-sp/hard/crtbegin.o
                0x00000000200001e4                PROVIDE (__init_array_end, .)
                0x00000000200001e4                . = ALIGN (0x4)
                [!provide]                        PROVIDE (__fini_array_start, .)
 *(SORT(.fini_array.*))
 *(.fini_array)
 .fini_array    0x00000000200001e4        0x4 /usr/local/gcc_arm/gcc-arm-none-eabi-6-2017-q1-update/bin/../lib/gcc/arm-none-eabi/6.3.1/thumb/v7e-m/fpv4-sp/hard/crtbegin.o
                [!provide]                        PROVIDE (__fini_array_end, .)
 *(.jcr*)
 .jcr           0x00000000200001e8        0x0 /usr/local/gcc_arm/gcc-arm-none-eabi-6-2017-q1-update/bin/../lib/gcc/arm-none-eabi/6.3.1/thumb/v7e-m/fpv4-sp/hard/crtbegin.o
 .jcr           0x00000000200001e8        0x4 /usr/local/gcc_arm/gcc-arm-none-eabi-6-2017-q1-update/bin/../lib/gcc/arm-none-eabi/6.3.1/thumb/v7e-m/fpv4-sp/hard/crtend.o
                0x00000000200001ec                . = ALIGN (0x4)
                0x00000000200001ec                __data_end__ = .
LOAD /usr/local/gcc_arm/gcc-arm-none-eabi-6-2017-q1-update/bin/../lib/gcc/arm-none-eabi/6.3.1/thumb/v7e-m/fpv4-sp/hard/crti.o
LOAD /usr/local/gcc_arm/gcc-arm-none-eabi-6-2017-q1-update/bin/../lib/gcc/arm-none-eabi/6.3.1/thumb/v7e-m/fpv4-sp/hard/crtbegin.o
LOAD /usr/local/gcc_arm/gcc-arm-none-eabi-6-2017-q1-update/bin/../lib/gcc/arm-none-eabi/6.3.1/../../../../arm-none-eabi/lib/thumb/v7e-m/fpv4-sp/hard/crt0.o
LOAD /usr/local/gcc_arm/gcc-arm-none-eabi-6-2017-q1-update/bin/../lib/gcc/arm-none-eabi/6.3.1/../../../../arm-none-eabi/lib/thumb/v7e-m/fpv4-sp/hard/libc_nano.a
LOAD /usr/local/gcc_arm/gcc-arm-none-eabi-6-2017-q1-update/bin/../lib/gcc/arm-none-eabi/6.3.1/../../../../arm-none-eabi/lib/thumb/v7e-m/fpv4-sp/hard/libnosys.a
LOAD _build/app_button.o
LOAD _build/app_error.o
LOAD _build/app_error_weak.o
LOAD _build/app_timer.o
LOAD _build/app_util_platform.o
LOAD _build/nrf_assert.o
LOAD _build/nrf_log.o
LOAD _build/retarget.o
LOAD _build/app_uart.o
LOAD _build/nrf_delay.o
LOAD _build/nrf_drv_common.o
LOAD _build/nrf_drv_gpiote.o
LOAD _build/nrf_drv_spi.o
LOAD _build/nrf_drv_uart.o
LOAD _build/bsp.o
LOAD _build/main.o
LOAD _build/RTT_Syscalls_GCC.o
LOAD _build/SEGGER_RTT.o
LOAD _build/SEGGER_RTT_printf.o
LOAD _build/system_nrf52.o
LOAD _build/nm_bus_wrapper_nrf52832.o
LOAD _build/nm_bsp_nrf52832.o
LOAD _build/m2m_wifi.o
LOAD _build/m2m_hif.o
LOAD _build/nm_common.o
LOAD _build/nmdrv.o
LOAD _build/nmasic.o
LOAD _build/nmbus.o
LOAD _build/nmspi.o
LOAD _build/spi_flash.o
LOAD _build/json.o
LOAD _build/http_client.o
LOAD _build/stream_writer.o
LOAD _build/socket.o
LOAD _build/wifi_settings.o
LOAD _build/http_settings.o
LOAD _build/gcc_startup_nrf52.o
LOAD /usr/local/gcc_arm/gcc-arm-none-eabi-6-2017-q1-update/bin/../lib/gcc/arm-none-eabi/6.3.1/../../../../arm-none-eabi/lib/thumb/v7e-m/fpv4-sp/hard/libm.a
START GROUP
LOAD /usr/local/gcc_arm/gcc-arm-none-eabi-6-2017-q1-update/bin/../lib/gcc/arm-none-eabi/6.3.1/thumb/v7e-m/fpv4-sp/hard/libgcc.a
LOAD /usr/local/gcc_arm/gcc-arm-none-eabi-6-2017-q1-update/bin/../lib/gcc/arm-none-eabi/6.3.1/../../../../arm-none-eabi/lib/thumb/v7e-m/fpv4-sp/hard/libc_nano.a
END GROUP
START GROUP
LOAD /usr/local/gcc_arm/gcc-arm-none-eabi-6-2017-q1-update/bin/../lib/gcc/arm-none-eabi/6.3.1/thumb/v7e-m/fpv4-sp/hard/libgcc.a
LOAD /usr/local/gcc_arm/gcc-arm-none-eabi-6-2017-q1-update/bin/../lib/gcc/arm-none-eabi/6.3.1/../../../../arm-none-eabi/lib/thumb/v7e-m/fpv4-sp/hard/libc_nano.a
END GROUP
LOAD /usr/local/gcc_arm/gcc-arm-none-eabi-6-2017-q1-update/bin/../lib/gcc/arm-none-eabi/6.3.1/thumb/v7e-m/fpv4-sp/hard/crtend.o
LOAD /usr/local/gcc_arm/gcc-arm-none-eabi-6-2017-q1-update/bin/../lib/gcc/arm-none-eabi/6.3.1/thumb/v7e-m/fpv4-sp/hard/crtn.o
START GROUP
LOAD /usr/local/gcc_arm/gcc-arm-none-eabi-6-2017-q1-update/bin/../lib/gcc/arm-none-eabi/6.3.1/thumb/v7e-m/fpv4-sp/hard/libgcc.a
LOAD /usr/local/gcc_arm/gcc-arm-none-eabi-6-2017-q1-update/bin/../lib/gcc/arm-none-eabi/6.3.1/../../../../arm-none-eabi/lib/thumb/v7e-m/fpv4-sp/hard/libc.a
LOAD /usr/local/gcc_arm/gcc-arm-none-eabi-6-2017-q1-update/bin/../lib/gcc/arm-none-eabi/6.3.1/../../../../arm-none-eabi/lib/thumb/v7e-m/fpv4-sp/hard/libnosys.a
END GROUP

.igot.plt       0x00000000200001ec        0x0 load address 0x000000000000c3f0
 .igot.plt      0x00000000200001ec        0x0 /usr/local/gcc_arm/gcc-arm-none-eabi-6-2017-q1-update/bin/../lib/gcc/arm-none-eabi/6.3.1/thumb/v7e-m/fpv4-sp/hard/crtbegin.o

.fs_data        0x00000000200001ec        0x0
                [!provide]                        PROVIDE (__start_fs_data, .)
 *(.fs_data)
                [!provide]                        PROVIDE (__stop_fs_data, .)

.bss            0x00000000200001ec      0xc68 load address 0x000000000000c3f0
                0x00000000200001ec                . = ALIGN (0x4)
                0x00000000200001ec                __bss_start__ = .
 *(.bss*)
 .bss           0x00000000200001ec       0x1c /usr/local/gcc_arm/gcc-arm-none-eabi-6-2017-q1-update/bin/../lib/gcc/arm-none-eabi/6.3.1/thumb/v7e-m/fpv4-sp/hard/crtbegin.o
 .bss.m_user_array_size
                0x0000000020000208        0x1 _build/app_timer.o
 *fill*         0x0000000020000209        0x3 
 .bss.mp_users  0x000000002000020c        0x4 _build/app_timer.o
 .bss.mp_timer_id_head
                0x0000000020000210        0x4 _build/app_timer.o
 .bss.m_ticks_latest
                0x0000000020000214        0x4 _build/app_timer.o
 .bss.m_ticks_elapsed
                0x0000000020000218        0x8 _build/app_timer.o
 .bss.m_ticks_elapsed_q_read_ind
                0x0000000020000220        0x1 _build/app_timer.o
 .bss.m_ticks_elapsed_q_write_ind
                0x0000000020000221        0x1 _build/app_timer.o
 *fill*         0x0000000020000222        0x2 
 .bss.m_evt_schedule_func
                0x0000000020000224        0x4 _build/app_timer.o
 .bss.m_rtc1_running
                0x0000000020000228        0x1 _build/app_timer.o
 .bss.m_rtc1_reset
                0x0000000020000229        0x1 _build/app_timer.o
 *fill*         0x000000002000022a        0x2 
 .bss.buf_normal_up
                0x000000002000022c      0x400 _build/nrf_log.o
 .bss.buf_down  0x000000002000062c       0x10 _build/nrf_log.o
 .bss.initialized.8182
                0x000000002000063c        0x1 _build/nrf_log.o
 *fill*         0x000000002000063d        0x3 
 .bss.m_cb      0x0000000020000640       0x58 _build/nrf_drv_gpiote.o
 .bss.m_cb      0x0000000020000698       0x20 _build/nrf_drv_spi.o
 .bss.m_cb      0x00000000200006b8       0x20 _build/nrf_drv_uart.o
 .bss._acUpBuffer
                0x00000000200006d8      0x400 _build/SEGGER_RTT.o
 .bss._acDownBuffer
                0x0000000020000ad8       0x10 _build/SEGGER_RTT.o
 .bss.rxd_data.8897
                0x0000000020000ae8        0x1 _build/nm_bus_wrapper_nrf52832.o
 *fill*         0x0000000020000ae9        0x3 
 .bss.gpfIsr    0x0000000020000aec        0x4 _build/nm_bsp_nrf52832.o
 .bss.gu8ChNum  0x0000000020000af0        0x1 _build/m2m_wifi.o
 .bss.gu8scanInProgress
                0x0000000020000af1        0x1 _build/m2m_wifi.o
 *fill*         0x0000000020000af2        0x2 
 .bss.gpfAppWifiCb
                0x0000000020000af4        0x4 _build/m2m_wifi.o
 .bss.gu8ChipMode
                0x0000000020000af8        0x1 _build/m2m_hif.o
 .bss.gu8ChipSleep
                0x0000000020000af9        0x1 _build/m2m_hif.o
 .bss.gu8HifSizeDone
                0x0000000020000afa        0x1 _build/m2m_hif.o
 .bss.gu8Interrupt
                0x0000000020000afb        0x1 _build/m2m_hif.o
 .bss.pfWifiCb  0x0000000020000afc        0x4 _build/m2m_hif.o
                0x0000000020000afc                pfWifiCb
 .bss.pfIpCb    0x0000000020000b00        0x4 _build/m2m_hif.o
                0x0000000020000b00                pfIpCb
 .bss.pfOtaCb   0x0000000020000b04        0x4 _build/m2m_hif.o
                0x0000000020000b04                pfOtaCb
 .bss.pfSigmaCb
                0x0000000020000b08        0x4 _build/m2m_hif.o
                0x0000000020000b08                pfSigmaCb
 .bss.pfHifCb   0x0000000020000b0c        0x4 _build/m2m_hif.o
                0x0000000020000b0c                pfHifCb
 .bss.pfCryptoCb
                0x0000000020000b10        0x4 _build/m2m_hif.o
                0x0000000020000b10                pfCryptoCb
 .bss.chipid.5461
                0x0000000020000b14        0x4 _build/nmasic.o
 .bss.gu8Crc_off
                0x0000000020000b18        0x1 _build/nmspi.o
 *fill*         0x0000000020000b19        0x3 
 .bss.module_ref_inst
                0x0000000020000b1c       0x1c _build/http_client.o
 .bss.gu16SessionID
                0x0000000020000b38        0x2 _build/socket.o
                0x0000000020000b38                gu16SessionID
 .bss.gbSocketInit
                0x0000000020000b3a        0x1 _build/socket.o
                0x0000000020000b3a                gbSocketInit
 *fill*         0x0000000020000b3b        0x1 
 .bss.g_http_entity
                0x0000000020000b3c       0x18 _build/http_settings.o
                0x0000000020000b3c                g_http_entity
 .bss.activate_data
                0x0000000020000b54       0x64 _build/http_settings.o
                0x0000000020000b54                activate_data
 .bss.__malloc_free_list
                0x0000000020000bb8        0x4 /usr/local/gcc_arm/gcc-arm-none-eabi-6-2017-q1-update/bin/../lib/gcc/arm-none-eabi/6.3.1/../../../../arm-none-eabi/lib/thumb/v7e-m/fpv4-sp/hard/libc_nano.a(lib_a-nano-mallocr.o)
                0x0000000020000bb8                __malloc_free_list
 .bss.__malloc_sbrk_start
                0x0000000020000bbc        0x4 /usr/local/gcc_arm/gcc-arm-none-eabi-6-2017-q1-update/bin/../lib/gcc/arm-none-eabi/6.3.1/../../../../arm-none-eabi/lib/thumb/v7e-m/fpv4-sp/hard/libc_nano.a(lib_a-nano-mallocr.o)
                0x0000000020000bbc                __malloc_sbrk_start
 .bss.heap_end.5239
                0x0000000020000bc0        0x4 /usr/local/gcc_arm/gcc-arm-none-eabi-6-2017-q1-update/bin/../lib/gcc/arm-none-eabi/6.3.1/../../../../arm-none-eabi/lib/thumb/v7e-m/fpv4-sp/hard/libnosys.a(sbrk.o)
 *(COMMON)
 COMMON         0x0000000020000bc4      0x151 _build/main.o
                0x0000000020000bc4                spi_xfer_done
                0x0000000020000bc5                _scan_channel
                0x0000000020000bc8                _submask
                0x0000000020000bcc                _ssid
                0x0000000020000bf0                http_client_module_inst
                0x0000000020000cd8                _resolve
                0x0000000020000cdc                _mode
                0x0000000020000ce0                _dhcp
                0x0000000020000ce4                _status
                0x0000000020000ce8                _gateway
                0x0000000020000cec                _scan_ssid
                0x0000000020000d10                _localip
                0x0000000020000d14                _scan_auth
 *fill*         0x0000000020000d15        0x3 
 COMMON         0x0000000020000d18       0x78 _build/SEGGER_RTT.o
                0x0000000020000d18                _SEGGER_RTT
 COMMON         0x0000000020000d90       0xc0 _build/socket.o
                0x0000000020000d90                gu16BufferSize
                0x0000000020000d92                gsockerrno
                0x0000000020000d93                gu8OpCode
                0x0000000020000d94                gastrSockets
                0x0000000020000e44                gpfAppSocketCb
                0x0000000020000e48                gfpPingCb
                0x0000000020000e4c                gpfAppResolveCb
 COMMON         0x0000000020000e50        0x4 /usr/local/gcc_arm/gcc-arm-none-eabi-6-2017-q1-update/bin/../lib/gcc/arm-none-eabi/6.3.1/../../../../arm-none-eabi/lib/thumb/v7e-m/fpv4-sp/hard/libc_nano.a(lib_a-reent.o)
                0x0000000020000e50                errno
                0x0000000020000e54                . = ALIGN (0x4)
                0x0000000020000e54                __bss_end__ = .

.heap           0x0000000020000e58     0x2000
                0x0000000020000e58                __end__ = .
                0x0000000020000e58                PROVIDE (end, .)
 *(.heap*)
 .heap          0x0000000020000e58     0x2000 _build/gcc_startup_nrf52.o
                0x0000000020000e58                __HeapBase
                0x0000000020002e58                __HeapLimit = .

.stack_dummy    0x0000000020000e58     0x2000
 *(.stack*)
 .stack         0x0000000020000e58     0x2000 _build/gcc_startup_nrf52.o
                0x0000000020010000                __StackTop = (ORIGIN (RAM) + LENGTH (RAM))
                0x000000002000e000                __StackLimit = (__StackTop - SIZEOF (.stack_dummy))
                0x0000000020010000                PROVIDE (__stack, __StackTop)
                0x0000000000000001                ASSERT ((__StackLimit >= __HeapLimit), region RAM overflowed with stack)
OUTPUT(_build/nrf52832_xxaa.out elf32-littlearm)

.ARM.attributes
                0x0000000000000000       0x30
 .ARM.attributes
                0x0000000000000000       0x22 /usr/local/gcc_arm/gcc-arm-none-eabi-6-2017-q1-update/bin/../lib/gcc/arm-none-eabi/6.3.1/thumb/v7e-m/fpv4-sp/hard/crti.o
 .ARM.attributes
                0x0000000000000022       0x34 /usr/local/gcc_arm/gcc-arm-none-eabi-6-2017-q1-update/bin/../lib/gcc/arm-none-eabi/6.3.1/thumb/v7e-m/fpv4-sp/hard/crtbegin.o
 .ARM.attributes
                0x0000000000000056       0x20 /usr/local/gcc_arm/gcc-arm-none-eabi-6-2017-q1-update/bin/../lib/gcc/arm-none-eabi/6.3.1/../../../../arm-none-eabi/lib/thumb/v7e-m/fpv4-sp/hard/crt0.o
 .ARM.attributes
                0x0000000000000076       0x34 /usr/local/gcc_arm/gcc-arm-none-eabi-6-2017-q1-update/bin/../lib/gcc/arm-none-eabi/6.3.1/../../../../arm-none-eabi/lib/thumb/v7e-m/fpv4-sp/hard/libc_nano.a(lib_a-exit.o)
 .ARM.attributes
                0x00000000000000aa       0x34 /usr/local/gcc_arm/gcc-arm-none-eabi-6-2017-q1-update/bin/../lib/gcc/arm-none-eabi/6.3.1/../../../../arm-none-eabi/lib/thumb/v7e-m/fpv4-sp/hard/libc_nano.a(lib_a-impure.o)
 .ARM.attributes
                0x00000000000000de       0x34 /usr/local/gcc_arm/gcc-arm-none-eabi-6-2017-q1-update/bin/../lib/gcc/arm-none-eabi/6.3.1/../../../../arm-none-eabi/lib/thumb/v7e-m/fpv4-sp/hard/libc_nano.a(lib_a-init.o)
 .ARM.attributes
                0x0000000000000112       0x34 /usr/local/gcc_arm/gcc-arm-none-eabi-6-2017-q1-update/bin/../lib/gcc/arm-none-eabi/6.3.1/../../../../arm-none-eabi/lib/thumb/v7e-m/fpv4-sp/hard/libc_nano.a(lib_a-memset.o)
 .ARM.attributes
                0x0000000000000146       0x34 /usr/local/gcc_arm/gcc-arm-none-eabi-6-2017-q1-update/bin/../lib/gcc/arm-none-eabi/6.3.1/../../../../arm-none-eabi/lib/thumb/v7e-m/fpv4-sp/hard/libnosys.a(_exit.o)
 .ARM.attributes
                0x000000000000017a       0x39 _build/app_error.o
 .ARM.attributes
                0x00000000000001b3       0x39 _build/app_error_weak.o
 .ARM.attributes
                0x00000000000001ec       0x39 _build/app_timer.o
 .ARM.attributes
                0x0000000000000225       0x39 _build/nrf_log.o
 .ARM.attributes
                0x000000000000025e       0x39 _build/nrf_delay.o
 .ARM.attributes
                0x0000000000000297       0x39 _build/nrf_drv_common.o
 .ARM.attributes
                0x00000000000002d0       0x39 _build/nrf_drv_gpiote.o
 .ARM.attributes
                0x0000000000000309       0x39 _build/nrf_drv_spi.o
 .ARM.attributes
                0x0000000000000342       0x39 _build/nrf_drv_uart.o
 .ARM.attributes
                0x000000000000037b       0x39 _build/main.o
 .ARM.attributes
                0x00000000000003b4       0x39 _build/RTT_Syscalls_GCC.o
 .ARM.attributes
                0x00000000000003ed       0x39 _build/SEGGER_RTT.o
 .ARM.attributes
                0x0000000000000426       0x39 _build/SEGGER_RTT_printf.o
 .ARM.attributes
                0x000000000000045f       0x39 _build/system_nrf52.o
 .ARM.attributes
                0x0000000000000498       0x39 _build/nm_bus_wrapper_nrf52832.o
 .ARM.attributes
                0x00000000000004d1       0x39 _build/nm_bsp_nrf52832.o
 .ARM.attributes
                0x000000000000050a       0x39 _build/m2m_wifi.o
 .ARM.attributes
                0x0000000000000543       0x39 _build/m2m_hif.o
 .ARM.attributes
                0x000000000000057c       0x39 _build/nm_common.o
 .ARM.attributes
                0x00000000000005b5       0x39 _build/nmdrv.o
 .ARM.attributes
                0x00000000000005ee       0x39 _build/nmasic.o
 .ARM.attributes
                0x0000000000000627       0x39 _build/nmbus.o
 .ARM.attributes
                0x0000000000000660       0x39 _build/nmspi.o
 .ARM.attributes
                0x0000000000000699       0x39 _build/spi_flash.o
 .ARM.attributes
                0x00000000000006d2       0x39 _build/json.o
 .ARM.attributes
                0x000000000000070b       0x39 _build/http_client.o
 .ARM.attributes
                0x0000000000000744       0x39 _build/stream_writer.o
 .ARM.attributes
                0x000000000000077d       0x39 _build/socket.o
 .ARM.attributes
                0x00000000000007b6       0x39 _build/wifi_settings.o
 .ARM.attributes
                0x00000000000007ef       0x39 _build/http_settings.o
 .ARM.attributes
                0x0000000000000828       0x1c _build/gcc_startup_nrf52.o
 .ARM.attributes
                0x0000000000000844       0x22 /usr/local/gcc_arm/gcc-arm-none-eabi-6-2017-q1-update/bin/../lib/gcc/arm-none-eabi/6.3.1/thumb/v7e-m/fpv4-sp/hard/libgcc.a(_arm_addsubdf3.o)
 .ARM.attributes
                0x0000000000000866       0x22 /usr/local/gcc_arm/gcc-arm-none-eabi-6-2017-q1-update/bin/../lib/gcc/arm-none-eabi/6.3.1/thumb/v7e-m/fpv4-sp/hard/libgcc.a(_arm_muldivdf3.o)
 .ARM.attributes
                0x0000000000000888       0x34 /usr/local/gcc_arm/gcc-arm-none-eabi-6-2017-q1-update/bin/../lib/gcc/arm-none-eabi/6.3.1/../../../../arm-none-eabi/lib/thumb/v7e-m/fpv4-sp/hard/libc_nano.a(lib_a-atoi.o)
 .ARM.attributes
                0x00000000000008bc       0x34 /usr/local/gcc_arm/gcc-arm-none-eabi-6-2017-q1-update/bin/../lib/gcc/arm-none-eabi/6.3.1/../../../../arm-none-eabi/lib/thumb/v7e-m/fpv4-sp/hard/libc_nano.a(lib_a-malloc.o)
 .ARM.attributes
                0x00000000000008f0       0x34 /usr/local/gcc_arm/gcc-arm-none-eabi-6-2017-q1-update/bin/../lib/gcc/arm-none-eabi/6.3.1/../../../../arm-none-eabi/lib/thumb/v7e-m/fpv4-sp/hard/libc_nano.a(lib_a-memcpy-stub.o)
 .ARM.attributes
                0x0000000000000924       0x34 /usr/local/gcc_arm/gcc-arm-none-eabi-6-2017-q1-update/bin/../lib/gcc/arm-none-eabi/6.3.1/../../../../arm-none-eabi/lib/thumb/v7e-m/fpv4-sp/hard/libc_nano.a(lib_a-memmove.o)
 .ARM.attributes
                0x0000000000000958       0x34 /usr/local/gcc_arm/gcc-arm-none-eabi-6-2017-q1-update/bin/../lib/gcc/arm-none-eabi/6.3.1/../../../../arm-none-eabi/lib/thumb/v7e-m/fpv4-sp/hard/libc_nano.a(lib_a-nano-freer.o)
 .ARM.attributes
                0x000000000000098c       0x34 /usr/local/gcc_arm/gcc-arm-none-eabi-6-2017-q1-update/bin/../lib/gcc/arm-none-eabi/6.3.1/../../../../arm-none-eabi/lib/thumb/v7e-m/fpv4-sp/hard/libc_nano.a(lib_a-nano-mallocr.o)
 .ARM.attributes
                0x00000000000009c0       0x34 /usr/local/gcc_arm/gcc-arm-none-eabi-6-2017-q1-update/bin/../lib/gcc/arm-none-eabi/6.3.1/../../../../arm-none-eabi/lib/thumb/v7e-m/fpv4-sp/hard/libc_nano.a(lib_a-printf.o)
 .ARM.attributes
                0x00000000000009f4       0x34 /usr/local/gcc_arm/gcc-arm-none-eabi-6-2017-q1-update/bin/../lib/gcc/arm-none-eabi/6.3.1/../../../../arm-none-eabi/lib/thumb/v7e-m/fpv4-sp/hard/libc_nano.a(lib_a-sbrkr.o)
 .ARM.attributes
                0x0000000000000a28       0x34 /usr/local/gcc_arm/gcc-arm-none-eabi-6-2017-q1-update/bin/../lib/gcc/arm-none-eabi/6.3.1/../../../../arm-none-eabi/lib/thumb/v7e-m/fpv4-sp/hard/libc_nano.a(lib_a-sprintf.o)
 .ARM.attributes
                0x0000000000000a5c       0x20 /usr/local/gcc_arm/gcc-arm-none-eabi-6-2017-q1-update/bin/../lib/gcc/arm-none-eabi/6.3.1/../../../../arm-none-eabi/lib/thumb/v7e-m/fpv4-sp/hard/libc_nano.a(lib_a-strcmp.o)
 .ARM.attributes
                0x0000000000000a7c       0x34 /usr/local/gcc_arm/gcc-arm-none-eabi-6-2017-q1-update/bin/../lib/gcc/arm-none-eabi/6.3.1/../../../../arm-none-eabi/lib/thumb/v7e-m/fpv4-sp/hard/libc_nano.a(lib_a-strcpy.o)
 .ARM.attributes
                0x0000000000000ab0       0x34 /usr/local/gcc_arm/gcc-arm-none-eabi-6-2017-q1-update/bin/../lib/gcc/arm-none-eabi/6.3.1/../../../../arm-none-eabi/lib/thumb/v7e-m/fpv4-sp/hard/libc_nano.a(lib_a-strdup.o)
 .ARM.attributes
                0x0000000000000ae4       0x34 /usr/local/gcc_arm/gcc-arm-none-eabi-6-2017-q1-update/bin/../lib/gcc/arm-none-eabi/6.3.1/../../../../arm-none-eabi/lib/thumb/v7e-m/fpv4-sp/hard/libc_nano.a(lib_a-strdup_r.o)
 .ARM.attributes
                0x0000000000000b18       0x34 /usr/local/gcc_arm/gcc-arm-none-eabi-6-2017-q1-update/bin/../lib/gcc/arm-none-eabi/6.3.1/../../../../arm-none-eabi/lib/thumb/v7e-m/fpv4-sp/hard/libc_nano.a(lib_a-strerror.o)
 .ARM.attributes
                0x0000000000000b4c       0x1b /usr/local/gcc_arm/gcc-arm-none-eabi-6-2017-q1-update/bin/../lib/gcc/arm-none-eabi/6.3.1/../../../../arm-none-eabi/lib/thumb/v7e-m/fpv4-sp/hard/libc_nano.a(lib_a-strlen.o)
 .ARM.attributes
                0x0000000000000b67       0x34 /usr/local/gcc_arm/gcc-arm-none-eabi-6-2017-q1-update/bin/../lib/gcc/arm-none-eabi/6.3.1/../../../../arm-none-eabi/lib/thumb/v7e-m/fpv4-sp/hard/libc_nano.a(lib_a-strncmp.o)
 .ARM.attributes
                0x0000000000000b9b       0x34 /usr/local/gcc_arm/gcc-arm-none-eabi-6-2017-q1-update/bin/../lib/gcc/arm-none-eabi/6.3.1/../../../../arm-none-eabi/lib/thumb/v7e-m/fpv4-sp/hard/libc_nano.a(lib_a-strstr.o)
 .ARM.attributes
                0x0000000000000bcf       0x34 /usr/local/gcc_arm/gcc-arm-none-eabi-6-2017-q1-update/bin/../lib/gcc/arm-none-eabi/6.3.1/../../../../arm-none-eabi/lib/thumb/v7e-m/fpv4-sp/hard/libc_nano.a(lib_a-strtol.o)
 .ARM.attributes
                0x0000000000000c03       0x34 /usr/local/gcc_arm/gcc-arm-none-eabi-6-2017-q1-update/bin/../lib/gcc/arm-none-eabi/6.3.1/../../../../arm-none-eabi/lib/thumb/v7e-m/fpv4-sp/hard/libc_nano.a(lib_a-u_strerr.o)
 .ARM.attributes
                0x0000000000000c37       0x34 /usr/local/gcc_arm/gcc-arm-none-eabi-6-2017-q1-update/bin/../lib/gcc/arm-none-eabi/6.3.1/../../../../arm-none-eabi/lib/thumb/v7e-m/fpv4-sp/hard/libc_nano.a(lib_a-findfp.o)
 .ARM.attributes
                0x0000000000000c6b       0x34 /usr/local/gcc_arm/gcc-arm-none-eabi-6-2017-q1-update/bin/../lib/gcc/arm-none-eabi/6.3.1/../../../../arm-none-eabi/lib/thumb/v7e-m/fpv4-sp/hard/libc_nano.a(lib_a-fwalk.o)
 .ARM.attributes
                0x0000000000000c9f       0x34 /usr/local/gcc_arm/gcc-arm-none-eabi-6-2017-q1-update/bin/../lib/gcc/arm-none-eabi/6.3.1/../../../../arm-none-eabi/lib/thumb/v7e-m/fpv4-sp/hard/libc_nano.a(lib_a-locale.o)
 .ARM.attributes
                0x0000000000000cd3       0x34 /usr/local/gcc_arm/gcc-arm-none-eabi-6-2017-q1-update/bin/../lib/gcc/arm-none-eabi/6.3.1/../../../../arm-none-eabi/lib/thumb/v7e-m/fpv4-sp/hard/libc_nano.a(lib_a-mbtowc_r.o)
 .ARM.attributes
                0x0000000000000d07       0x34 /usr/local/gcc_arm/gcc-arm-none-eabi-6-2017-q1-update/bin/../lib/gcc/arm-none-eabi/6.3.1/../../../../arm-none-eabi/lib/thumb/v7e-m/fpv4-sp/hard/libc_nano.a(lib_a-mlock.o)
 .ARM.attributes
                0x0000000000000d3b       0x34 /usr/local/gcc_arm/gcc-arm-none-eabi-6-2017-q1-update/bin/../lib/gcc/arm-none-eabi/6.3.1/../../../../arm-none-eabi/lib/thumb/v7e-m/fpv4-sp/hard/libc_nano.a(lib_a-nano-svfprintf.o)
 .ARM.attributes
                0x0000000000000d6f       0x34 /usr/local/gcc_arm/gcc-arm-none-eabi-6-2017-q1-update/bin/../lib/gcc/arm-none-eabi/6.3.1/../../../../arm-none-eabi/lib/thumb/v7e-m/fpv4-sp/hard/libc_nano.a(lib_a-nano-vfprintf.o)
 .ARM.attributes
                0x0000000000000da3       0x34 /usr/local/gcc_arm/gcc-arm-none-eabi-6-2017-q1-update/bin/../lib/gcc/arm-none-eabi/6.3.1/../../../../arm-none-eabi/lib/thumb/v7e-m/fpv4-sp/hard/libc_nano.a(lib_a-nano-vfprintf_i.o)
 .ARM.attributes
                0x0000000000000dd7       0x34 /usr/local/gcc_arm/gcc-arm-none-eabi-6-2017-q1-update/bin/../lib/gcc/arm-none-eabi/6.3.1/../../../../arm-none-eabi/lib/thumb/v7e-m/fpv4-sp/hard/libc_nano.a(lib_a-reent.o)
 .ARM.attributes
                0x0000000000000e0b       0x34 /usr/local/gcc_arm/gcc-arm-none-eabi-6-2017-q1-update/bin/../lib/gcc/arm-none-eabi/6.3.1/../../../../arm-none-eabi/lib/thumb/v7e-m/fpv4-sp/hard/libc_nano.a(lib_a-stdio.o)
 .ARM.attributes
                0x0000000000000e3f       0x34 /usr/local/gcc_arm/gcc-arm-none-eabi-6-2017-q1-update/bin/../lib/gcc/arm-none-eabi/6.3.1/../../../../arm-none-eabi/lib/thumb/v7e-m/fpv4-sp/hard/libc_nano.a(lib_a-wbuf.o)
 .ARM.attributes
                0x0000000000000e73       0x34 /usr/local/gcc_arm/gcc-arm-none-eabi-6-2017-q1-update/bin/../lib/gcc/arm-none-eabi/6.3.1/../../../../arm-none-eabi/lib/thumb/v7e-m/fpv4-sp/hard/libc_nano.a(lib_a-wctomb_r.o)
 .ARM.attributes
                0x0000000000000ea7       0x34 /usr/local/gcc_arm/gcc-arm-none-eabi-6-2017-q1-update/bin/../lib/gcc/arm-none-eabi/6.3.1/../../../../arm-none-eabi/lib/thumb/v7e-m/fpv4-sp/hard/libc_nano.a(lib_a-wsetup.o)
 .ARM.attributes
                0x0000000000000edb       0x34 /usr/local/gcc_arm/gcc-arm-none-eabi-6-2017-q1-update/bin/../lib/gcc/arm-none-eabi/6.3.1/../../../../arm-none-eabi/lib/thumb/v7e-m/fpv4-sp/hard/libc_nano.a(lib_a-closer.o)
 .ARM.attributes
                0x0000000000000f0f       0x34 /usr/local/gcc_arm/gcc-arm-none-eabi-6-2017-q1-update/bin/../lib/gcc/arm-none-eabi/6.3.1/../../../../arm-none-eabi/lib/thumb/v7e-m/fpv4-sp/hard/libc_nano.a(lib_a-ctype_.o)
 .ARM.attributes
                0x0000000000000f43       0x34 /usr/local/gcc_arm/gcc-arm-none-eabi-6-2017-q1-update/bin/../lib/gcc/arm-none-eabi/6.3.1/../../../../arm-none-eabi/lib/thumb/v7e-m/fpv4-sp/hard/libc_nano.a(lib_a-fflush.o)
 .ARM.attributes
                0x0000000000000f77       0x34 /usr/local/gcc_arm/gcc-arm-none-eabi-6-2017-q1-update/bin/../lib/gcc/arm-none-eabi/6.3.1/../../../../arm-none-eabi/lib/thumb/v7e-m/fpv4-sp/hard/libc_nano.a(lib_a-lseekr.o)
 .ARM.attributes
                0x0000000000000fab       0x34 /usr/local/gcc_arm/gcc-arm-none-eabi-6-2017-q1-update/bin/../lib/gcc/arm-none-eabi/6.3.1/../../../../arm-none-eabi/lib/thumb/v7e-m/fpv4-sp/hard/libc_nano.a(lib_a-makebuf.o)
 .ARM.attributes
                0x0000000000000fdf       0x20 /usr/local/gcc_arm/gcc-arm-none-eabi-6-2017-q1-update/bin/../lib/gcc/arm-none-eabi/6.3.1/../../../../arm-none-eabi/lib/thumb/v7e-m/fpv4-sp/hard/libc_nano.a(lib_a-memchr.o)
 .ARM.attributes
                0x0000000000000fff       0x34 /usr/local/gcc_arm/gcc-arm-none-eabi-6-2017-q1-update/bin/../lib/gcc/arm-none-eabi/6.3.1/../../../../arm-none-eabi/lib/thumb/v7e-m/fpv4-sp/hard/libc_nano.a(lib_a-nano-reallocr.o)
 .ARM.attributes