Archive member included to satisfy reference by file (symbol)

/usr/local/gcc_arm/gcc-arm-none-eabi-6-2017-q1-update/bin/../lib/gcc/arm-none-eabi/6.3.1/../../../../arm-none-eabi/lib/thumb/v7e-m/fpv4-sp/hard/libc_nano.a(lib_a-exit.o)
                              /usr/local/gcc_arm/gcc-arm-none-eabi-6-2017-q1-update/bin/../lib/gcc/arm-none-eabi/6.3.1/../../../../arm-none-eabi/lib/thumb/v7e-m/fpv4-sp/hard/crt0.o (exit)
/usr/local/gcc_arm/gcc-arm-none-eabi-6-2017-q1-update/bin/../lib/gcc/arm-none-eabi/6.3.1/../../../../arm-none-eabi/lib/thumb/v7e-m/fpv4-sp/hard/libc_nano.a(lib_a-impure.o)
                              /usr/local/gcc_arm/gcc-arm-none-eabi-6-2017-q1-update/bin/../lib/gcc/arm-none-eabi/6.3.1/../../../../arm-none-eabi/lib/thumb/v7e-m/fpv4-sp/hard/libc_nano.a(lib_a-exit.o) (_global_impure_ptr)
/usr/local/gcc_arm/gcc-arm-none-eabi-6-2017-q1-update/bin/../lib/gcc/arm-none-eabi/6.3.1/../../../../arm-none-eabi/lib/thumb/v7e-m/fpv4-sp/hard/libc_nano.a(lib_a-init.o)
                              /usr/local/gcc_arm/gcc-arm-none-eabi-6-2017-q1-update/bin/../lib/gcc/arm-none-eabi/6.3.1/../../../../arm-none-eabi/lib/thumb/v7e-m/fpv4-sp/hard/crt0.o (__libc_init_array)
/usr/local/gcc_arm/gcc-arm-none-eabi-6-2017-q1-update/bin/../lib/gcc/arm-none-eabi/6.3.1/../../../../arm-none-eabi/lib/thumb/v7e-m/fpv4-sp/hard/libc_nano.a(lib_a-memset.o)
                              /usr/local/gcc_arm/gcc-arm-none-eabi-6-2017-q1-update/bin/../lib/gcc/arm-none-eabi/6.3.1/../../../../arm-none-eabi/lib/thumb/v7e-m/fpv4-sp/hard/crt0.o (memset)
/usr/local/gcc_arm/gcc-arm-none-eabi-6-2017-q1-update/bin/../lib/gcc/arm-none-eabi/6.3.1/../../../../arm-none-eabi/lib/thumb/v7e-m/fpv4-sp/hard/libnosys.a(_exit.o)
                              /usr/local/gcc_arm/gcc-arm-none-eabi-6-2017-q1-update/bin/../lib/gcc/arm-none-eabi/6.3.1/../../../../arm-none-eabi/lib/thumb/v7e-m/fpv4-sp/hard/libc_nano.a(lib_a-exit.o) (_exit)
/usr/local/gcc_arm/gcc-arm-none-eabi-6-2017-q1-update/bin/../lib/gcc/arm-none-eabi/6.3.1/../../../../arm-none-eabi/lib/thumb/v7e-m/fpv4-sp/hard/libc_nano.a(lib_a-memcpy-stub.o)
                              _build/main.o (memcpy)
/usr/local/gcc_arm/gcc-arm-none-eabi-6-2017-q1-update/bin/../lib/gcc/arm-none-eabi/6.3.1/../../../../arm-none-eabi/lib/thumb/v7e-m/fpv4-sp/hard/libc_nano.a(lib_a-printf.o)
                              _build/app_error.o (printf)
/usr/local/gcc_arm/gcc-arm-none-eabi-6-2017-q1-update/bin/../lib/gcc/arm-none-eabi/6.3.1/../../../../arm-none-eabi/lib/thumb/v7e-m/fpv4-sp/hard/libc_nano.a(lib_a-strcpy.o)
                              _build/SEGGER_RTT.o (strcpy)
/usr/local/gcc_arm/gcc-arm-none-eabi-6-2017-q1-update/bin/../lib/gcc/arm-none-eabi/6.3.1/../../../../arm-none-eabi/lib/thumb/v7e-m/fpv4-sp/hard/libc_nano.a(lib_a-strlen.o)
                              _build/main.o (strlen)
/usr/local/gcc_arm/gcc-arm-none-eabi-6-2017-q1-update/bin/../lib/gcc/arm-none-eabi/6.3.1/../../../../arm-none-eabi/lib/thumb/v7e-m/fpv4-sp/hard/libc_nano.a(lib_a-findfp.o)
                              /usr/local/gcc_arm/gcc-arm-none-eabi-6-2017-q1-update/bin/../lib/gcc/arm-none-eabi/6.3.1/../../../../arm-none-eabi/lib/thumb/v7e-m/fpv4-sp/hard/libc_nano.a(lib_a-printf.o) (__sinit)
/usr/local/gcc_arm/gcc-arm-none-eabi-6-2017-q1-update/bin/../lib/gcc/arm-none-eabi/6.3.1/../../../../arm-none-eabi/lib/thumb/v7e-m/fpv4-sp/hard/libc_nano.a(lib_a-fwalk.o)
                              /usr/local/gcc_arm/gcc-arm-none-eabi-6-2017-q1-update/bin/../lib/gcc/arm-none-eabi/6.3.1/../../../../arm-none-eabi/lib/thumb/v7e-m/fpv4-sp/hard/libc_nano.a(lib_a-findfp.o) (_fwalk)
/usr/local/gcc_arm/gcc-arm-none-eabi-6-2017-q1-update/bin/../lib/gcc/arm-none-eabi/6.3.1/../../../../arm-none-eabi/lib/thumb/v7e-m/fpv4-sp/hard/libc_nano.a(lib_a-nano-mallocr.o)
                              /usr/local/gcc_arm/gcc-arm-none-eabi-6-2017-q1-update/bin/../lib/gcc/arm-none-eabi/6.3.1/../../../../arm-none-eabi/lib/thumb/v7e-m/fpv4-sp/hard/libc_nano.a(lib_a-findfp.o) (_malloc_r)
/usr/local/gcc_arm/gcc-arm-none-eabi-6-2017-q1-update/bin/../lib/gcc/arm-none-eabi/6.3.1/../../../../arm-none-eabi/lib/thumb/v7e-m/fpv4-sp/hard/libc_nano.a(lib_a-nano-vfprintf.o)
                              /usr/local/gcc_arm/gcc-arm-none-eabi-6-2017-q1-update/bin/../lib/gcc/arm-none-eabi/6.3.1/../../../../arm-none-eabi/lib/thumb/v7e-m/fpv4-sp/hard/libc_nano.a(lib_a-printf.o) (_vfprintf_r)
/usr/local/gcc_arm/gcc-arm-none-eabi-6-2017-q1-update/bin/../lib/gcc/arm-none-eabi/6.3.1/../../../../arm-none-eabi/lib/thumb/v7e-m/fpv4-sp/hard/libc_nano.a(lib_a-nano-vfprintf_i.o)
                              /usr/local/gcc_arm/gcc-arm-none-eabi-6-2017-q1-update/bin/../lib/gcc/arm-none-eabi/6.3.1/../../../../arm-none-eabi/lib/thumb/v7e-m/fpv4-sp/hard/libc_nano.a(lib_a-nano-vfprintf.o) (_printf_i)
/usr/local/gcc_arm/gcc-arm-none-eabi-6-2017-q1-update/bin/../lib/gcc/arm-none-eabi/6.3.1/../../../../arm-none-eabi/lib/thumb/v7e-m/fpv4-sp/hard/libc_nano.a(lib_a-sbrkr.o)
[...]
Memory Configuration

Name             Origin             Length             Attributes
FLASH            0x0000000000000000 0x0000000000080000 xr
RAM              0x0000000020000000 0x0000000000010000 xrw
*default*        0x0000000000000000 0xffffffffffffffff

Linker script and memory map


.text           0x0000000000000000     0x7c14
 *(.isr_vector)
 .isr_vector    0x0000000000000000      0x400 _build/gcc_startup_nrf52.o
                0x0000000000000000                __isr_vector
 *(.text*)
 .text          0x0000000000000400       0x6c /usr/local/gcc_arm/gcc-arm-none-eabi-6-2017-q1-update/bin/../lib/gcc/arm-none-eabi/6.3.1/thumb/v7e-m/fpv4-sp/hard/crtbegin.o
 .text          0x000000000000046c       0x74 /usr/local/gcc_arm/gcc-arm-none-eabi-6-2017-q1-update/bin/../lib/gcc/arm-none-eabi/6.3.1/../../../../arm-none-eabi/lib/thumb/v7e-m/fpv4-sp/hard/crt0.o
                0x000000000000046c                _mainCRTStartup
                0x000000000000046c                _start
 .text.exit     0x00000000000004e0       0x28 /usr/local/gcc_arm/gcc-arm-none-eabi-6-2017-q1-update/bin/../lib/gcc/arm-none-eabi/6.3.1/../../../../arm-none-eabi/lib/thumb/v7e-m/fpv4-sp/hard/libc_nano.a(lib_a-exit.o)
                0x00000000000004e0                exit
 .text.__libc_init_array
                0x0000000000000508       0x48 /usr/local/gcc_arm/gcc-arm-none-eabi-6-2017-q1-update/bin/../lib/gcc/arm-none-eabi/6.3.1/../../../../arm-none-eabi/lib/thumb/v7e-m/fpv4-sp/hard/libc_nano.a(lib_a-init.o)
                0x0000000000000508                __libc_init_array
 .text.memset   0x0000000000000550       0x10 /usr/local/gcc_arm/gcc-arm-none-eabi-6-2017-q1-update/bin/../lib/gcc/arm-none-eabi/6.3.1/../../../../arm-none-eabi/lib/thumb/v7e-m/fpv4-sp/hard/libc_nano.a(lib_a-memset.o)
                0x0000000000000550                memset
 .text._exit    0x0000000000000560        0x4 /usr/local/gcc_arm/gcc-arm-none-eabi-6-2017-q1-update/bin/../lib/gcc/arm-none-eabi/6.3.1/../../../../arm-none-eabi/lib/thumb/v7e-m/fpv4-sp/hard/libnosys.a(_exit.o)
                0x0000000000000560                _exit
 .text.app_error_print
                0x0000000000000564       0xb4 _build/app_error.o
 .text.app_error_handler_bare
                0x0000000000000618       0x2c _build/app_error.o
                0x0000000000000618                app_error_handler_bare
 .text.app_error_print_info
                0x0000000000000644       0x38 _build/app_error.o
                0x0000000000000644                app_error_print_info
 .text.NVIC_SystemReset
                0x000000000000067c       0x28 _build/app_error_weak.o
 .text.app_error_fault_handler
                0x00000000000006a4       0x18 _build/app_error_weak.o
                0x00000000000006a4                app_error_fault_handler
 .text.NVIC_EnableIRQ
                0x00000000000006bc       0x34 _build/app_timer.o
 .text.NVIC_DisableIRQ
                0x00000000000006f0       0x34 _build/app_timer.o
 .text.NVIC_SetPendingIRQ
                0x0000000000000724       0x34 _build/app_timer.o
 .text.NVIC_ClearPendingIRQ
                0x0000000000000758       0x34 _build/app_timer.o
 .text.rtc1_start
                0x000000000000078c       0xc4 _build/app_timer.o
 .text.rtc1_stop
                0x0000000000000850      0x14c _build/app_timer.o
 .text.rtc1_counter_get
                0x000000000000099c       0x18 _build/app_timer.o
 .text.ticks_diff_get
                0x00000000000009b4       0x20 _build/app_timer.o
 .text.rtc1_compare0_set
                0x00000000000009d4       0x20 _build/app_timer.o
 .text.timer_list_insert
                0x00000000000009f4       0xb4 _build/app_timer.o
 .text.timer_list_remove
                0x0000000000000aa8       0xa8 _build/app_timer.o
 .text.timer_timeouts_check_sched
                0x0000000000000b50        0xe _build/app_timer.o
 .text.timer_list_handler_sched
                0x0000000000000b5e        0xe _build/app_timer.o
 .text.timeout_handler_exec
                0x0000000000000b6c       0x5c _build/app_timer.o
 .text.timer_timeouts_check
                0x0000000000000bc8       0xc8 _build/app_timer.o
 .text.elapsed_ticks_acquire
                0x0000000000000c90       0x80 _build/app_timer.o
 .text.list_deletions_handler
                0x0000000000000d10       0xc0 _build/app_timer.o
 .text.expired_timers_handler
                0x0000000000000dd0       0x9c _build/app_timer.o
 .text.list_insertions_handler
                0x0000000000000e6c      0x184 _build/app_timer.o
 .text.compare_reg_update
                0x0000000000000ff0      0x130 _build/app_timer.o
 .text.timer_list_handler
                0x0000000000001120       0x78 _build/app_timer.o
 .text.RTC1_IRQHandler
                0x0000000000001198       0x40 _build/app_timer.o
                0x0000000000001198                RTC1_IRQHandler
 .text.SWI0_EGU0_IRQHandler
                0x00000000000011d8        0xc _build/app_timer.o
                0x00000000000011d8                SWI0_EGU0_IRQHandler
 .text.log_rtt_init
                0x00000000000011e4       0x6c _build/nrf_log.o
                0x00000000000011e4                log_rtt_init
 .text.log_rtt_printf
                0x0000000000001250       0x2c _build/nrf_log.o
                0x0000000000001250                log_rtt_printf
 .text.nrf_delay_ms
                0x000000000000127c       0xa4 _build/nrf_delay.o
                0x000000000000127c                nrf_delay_ms
 .text.NVIC_EnableIRQ
                0x0000000000001320       0x34 _build/nrf_drv_common.o
 .text.NVIC_ClearPendingIRQ
                0x0000000000001354       0x34 _build/nrf_drv_common.o
 .text.NVIC_SetPriority
                0x0000000000001388       0x54 _build/nrf_drv_common.o
 .text.nrf_drv_common_irq_enable
                0x00000000000013dc       0x3a _build/nrf_drv_common.o
                0x00000000000013dc                nrf_drv_common_irq_enable
 .text.nrf_gpiote_event_is_set
                0x0000000000001416       0x28 _build/nrf_drv_gpiote.o
 .text.nrf_gpiote_event_clear
                0x000000000000143e       0x32 _build/nrf_drv_gpiote.o
 .text.nrf_gpiote_event_addr_get
                0x0000000000001470       0x20 _build/nrf_drv_gpiote.o
 .text.nrf_gpiote_int_enable
                0x0000000000001490       0x20 _build/nrf_drv_gpiote.o
 .text.nrf_gpiote_int_is_enabled
                0x00000000000014b0       0x24 _build/nrf_drv_gpiote.o
 .text.nrf_gpiote_event_enable
                0x00000000000014d4       0x34 _build/nrf_drv_gpiote.o
 .text.nrf_gpiote_event_configure
                0x0000000000001508       0x6c _build/nrf_drv_gpiote.o
 .text.nrf_gpiote_event_pin_get
                0x0000000000001574       0x2c _build/nrf_drv_gpiote.o
 .text.nrf_gpiote_event_polarity_get
                0x00000000000015a0       0x2c _build/nrf_drv_gpiote.o
 .text.nrf_gpio_cfg
                0x00000000000015cc       0x4e _build/nrf_drv_gpiote.o
 .text.nrf_gpio_cfg_input
                0x000000000000161a       0x2a _build/nrf_drv_gpiote.o
 .text.nrf_gpio_cfg_watcher
                0x0000000000001644       0x38 _build/nrf_drv_gpiote.o
 .text.nrf_gpio_cfg_sense_set
                0x000000000000167c       0x5a _build/nrf_drv_gpiote.o
 .text.nrf_gpio_pins_read
                0x00000000000016d6       0x16 _build/nrf_drv_gpiote.o
 .text.nrf_gpio_pin_sense_get
                0x00000000000016ec       0x2a _build/nrf_drv_gpiote.o
 *fill*         0x0000000000001716        0x2 
 .text.pin_in_use_by_te
                0x0000000000001718       0x44 _build/nrf_drv_gpiote.o
 .text.pin_in_use_by_port
                0x000000000000175c       0x30 _build/nrf_drv_gpiote.o
 .text.pin_in_use_by_gpiote
                0x000000000000178c       0x2c _build/nrf_drv_gpiote.o
 .text.pin_in_use_by_te_set
                0x00000000000017b8       0x58 _build/nrf_drv_gpiote.o
 .text.pin_in_use_clear
                0x0000000000001810       0x24 _build/nrf_drv_gpiote.o
 .text.channel_port_get
                0x0000000000001834       0x24 _build/nrf_drv_gpiote.o
 .text.channel_handler_get
                0x0000000000001858       0x20 _build/nrf_drv_gpiote.o
 .text.channel_port_alloc
                0x0000000000001878       0x74 _build/nrf_drv_gpiote.o
 .text.channel_free
                0x00000000000018ec       0x3c _build/nrf_drv_gpiote.o
 .text.nrf_drv_gpiote_init
                0x0000000000001928       0x70 _build/nrf_drv_gpiote.o
                0x0000000000001928                nrf_drv_gpiote_init
 .text.nrf_drv_gpiote_is_init
                0x0000000000001998       0x24 _build/nrf_drv_gpiote.o
                0x0000000000001998                nrf_drv_gpiote_is_init
 .text.nrf_drv_gpiote_in_init
                0x00000000000019bc       0xb4 _build/nrf_drv_gpiote.o
                0x00000000000019bc                nrf_drv_gpiote_in_init
 .text.nrf_drv_gpiote_in_event_enable
                0x0000000000001a70       0xd8 _build/nrf_drv_gpiote.o
                0x0000000000001a70                nrf_drv_gpiote_in_event_enable
 .text.GPIOTE_IRQHandler
                0x0000000000001b48      0x21c _build/nrf_drv_gpiote.o
                0x0000000000001b48                GPIOTE_IRQHandler
 .text.nrf_spi_event_clear
                0x0000000000001d64       0x22 _build/nrf_drv_spi.o
 .text.nrf_spi_event_check
                0x0000000000001d86       0x2a _build/nrf_drv_spi.o
 .text.nrf_spi_int_enable
                0x0000000000001db0       0x1e _build/nrf_drv_spi.o
 .text.nrf_spi_int_disable
                0x0000000000001dce       0x1e _build/nrf_drv_spi.o
 .text.nrf_spi_enable
                0x0000000000001dec       0x1c _build/nrf_drv_spi.o
 .text.nrf_spi_pins_set
                0x0000000000001e08       0x32 _build/nrf_drv_spi.o
 .text.nrf_spi_txd_set
                0x0000000000001e3a       0x20 _build/nrf_drv_spi.o
 .text.nrf_spi_rxd_get
                0x0000000000001e5a       0x1c _build/nrf_drv_spi.o
 .text.nrf_spi_frequency_set
                0x0000000000001e76       0x1e _build/nrf_drv_spi.o
 .text.nrf_spi_configure
                0x0000000000001e94       0x60 _build/nrf_drv_spi.o
 .text.nrf_gpio_cfg
                0x0000000000001ef4       0x4e _build/nrf_drv_spi.o
 .text.nrf_gpio_cfg_output
                0x0000000000001f42       0x24 _build/nrf_drv_spi.o
 .text.nrf_gpio_cfg_input
                0x0000000000001f66       0x2a _build/nrf_drv_spi.o
 .text.nrf_gpio_pin_set
                0x0000000000001f90       0x24 _build/nrf_drv_spi.o
 .text.nrf_gpio_pin_clear
                0x0000000000001fb4       0x24 _build/nrf_drv_spi.o
 .text.nrf_drv_spi_init
                0x0000000000001fd8      0x174 _build/nrf_drv_spi.o
                0x0000000000001fd8                nrf_drv_spi_init
 .text.nrf_drv_spi_transfer
                0x000000000000214c       0x3a _build/nrf_drv_spi.o
                0x000000000000214c                nrf_drv_spi_transfer
 .text.finish_transfer
                0x0000000000002186       0xba _build/nrf_drv_spi.o
 .text.transfer_byte
                0x0000000000002240       0xb0 _build/nrf_drv_spi.o
 .text.spi_xfer
                0x00000000000022f0       0xca _build/nrf_drv_spi.o
 *fill*         0x00000000000023ba        0x2 
 .text.nrf_drv_spi_xfer
                0x00000000000023bc       0xa0 _build/nrf_drv_spi.o
                0x00000000000023bc                nrf_drv_spi_xfer
 .text.irq_handler_spi
                0x000000000000245c       0x36 _build/nrf_drv_spi.o
 *fill*         0x0000000000002492        0x2 
 .text.SPIM0_SPIS0_TWIM0_TWIS0_SPI0_TWI0_IRQHandler
                0x0000000000002494       0x24 _build/nrf_drv_spi.o
                0x0000000000002494                SPIM0_SPIS0_TWIM0_TWIS0_SPI0_TWI0_IRQHandler
 .text.nrf_uart_event_clear
                0x00000000000024b8       0x22 _build/nrf_drv_uart.o
 .text.nrf_uart_event_check
                0x00000000000024da       0x2a _build/nrf_drv_uart.o
 .text.nrf_uart_int_enable_check
                0x0000000000002504       0x2a _build/nrf_drv_uart.o
 .text.nrf_uart_int_disable
                0x000000000000252e       0x1e _build/nrf_drv_uart.o
 .text.nrf_uart_errorsrc_get_and_clear
                0x000000000000254c       0x26 _build/nrf_drv_uart.o
 .text.nrf_uart_rxd_get
                0x0000000000002572       0x1c _build/nrf_drv_uart.o
 .text.nrf_uart_txd_set
                0x000000000000258e       0x20 _build/nrf_drv_uart.o
 .text.nrf_uart_task_trigger
                0x00000000000025ae       0x22 _build/nrf_drv_uart.o
 .text.nrf_uarte_event_clear
                0x00000000000025d0       0x22 _build/nrf_drv_uart.o
 .text.nrf_uarte_event_check
                0x00000000000025f2       0x2a _build/nrf_drv_uart.o
 .text.nrf_uarte_shorts_disable
                0x000000000000261c       0x28 _build/nrf_drv_uart.o
 .text.nrf_uarte_errorsrc_get_and_clear
                0x0000000000002644       0x26 _build/nrf_drv_uart.o
 .text.nrf_uarte_tx_amount_get
                0x000000000000266a       0x1a _build/nrf_drv_uart.o
 .text.nrf_uarte_rx_amount_get
                0x0000000000002684       0x1a _build/nrf_drv_uart.o
 *fill*         0x000000000000269e        0x2 
 .text.tx_byte  0x00000000000026a0       0x48 _build/nrf_drv_uart.o
 .text.rx_byte  0x00000000000026e8       0x58 _build/nrf_drv_uart.o
 .text.rx_done_event
                0x0000000000002740       0x34 _build/nrf_drv_uart.o
 .text.tx_done_event
                0x0000000000002774       0x3c _build/nrf_drv_uart.o
 .text.uart_irq_handler
                0x00000000000027b0      0x1c8 _build/nrf_drv_uart.o
 .text.uarte_irq_handler
                0x0000000000002978      0x158 _build/nrf_drv_uart.o
 .text.UARTE0_UART0_IRQHandler
                0x0000000000002ad0       0x20 _build/nrf_drv_uart.o
                0x0000000000002ad0                UARTE0_UART0_IRQHandler
 .text.nrf_gpio_cfg
                0x0000000000002af0       0x4e _build/main.o
 .text.nrf_gpio_cfg_output
                0x0000000000002b3e       0x24 _build/main.o
 .text.nrf_gpio_pin_set
                0x0000000000002b62       0x24 _build/main.o
 *fill*         0x0000000000002b86        0x2 
 .text.wifi_cb  0x0000000000002b88      0x1e4 _build/main.o
 .text.spi_event_handler
                0x0000000000002d6c       0x20 _build/main.o
                0x0000000000002d6c                spi_event_handler
 .text.connect  0x0000000000002d8c       0xd4 _build/main.o
                0x0000000000002d8c                connect
 .text.main     0x0000000000002e60      0x194 _build/main.o
                0x0000000000002e60                main
 .text._write_r
                0x0000000000002ff4       0x24 _build/RTT_Syscalls_GCC.o
                0x0000000000002ff4                _write_r
 .text._DoInit  0x0000000000003018       0x9c _build/SEGGER_RTT.o
 .text._WriteBlocking
                0x00000000000030b4       0xb4 _build/SEGGER_RTT.o
 .text._WriteNoCheck
                0x0000000000003168       0x80 _build/SEGGER_RTT.o
 .text._GetAvailWriteSpace
                0x00000000000031e8       0x46 _build/SEGGER_RTT.o
 *fill*         0x000000000000322e        0x2 
 .text.SEGGER_RTT_WriteNoLock
                0x0000000000003230       0x9c _build/SEGGER_RTT.o
                0x0000000000003230                SEGGER_RTT_WriteNoLock
 .text.SEGGER_RTT_Write
                0x00000000000032cc       0x48 _build/SEGGER_RTT.o
                0x00000000000032cc                SEGGER_RTT_Write
 .text.SEGGER_RTT_ConfigUpBuffer
                0x0000000000003314       0xd4 _build/SEGGER_RTT.o
                0x0000000000003314                SEGGER_RTT_ConfigUpBuffer
 .text.SEGGER_RTT_ConfigDownBuffer
                0x00000000000033e8       0xd4 _build/SEGGER_RTT.o
                0x00000000000033e8                SEGGER_RTT_ConfigDownBuffer
 .text._StoreChar
                0x00000000000034bc       0x7c _build/SEGGER_RTT_printf.o
 .text._PrintUnsigned
                0x0000000000003538      0x158 _build/SEGGER_RTT_printf.o
 .text._PrintInt
                0x0000000000003690      0x14e _build/SEGGER_RTT_printf.o
 *fill*         0x00000000000037de        0x2 
 .text.SEGGER_RTT_vprintf
                0x00000000000037e0      0x32c _build/SEGGER_RTT_printf.o
                0x00000000000037e0                SEGGER_RTT_vprintf
 .text.NVIC_SystemReset
                0x0000000000003b0c       0x28 _build/system_nrf52.o
 .text.SystemCoreClockUpdate
                0x0000000000003b34       0x1c _build/system_nrf52.o
                0x0000000000003b34                SystemCoreClockUpdate
 .text.SystemInit
                0x0000000000003b50      0x258 _build/system_nrf52.o
                0x0000000000003b50                SystemInit
 .text.errata_16
                0x0000000000003da8       0x44 _build/system_nrf52.o
 .text.errata_31
                0x0000000000003dec       0x64 _build/system_nrf52.o
 .text.errata_32
                0x0000000000003e50       0x44 _build/system_nrf52.o
 .text.errata_36
                0x0000000000003e94       0x64 _build/system_nrf52.o
 .text.errata_37
                0x0000000000003ef8       0x44 _build/system_nrf52.o
 .text.errata_57
                0x0000000000003f3c       0x44 _build/system_nrf52.o
 .text.errata_66
                0x0000000000003f80       0x44 _build/system_nrf52.o
 .text.nrf_gpio_pin_set
                0x0000000000003fc4       0x24 _build/nm_bus_wrapper_nrf52832.o
 .text.nrf_gpio_pin_clear
                0x0000000000003fe8       0x24 _build/nm_bus_wrapper_nrf52832.o
 .text.spi_rw   0x000000000000400c       0xfc _build/nm_bus_wrapper_nrf52832.o
 .text.nm_bus_init
                0x0000000000004108       0x22 _build/nm_bus_wrapper_nrf52832.o
                0x0000000000004108                nm_bus_init
 .text.nm_bus_ioctl
                0x000000000000412a       0x44 _build/nm_bus_wrapper_nrf52832.o
                0x000000000000412a                nm_bus_ioctl
 .text.nm_bus_deinit
                0x000000000000416e       0x1a _build/nm_bus_wrapper_nrf52832.o
                0x000000000000416e                nm_bus_deinit
 .text.nrf_gpio_pin_set
                0x0000000000004188       0x24 _build/nm_bsp_nrf52832.o
 .text.nrf_gpio_pin_clear
                0x00000000000041ac       0x24 _build/nm_bsp_nrf52832.o
 .text.chip_isr
                0x00000000000041d0       0x1c _build/nm_bsp_nrf52832.o
 .text.init_chip_pins
                0x00000000000041ec        0xe _build/nm_bsp_nrf52832.o
 *fill*         0x00000000000041fa        0x2 
 .text.nm_bsp_init
                0x00000000000041fc       0x1c _build/nm_bsp_nrf52832.o
                0x00000000000041fc                nm_bsp_init
 .text.nm_bsp_reset
                0x0000000000004218       0x32 _build/nm_bsp_nrf52832.o
                0x0000000000004218                nm_bsp_reset
 .text.nm_bsp_sleep
                0x000000000000424a       0x16 _build/nm_bsp_nrf52832.o
                0x000000000000424a                nm_bsp_sleep
 .text.nm_bsp_register_isr
                0x0000000000004260       0x78 _build/nm_bsp_nrf52832.o
                0x0000000000004260                nm_bsp_register_isr
 .text.nm_bsp_interrupt_ctrl
                0x00000000000042d8       0x2a _build/nm_bsp_nrf52832.o
                0x00000000000042d8                nm_bsp_interrupt_ctrl
 *fill*         0x0000000000004302        0x2 
 .text.m2m_wifi_cb
                0x0000000000004304      0x304 _build/m2m_wifi.o
 .text.m2m_wifi_init
                0x0000000000004608       0x98 _build/m2m_wifi.o
                0x0000000000004608                m2m_wifi_init
 .text.m2m_wifi_handle_events
                0x00000000000046a0       0x16 _build/m2m_wifi.o
                0x00000000000046a0                m2m_wifi_handle_events
 .text.m2m_wifi_connect
                0x00000000000046b6       0x30 _build/m2m_wifi.o
                0x00000000000046b6                m2m_wifi_connect
 .text.m2m_wifi_connect_sc
                0x00000000000046e6      0x258 _build/m2m_wifi.o
                0x00000000000046e6                m2m_wifi_connect_sc
 .text.m2m_wifi_request_dhcp_client
                0x000000000000493e       0x10 _build/m2m_wifi.o
                0x000000000000493e                m2m_wifi_request_dhcp_client
 *fill*         0x000000000000494e        0x2 
 .text.m2m_wifi_request_scan
                0x0000000000004950       0x74 _build/m2m_wifi.o
                0x0000000000004950                m2m_wifi_request_scan
 .text.isr      0x00000000000049c4       0x20 _build/m2m_hif.o
 .text.hif_set_rx_done
                0x00000000000049e4       0x56 _build/m2m_hif.o
 .text.m2m_hif_cb
                0x0000000000004a3a       0x1c _build/m2m_hif.o
 *fill*         0x0000000000004a56        0x2 
 .text.hif_chip_wake
                0x0000000000004a58       0x7c _build/m2m_hif.o
                0x0000000000004a58                hif_chip_wake
 .text.hif_chip_sleep
                0x0000000000004ad4       0xb0 _build/m2m_hif.o
                0x0000000000004ad4                hif_chip_sleep
 .text.hif_init
                0x0000000000004b84       0x5c _build/m2m_hif.o
                0x0000000000004b84                hif_init
 .text.hif_send
                0x0000000000004be0      0x220 _build/m2m_hif.o
                0x0000000000004be0                hif_send
 .text.hif_isr  0x0000000000004e00      0x214 _build/m2m_hif.o
 .text.hif_handle_isr
                0x0000000000005014       0x44 _build/m2m_hif.o
                0x0000000000005014                hif_handle_isr
 .text.hif_receive
                0x0000000000005058      0x10c _build/m2m_hif.o
                0x0000000000005058                hif_receive
 .text.hif_register_cb
                0x0000000000005164       0x9c _build/m2m_hif.o
                0x0000000000005164                hif_register_cb
 .text.m2m_memcpy
                0x0000000000005200       0x40 _build/nm_common.o
                0x0000000000005200                m2m_memcpy
 .text.m2m_memset
                0x0000000000005240       0x3a _build/nm_common.o
                0x0000000000005240                m2m_memset
 .text.m2m_strlen
                0x000000000000527a       0x30 _build/nm_common.o
                0x000000000000527a                m2m_strlen
 *fill*         0x00000000000052aa        0x2 
 .text.nm_get_firmware_info
                0x00000000000052ac      0x130 _build/nmdrv.o
                0x00000000000052ac                nm_get_firmware_info
 .text.nm_drv_init
                0x00000000000053dc       0xac _build/nmdrv.o
                0x00000000000053dc                nm_drv_init
 .text.nm_drv_deinit
                0x0000000000005488       0x56 _build/nmdrv.o
                0x0000000000005488                nm_drv_deinit
 .text.chip_apply_conf
                0x00000000000054de       0x58 _build/nmasic.o
                0x00000000000054de                chip_apply_conf
 *fill*         0x0000000000005536        0x2 
 .text.nm_clkless_wake
                0x0000000000005538      0x13c _build/nmasic.o
                0x0000000000005538                nm_clkless_wake
 .text.enable_interrupts
                0x0000000000005674       0x98 _build/nmasic.o
                0x0000000000005674                enable_interrupts
 .text.nmi_get_chipid
                0x000000000000570c       0xe8 _build/nmasic.o
                0x000000000000570c                nmi_get_chipid
 .text.wait_for_bootrom
                0x00000000000057f4      0x100 _build/nmasic.o
                0x00000000000057f4                wait_for_bootrom
 .text.wait_for_firmware_start
                0x00000000000058f4       0x94 _build/nmasic.o
                0x00000000000058f4                wait_for_firmware_start
 .text.chip_deinit
                0x0000000000005988       0xa0 _build/nmasic.o
                0x0000000000005988                chip_deinit
 .text.nm_bus_iface_init
                0x0000000000005a28       0x22 _build/nmbus.o
                0x0000000000005a28                nm_bus_iface_init
 .text.nm_bus_iface_deinit
                0x0000000000005a4a       0x1e _build/nmbus.o
                0x0000000000005a4a                nm_bus_iface_deinit
 .text.nm_read_reg
                0x0000000000005a68       0x18 _build/nmbus.o
                0x0000000000005a68                nm_read_reg
 .text.nm_read_reg_with_ret
                0x0000000000005a80       0x1c _build/nmbus.o
                0x0000000000005a80                nm_read_reg_with_ret
 .text.nm_write_reg
                0x0000000000005a9c       0x1c _build/nmbus.o
                0x0000000000005a9c                nm_write_reg
 .text.p_nm_read_block
                0x0000000000005ab8       0x24 _build/nmbus.o
 .text.nm_read_block
                0x0000000000005adc       0x94 _build/nmbus.o
                0x0000000000005adc                nm_read_block
 .text.p_nm_write_block
                0x0000000000005b70       0x24 _build/nmbus.o
 .text.nm_write_block
                0x0000000000005b94       0x94 _build/nmbus.o
                0x0000000000005b94                nm_write_block
 .text.nmi_spi_read
                0x0000000000005c28       0x2e _build/nmspi.o
 .text.nmi_spi_write
                0x0000000000005c56       0x2e _build/nmspi.o
 .text.crc7_byte
                0x0000000000005c84       0x2c _build/nmspi.o
 .text.crc7     0x0000000000005cb0       0x3a _build/nmspi.o
 *fill*         0x0000000000005cea        0x2 
 .text.spi_cmd  0x0000000000005cec      0x22c _build/nmspi.o
 .text.spi_cmd_rsp
                0x0000000000005f18       0xaa _build/nmspi.o
 *fill*         0x0000000000005fc2        0x2 
 .text.spi_data_read
                0x0000000000005fc4       0xf0 _build/nmspi.o
 .text.spi_data_write
                0x00000000000060b4       0xe8 _build/nmspi.o
 .text.spi_write_reg
                0x000000000000619c       0x80 _build/nmspi.o
 .text.nm_spi_write
                0x000000000000621c       0x8c _build/nmspi.o
 .text.spi_read_reg
                0x00000000000062a8       0xc8 _build/nmspi.o
 .text.nm_spi_read
                0x0000000000006370       0x92 _build/nmspi.o
 .text.spi_init_pkt_sz
                0x0000000000006402       0x34 _build/nmspi.o
 *fill*         0x0000000000006436        0x2 
 .text.nm_spi_init
                0x0000000000006438       0xa4 _build/nmspi.o
                0x0000000000006438                nm_spi_init
 .text.nm_spi_deinit
                0x00000000000064dc       0x1c _build/nmspi.o
                0x00000000000064dc                nm_spi_deinit
 .text.nm_spi_read_reg
                0x00000000000064f8       0x1e _build/nmspi.o
                0x00000000000064f8                nm_spi_read_reg
 .text.nm_spi_read_reg_with_ret
                0x0000000000006516       0x34 _build/nmspi.o
                0x0000000000006516                nm_spi_read_reg_with_ret
 .text.nm_spi_write_reg
                0x000000000000654a       0x34 _build/nmspi.o
                0x000000000000654a                nm_spi_write_reg
 .text.nm_spi_read_block
                0x000000000000657e       0x3c _build/nmspi.o
                0x000000000000657e                nm_spi_read_block
 .text.nm_spi_write_block
                0x00000000000065ba       0x3c _build/nmspi.o
                0x00000000000065ba                nm_spi_write_block
 *fill*         0x00000000000065f6        0x2 
 .text.spi_flash_enter_low_power_mode
                0x00000000000065f8       0x6c _build/spi_flash.o
 .text.spi_flash_leave_low_power_mode
                0x0000000000006664       0x6c _build/spi_flash.o
 .text.spi_flash_enable
                0x00000000000066d0       0x9c _build/spi_flash.o
                0x00000000000066d0                spi_flash_enable
 .text          0x000000000000676c       0x3c _build/gcc_startup_nrf52.o
                0x000000000000676c                Reset_Handler
                0x0000000000006794                NMI_Handler
                0x0000000000006796                HardFault_Handler
                0x0000000000006798                MemoryManagement_Handler
                0x000000000000679a                BusFault_Handler
                0x000000000000679c                UsageFault_Handler
                0x000000000000679e                SVC_Handler
                0x00000000000067a0                DebugMonitor_Handler
                0x00000000000067a2                PendSV_Handler
                0x00000000000067a4                SysTick_Handler
                0x00000000000067a6                FPU_IRQHandler
                0x00000000000067a6                TIMER4_IRQHandler
                0x00000000000067a6                I2S_IRQHandler
                0x00000000000067a6                SWI4_EGU4_IRQHandler
                0x00000000000067a6                TIMER0_IRQHandler
                0x00000000000067a6                TIMER1_IRQHandler
                0x00000000000067a6                PWM2_IRQHandler
                0x00000000000067a6                ECB_IRQHandler
                0x00000000000067a6                SPIM1_SPIS1_TWIM1_TWIS1_SPI1_TWI1_IRQHandler
                0x00000000000067a6                Default_Handler
                0x00000000000067a6                SAADC_IRQHandler
                0x00000000000067a6                CCM_AAR_IRQHandler
                0x00000000000067a6                WDT_IRQHandler
                0x00000000000067a6                SWI5_EGU5_IRQHandler
                0x00000000000067a6                RNG_IRQHandler
                0x00000000000067a6                RTC2_IRQHandler
                0x00000000000067a6                PWM0_IRQHandler
                0x00000000000067a6                SWI3_EGU3_IRQHandler
                0x00000000000067a6                SWI1_EGU1_IRQHandler
                0x00000000000067a6                SPIM2_SPIS2_SPI2_IRQHandler
                0x00000000000067a6                NFCT_IRQHandler
                0x00000000000067a6                MWU_IRQHandler
                0x00000000000067a6                TIMER2_IRQHandler
                0x00000000000067a6                COMP_LPCOMP_IRQHandler
                0x00000000000067a6                RTC0_IRQHandler
                0x00000000000067a6                SWI2_EGU2_IRQHandler
                0x00000000000067a6                PWM1_IRQHandler
                0x00000000000067a6                POWER_CLOCK_IRQHandler
                0x00000000000067a6                RADIO_IRQHandler
                0x00000000000067a6                PDM_IRQHandler
                0x00000000000067a6                TEMP_IRQHandler
                0x00000000000067a6                QDEC_IRQHandler
                0x00000000000067a6                TIMER3_IRQHandler
 .text.memcpy   0x00000000000067a8       0x16 /usr/local/gcc_arm/gcc-arm-none-eabi-6-2017-q1-update/bin/../lib/gcc/arm-none-eabi/6.3.1/../../../../arm-none-eabi/lib/thumb/v7e-m/fpv4-sp/hard/libc_nano.a(lib_a-memcpy-stub.o)
                0x00000000000067a8                memcpy
 *fill*         0x00000000000067be        0x2 
 .text.printf   0x00000000000067c0       0x30 /usr/local/gcc_arm/gcc-arm-none-eabi-6-2017-q1-update/bin/../lib/gcc/arm-none-eabi/6.3.1/../../../../arm-none-eabi/lib/thumb/v7e-m/fpv4-sp/hard/libc_nano.a(lib_a-printf.o)
                0x00000000000067c0                printf
                0x00000000000067c0                iprintf
 .text.strcpy   0x00000000000067f0       0x10 /usr/local/gcc_arm/gcc-arm-none-eabi-6-2017-q1-update/bin/../lib/gcc/arm-none-eabi/6.3.1/../../../../arm-none-eabi/lib/thumb/v7e-m/fpv4-sp/hard/libc_nano.a(lib_a-strcpy.o)
                0x00000000000067f0                strcpy
 .text          0x0000000000006800       0x10 /usr/local/gcc_arm/gcc-arm-none-eabi-6-2017-q1-update/bin/../lib/gcc/arm-none-eabi/6.3.1/../../../../arm-none-eabi/lib/thumb/v7e-m/fpv4-sp/hard/libc_nano.a(lib_a-strlen.o)
                0x0000000000006800                strlen
 .text._cleanup_r
                0x0000000000006810        0xc /usr/local/gcc_arm/gcc-arm-none-eabi-6-2017-q1-update/bin/../lib/gcc/arm-none-eabi/6.3.1/../../../../arm-none-eabi/lib/thumb/v7e-m/fpv4-sp/hard/libc_nano.a(lib_a-findfp.o)
                0x0000000000006810                _cleanup_r
 .text.std.isra.0
                0x000000000000681c       0x48 /usr/local/gcc_arm/gcc-arm-none-eabi-6-2017-q1-update/bin/../lib/gcc/arm-none-eabi/6.3.1/../../../../arm-none-eabi/lib/thumb/v7e-m/fpv4-sp/hard/libc_nano.a(lib_a-findfp.o)
 .text.__sfmoreglue
                0x0000000000006864       0x2c /usr/local/gcc_arm/gcc-arm-none-eabi-6-2017-q1-update/bin/../lib/gcc/arm-none-eabi/6.3.1/../../../../arm-none-eabi/lib/thumb/v7e-m/fpv4-sp/hard/libc_nano.a(lib_a-findfp.o)
                0x0000000000006864                __sfmoreglue
 .text.__sinit  0x0000000000006890       0x60 /usr/local/gcc_arm/gcc-arm-none-eabi-6-2017-q1-update/bin/../lib/gcc/arm-none-eabi/6.3.1/../../../../arm-none-eabi/lib/thumb/v7e-m/fpv4-sp/hard/libc_nano.a(lib_a-findfp.o)
                0x0000000000006890                __sinit
 .text.__sfp    0x00000000000068f0       0x78 /usr/local/gcc_arm/gcc-arm-none-eabi-6-2017-q1-update/bin/../lib/gcc/arm-none-eabi/6.3.1/../../../../arm-none-eabi/lib/thumb/v7e-m/fpv4-sp/hard/libc_nano.a(lib_a-findfp.o)
                0x00000000000068f0                __sfp
 .text._fwalk_reent
                0x0000000000006968       0x3c /usr/local/gcc_arm/gcc-arm-none-eabi-6-2017-q1-update/bin/../lib/gcc/arm-none-eabi/6.3.1/../../../../arm-none-eabi/lib/thumb/v7e-m/fpv4-sp/hard/libc_nano.a(lib_a-fwalk.o)
                0x0000000000006968                _fwalk_reent
 .text._malloc_r
                0x00000000000069a4       0xbc /usr/local/gcc_arm/gcc-arm-none-eabi-6-2017-q1-update/bin/../lib/gcc/arm-none-eabi/6.3.1/../../../../arm-none-eabi/lib/thumb/v7e-m/fpv4-sp/hard/libc_nano.a(lib_a-nano-mallocr.o)
                0x00000000000069a4                _malloc_r
 .text.__sfputc_r
                0x0000000000006a60       0x30 /usr/local/gcc_arm/gcc-arm-none-eabi-6-2017-q1-update/bin/../lib/gcc/arm-none-eabi/6.3.1/../../../../arm-none-eabi/lib/thumb/v7e-m/fpv4-sp/hard/libc_nano.a(lib_a-nano-vfprintf.o)
 .text.__sfputs_r
                0x0000000000006a90       0x24 /usr/local/gcc_arm/gcc-arm-none-eabi-6-2017-q1-update/bin/../lib/gcc/arm-none-eabi/6.3.1/../../../../arm-none-eabi/lib/thumb/v7e-m/fpv4-sp/hard/libc_nano.a(lib_a-nano-vfprintf.o)
                0x0000000000006a90                __sfputs_r
 .text._vfprintf_r
                0x0000000000006ab4      0x22c /usr/local/gcc_arm/gcc-arm-none-eabi-6-2017-q1-update/bin/../lib/gcc/arm-none-eabi/6.3.1/../../../../arm-none-eabi/lib/thumb/v7e-m/fpv4-sp/hard/libc_nano.a(lib_a-nano-vfprintf.o)
                0x0000000000006ab4                _vfiprintf_r
                0x0000000000006ab4                _vfprintf_r
 .text._printf_common
                0x0000000000006ce0       0xec /usr/local/gcc_arm/gcc-arm-none-eabi-6-2017-q1-update/bin/../lib/gcc/arm-none-eabi/6.3.1/../../../../arm-none-eabi/lib/thumb/v7e-m/fpv4-sp/hard/libc_nano.a(lib_a-nano-vfprintf_i.o)
                0x0000000000006ce0                _printf_common
 .text._printf_i
                0x0000000000006dcc      0x240 /usr/local/gcc_arm/gcc-arm-none-eabi-6-2017-q1-update/bin/../lib/gcc/arm-none-eabi/6.3.1/../../../../arm-none-eabi/lib/thumb/v7e-m/fpv4-sp/hard/libc_nano.a(lib_a-nano-vfprintf_i.o)
                0x0000000000006dcc                _printf_i
 .text._sbrk_r  0x000000000000700c       0x20 /usr/local/gcc_arm/gcc-arm-none-eabi-6-2017-q1-update/bin/../lib/gcc/arm-none-eabi/6.3.1/../../../../arm-none-eabi/lib/thumb/v7e-m/fpv4-sp/hard/libc_nano.a(lib_a-sbrkr.o)
                0x000000000000700c                _sbrk_r
 .text.__sread  0x000000000000702c       0x22 /usr/local/gcc_arm/gcc-arm-none-eabi-6-2017-q1-update/bin/../lib/gcc/arm-none-eabi/6.3.1/../../../../arm-none-eabi/lib/thumb/v7e-m/fpv4-sp/hard/libc_nano.a(lib_a-stdio.o)
                0x000000000000702c                __sread
 .text.__swrite
                0x000000000000704e       0x38 /usr/local/gcc_arm/gcc-arm-none-eabi-6-2017-q1-update/bin/../lib/gcc/arm-none-eabi/6.3.1/../../../../arm-none-eabi/lib/thumb/v7e-m/fpv4-sp/hard/libc_nano.a(lib_a-stdio.o)
                0x000000000000704e                __swrite
 .text.__sseek  0x0000000000007086       0x24 /usr/local/gcc_arm/gcc-arm-none-eabi-6-2017-q1-update/bin/../lib/gcc/arm-none-eabi/6.3.1/../../../../arm-none-eabi/lib/thumb/v7e-m/fpv4-sp/hard/libc_nano.a(lib_a-stdio.o)
                0x0000000000007086                __sseek
 .text.__sclose
                0x00000000000070aa        0x8 /usr/local/gcc_arm/gcc-arm-none-eabi-6-2017-q1-update/bin/../lib/gcc/arm-none-eabi/6.3.1/../../../../arm-none-eabi/lib/thumb/v7e-m/fpv4-sp/hard/libc_nano.a(lib_a-stdio.o)
                0x00000000000070aa                __sclose
 *fill*         0x00000000000070b2        0x2 
 .text.__swbuf_r
                0x00000000000070b4       0xa4 /usr/local/gcc_arm/gcc-arm-none-eabi-6-2017-q1-update/bin/../lib/gcc/arm-none-eabi/6.3.1/../../../../arm-none-eabi/lib/thumb/v7e-m/fpv4-sp/hard/libc_nano.a(lib_a-wbuf.o)
                0x00000000000070b4                __swbuf_r
 .text.__swsetup_r
                0x0000000000007158       0xdc /usr/local/gcc_arm/gcc-arm-none-eabi-6-2017-q1-update/bin/../lib/gcc/arm-none-eabi/6.3.1/../../../../arm-none-eabi/lib/thumb/v7e-m/fpv4-sp/hard/libc_nano.a(lib_a-wsetup.o)
                0x0000000000007158                __swsetup_r
 .text._close_r
                0x0000000000007234       0x20 /usr/local/gcc_arm/gcc-arm-none-eabi-6-2017-q1-update/bin/../lib/gcc/arm-none-eabi/6.3.1/../../../../arm-none-eabi/lib/thumb/v7e-m/fpv4-sp/hard/libc_nano.a(lib_a-closer.o)
                0x0000000000007234                _close_r
 .text.__sflush_r
                0x0000000000007254      0x110 /usr/local/gcc_arm/gcc-arm-none-eabi-6-2017-q1-update/bin/../lib/gcc/arm-none-eabi/6.3.1/../../../../arm-none-eabi/lib/thumb/v7e-m/fpv4-sp/hard/libc_nano.a(lib_a-fflush.o)
                0x0000000000007254                __sflush_r
 .text._fflush_r
                0x0000000000007364       0x54 /usr/local/gcc_arm/gcc-arm-none-eabi-6-2017-q1-update/bin/../lib/gcc/arm-none-eabi/6.3.1/../../../../arm-none-eabi/lib/thumb/v7e-m/fpv4-sp/hard/libc_nano.a(lib_a-fflush.o)
                0x0000000000007364                _fflush_r
 .text._lseek_r
                0x00000000000073b8       0x24 /usr/local/gcc_arm/gcc-arm-none-eabi-6-2017-q1-update/bin/../lib/gcc/arm-none-eabi/6.3.1/../../../../arm-none-eabi/lib/thumb/v7e-m/fpv4-sp/hard/libc_nano.a(lib_a-lseekr.o)
                0x00000000000073b8                _lseek_r
 .text.__swhatbuf_r
                0x00000000000073dc       0x48 /usr/local/gcc_arm/gcc-arm-none-eabi-6-2017-q1-update/bin/../lib/gcc/arm-none-eabi/6.3.1/../../../../arm-none-eabi/lib/thumb/v7e-m/fpv4-sp/hard/libc_nano.a(lib_a-makebuf.o)
                0x00000000000073dc                __swhatbuf_r
 .text.__smakebuf_r
                0x0000000000007424       0x80 /usr/local/gcc_arm/gcc-arm-none-eabi-6-2017-q1-update/bin/../lib/gcc/arm-none-eabi/6.3.1/../../../../arm-none-eabi/lib/thumb/v7e-m/fpv4-sp/hard/libc_nano.a(lib_a-makebuf.o)
                0x0000000000007424                __smakebuf_r
 *fill*         0x00000000000074a4        0xc 
 .text          0x00000000000074b0       0xa0 /usr/local/gcc_arm/gcc-arm-none-eabi-6-2017-q1-update/bin/../lib/gcc/arm-none-eabi/6.3.1/../../../../arm-none-eabi/lib/thumb/v7e-m/fpv4-sp/hard/libc_nano.a(lib_a-memchr.o)
                0x00000000000074b0                memchr
 .text.__malloc_lock
                0x0000000000007550        0x2 /usr/local/gcc_arm/gcc-arm-none-eabi-6-2017-q1-update/bin/../lib/gcc/arm-none-eabi/6.3.1/../../../../arm-none-eabi/lib/thumb/v7e-m/fpv4-sp/hard/libc_nano.a(lib_a-mlock.o)
                0x0000000000007550                __malloc_lock
 .text.__malloc_unlock
                0x0000000000007552        0x2 /usr/local/gcc_arm/gcc-arm-none-eabi-6-2017-q1-update/bin/../lib/gcc/arm-none-eabi/6.3.1/../../../../arm-none-eabi/lib/thumb/v7e-m/fpv4-sp/hard/libc_nano.a(lib_a-mlock.o)
                0x0000000000007552                __malloc_unlock
 .text._free_r  0x0000000000007554       0x9c /usr/local/gcc_arm/gcc-arm-none-eabi-6-2017-q1-update/bin/../lib/gcc/arm-none-eabi/6.3.1/../../../../arm-none-eabi/lib/thumb/v7e-m/fpv4-sp/hard/libc_nano.a(lib_a-nano-freer.o)
                0x0000000000007554                _free_r
 .text._read_r  0x00000000000075f0       0x24 /usr/local/gcc_arm/gcc-arm-none-eabi-6-2017-q1-update/bin/../lib/gcc/arm-none-eabi/6.3.1/../../../../arm-none-eabi/lib/thumb/v7e-m/fpv4-sp/hard/libc_nano.a(lib_a-readr.o)
                0x00000000000075f0                _read_r
 .text._fstat_r
                0x0000000000007614       0x24 /usr/local/gcc_arm/gcc-arm-none-eabi-6-2017-q1-update/bin/../lib/gcc/arm-none-eabi/6.3.1/../../../../arm-none-eabi/lib/thumb/v7e-m/fpv4-sp/hard/libc_nano.a(lib_a-fstatr.o)
                0x0000000000007614                _fstat_r
 .text._isatty_r
                0x0000000000007638       0x20 /usr/local/gcc_arm/gcc-arm-none-eabi-6-2017-q1-update/bin/../lib/gcc/arm-none-eabi/6.3.1/../../../../arm-none-eabi/lib/thumb/v7e-m/fpv4-sp/hard/libc_nano.a(lib_a-isattyr.o)
                0x0000000000007638                _isatty_r
 .text._close   0x0000000000007658       0x10 /usr/local/gcc_arm/gcc-arm-none-eabi-6-2017-q1-update/bin/../lib/gcc/arm-none-eabi/6.3.1/../../../../arm-none-eabi/lib/thumb/v7e-m/fpv4-sp/hard/libnosys.a(close.o)
                0x0000000000007658                _close
 .text._fstat   0x0000000000007668       0x10 /usr/local/gcc_arm/gcc-arm-none-eabi-6-2017-q1-update/bin/../lib/gcc/arm-none-eabi/6.3.1/../../../../arm-none-eabi/lib/thumb/v7e-m/fpv4-sp/hard/libnosys.a(fstat.o)
                0x0000000000007668                _fstat
 .text._isatty  0x0000000000007678       0x10 /usr/local/gcc_arm/gcc-arm-none-eabi-6-2017-q1-update/bin/../lib/gcc/arm-none-eabi/6.3.1/../../../../arm-none-eabi/lib/thumb/v7e-m/fpv4-sp/hard/libnosys.a(isatty.o)
                0x0000000000007678                _isatty
 .text._lseek   0x0000000000007688       0x10 /usr/local/gcc_arm/gcc-arm-none-eabi-6-2017-q1-update/bin/../lib/gcc/arm-none-eabi/6.3.1/../../../../arm-none-eabi/lib/thumb/v7e-m/fpv4-sp/hard/libnosys.a(lseek.o)
                0x0000000000007688                _lseek
 .text._read    0x0000000000007698       0x10 /usr/local/gcc_arm/gcc-arm-none-eabi-6-2017-q1-update/bin/../lib/gcc/arm-none-eabi/6.3.1/../../../../arm-none-eabi/lib/thumb/v7e-m/fpv4-sp/hard/libnosys.a(read.o)
                0x0000000000007698                _read
 .text._sbrk    0x00000000000076a8       0x1c /usr/local/gcc_arm/gcc-arm-none-eabi-6-2017-q1-update/bin/../lib/gcc/arm-none-eabi/6.3.1/../../../../arm-none-eabi/lib/thumb/v7e-m/fpv4-sp/hard/libnosys.a(sbrk.o)
                0x00000000000076a8                _sbrk
 *(.init)
 .init          0x00000000000076c4        0x4 /usr/local/gcc_arm/gcc-arm-none-eabi-6-2017-q1-update/bin/../lib/gcc/arm-none-eabi/6.3.1/thumb/v7e-m/fpv4-sp/hard/crti.o
                0x00000000000076c4                _init
 .init          0x00000000000076c8        0x8 /usr/local/gcc_arm/gcc-arm-none-eabi-6-2017-q1-update/bin/../lib/gcc/arm-none-eabi/6.3.1/thumb/v7e-m/fpv4-sp/hard/crtn.o
 *(.fini)
 .fini          0x00000000000076d0        0x4 /usr/local/gcc_arm/gcc-arm-none-eabi-6-2017-q1-update/bin/../lib/gcc/arm-none-eabi/6.3.1/thumb/v7e-m/fpv4-sp/hard/crti.o
                0x00000000000076d0                _fini
 .fini          0x00000000000076d4        0x8 /usr/local/gcc_arm/gcc-arm-none-eabi-6-2017-q1-update/bin/../lib/gcc/arm-none-eabi/6.3.1/thumb/v7e-m/fpv4-sp/hard/crtn.o
 *crtbegin.o(.ctors)
 *crtbegin?.o(.ctors)
 *(EXCLUDE_FILE(*crtend.o *crtend?.o) .ctors)
 *(SORT(.ctors.*))
 *(.ctors)
 *crtbegin.o(.dtors)
 *crtbegin?.o(.dtors)
 *(EXCLUDE_FILE(*crtend.o *crtend?.o) .dtors)
 *(SORT(.dtors.*))
 *(.dtors)
 *(.rodata*)
 .rodata._global_impure_ptr
                0x00000000000076dc        0x4 /usr/local/gcc_arm/gcc-arm-none-eabi-6-2017-q1-update/bin/../lib/gcc/arm-none-eabi/6.3.1/../../../../arm-none-eabi/lib/thumb/v7e-m/fpv4-sp/hard/libc_nano.a(lib_a-impure.o)
                0x00000000000076dc                _global_impure_ptr
 .rodata        0x00000000000076e0       0xa8 _build/app_error.o
 .rodata        0x0000000000007788       0x46 _build/app_timer.o
 *fill*         0x00000000000077ce        0x2 
 .rodata        0x00000000000077d0        0xe _build/nrf_log.o
 *fill*         0x00000000000077de        0x2 
 .rodata.m_default_config
                0x00000000000077e0       0x10 _build/nrf_drv_spi.o
 .rodata.spi    0x00000000000077f0        0x8 _build/main.o
 .rodata        0x00000000000077f8      0x198 _build/main.o
 .rodata        0x0000000000007990       0x17 _build/SEGGER_RTT.o
 *fill*         0x00000000000079a7        0x1 
 .rodata._aV2C.5479
                0x00000000000079a8       0x10 _build/SEGGER_RTT_printf.o
 .rodata.spi    0x00000000000079b8        0x8 _build/nm_bus_wrapper_nrf52832.o
 .rodata        0x00000000000079c0       0x61 _build/nm_bus_wrapper_nrf52832.o
 .rodata.m_length.8898
                0x0000000000007a21        0x1 _build/nm_bus_wrapper_nrf52832.o
 *fill*         0x0000000000007a22        0x2 
 .rodata        0x0000000000007a24       0x58 _build/nm_bsp_nrf52832.o
 .rodata.crc7_syndrome_table
                0x0000000000007a7c      0x100 _build/nmspi.o
 .rodata.__sf_fake_stderr
                0x0000000000007b7c       0x20 /usr/local/gcc_arm/gcc-arm-none-eabi-6-2017-q1-update/bin/../lib/gcc/arm-none-eabi/6.3.1/../../../../arm-none-eabi/lib/thumb/v7e-m/fpv4-sp/hard/libc_nano.a(lib_a-findfp.o)
                0x0000000000007b7c                __sf_fake_stderr
 .rodata.__sf_fake_stdin
                0x0000000000007b9c       0x20 /usr/local/gcc_arm/gcc-arm-none-eabi-6-2017-q1-update/bin/../lib/gcc/arm-none-eabi/6.3.1/../../../../arm-none-eabi/lib/thumb/v7e-m/fpv4-sp/hard/libc_nano.a(lib_a-findfp.o)
                0x0000000000007b9c                __sf_fake_stdin
 .rodata.__sf_fake_stdout
                0x0000000000007bbc       0x20 /usr/local/gcc_arm/gcc-arm-none-eabi-6-2017-q1-update/bin/../lib/gcc/arm-none-eabi/6.3.1/../../../../arm-none-eabi/lib/thumb/v7e-m/fpv4-sp/hard/libc_nano.a(lib_a-findfp.o)
                0x0000000000007bbc                __sf_fake_stdout
 .rodata._vfprintf_r.str1.1
                0x0000000000007bdc       0x11 /usr/local/gcc_arm/gcc-arm-none-eabi-6-2017-q1-update/bin/../lib/gcc/arm-none-eabi/6.3.1/../../../../arm-none-eabi/lib/thumb/v7e-m/fpv4-sp/hard/libc_nano.a(lib_a-nano-vfprintf.o)
 .rodata._printf_i.str1.1
                0x0000000000007bed       0x22 /usr/local/gcc_arm/gcc-arm-none-eabi-6-2017-q1-update/bin/../lib/gcc/arm-none-eabi/6.3.1/../../../../arm-none-eabi/lib/thumb/v7e-m/fpv4-sp/hard/libc_nano.a(lib_a-nano-vfprintf_i.o)
 *(.eh_frame*)
 *fill*         0x0000000000007c0f        0x1 
 .eh_frame      0x0000000000007c10        0x0 /usr/local/gcc_arm/gcc-arm-none-eabi-6-2017-q1-update/bin/../lib/gcc/arm-none-eabi/6.3.1/thumb/v7e-m/fpv4-sp/hard/crtbegin.o
 .eh_frame      0x0000000000007c10        0x4 /usr/local/gcc_arm/gcc-arm-none-eabi-6-2017-q1-update/bin/../lib/gcc/arm-none-eabi/6.3.1/thumb/v7e-m/fpv4-sp/hard/crtend.o

.glue_7         0x0000000000007c14        0x0
 .glue_7        0x0000000000007c14        0x0 linker stubs

.glue_7t        0x0000000000007c14        0x0
 .glue_7t       0x0000000000007c14        0x0 linker stubs

.vfp11_veneer   0x0000000000007c14        0x0
 .vfp11_veneer  0x0000000000007c14        0x0 linker stubs

.v4_bx          0x0000000000007c14        0x0
 .v4_bx         0x0000000000007c14        0x0 linker stubs

.iplt           0x0000000000007c14        0x0
 .iplt          0x0000000000007c14        0x0 /usr/local/gcc_arm/gcc-arm-none-eabi-6-2017-q1-update/bin/../lib/gcc/arm-none-eabi/6.3.1/thumb/v7e-m/fpv4-sp/hard/crtbegin.o

.ARM.extab
 *(.ARM.extab* .gnu.linkonce.armextab.*)
                0x0000000000007c14                __exidx_start = .

.ARM.exidx      0x0000000000007c14        0x8
 *(.ARM.exidx* .gnu.linkonce.armexidx.*)
 .ARM.exidx     0x0000000000007c14        0x8 /usr/local/gcc_arm/gcc-arm-none-eabi-6-2017-q1-update/bin/../lib/gcc/arm-none-eabi/6.3.1/../../../../arm-none-eabi/lib/thumb/v7e-m/fpv4-sp/hard/crt0.o
                0x0000000000007c1c                __exidx_end = .
                0x0000000000007c1c                __etext = .

.rel.dyn        0x0000000000007c1c        0x0
 .rel.iplt      0x0000000000007c1c        0x0 /usr/local/gcc_arm/gcc-arm-none-eabi-6-2017-q1-update/bin/../lib/gcc/arm-none-eabi/6.3.1/thumb/v7e-m/fpv4-sp/hard/crtbegin.o

.data           0x0000000020000000       0x7c load address 0x0000000000007c1c
                0x0000000020000000                __data_start__ = .
 *(vtable)
 *(.data*)
 .data._impure_ptr
                0x0000000020000000        0x4 /usr/local/gcc_arm/gcc-arm-none-eabi-6-2017-q1-update/bin/../lib/gcc/arm-none-eabi/6.3.1/../../../../arm-none-eabi/lib/thumb/v7e-m/fpv4-sp/hard/libc_nano.a(lib_a-impure.o)
                0x0000000020000000                _impure_ptr
 .data.impure_data
                0x0000000020000004       0x60 /usr/local/gcc_arm/gcc-arm-none-eabi-6-2017-q1-update/bin/../lib/gcc/arm-none-eabi/6.3.1/../../../../arm-none-eabi/lib/thumb/v7e-m/fpv4-sp/hard/libc_nano.a(lib_a-impure.o)
 .data.SystemCoreClock
                0x0000000020000064        0x4 _build/system_nrf52.o
                0x0000000020000064                SystemCoreClock
 .data.egstrNmBusCapabilities
                0x0000000020000068        0x2 _build/nm_bus_wrapper_nrf52832.o
                0x0000000020000068                egstrNmBusCapabilities
 *fill*         0x000000002000006a        0x2 
 .data.clk_status_reg_adr
                0x000000002000006c        0x4 _build/nmasic.o
                0x0000000020000070                . = ALIGN (0x4)
                0x0000000020000070                PROVIDE (__preinit_array_start, .)
 *(.preinit_array)
                0x0000000020000070                PROVIDE (__preinit_array_end, .)
                0x0000000020000070                . = ALIGN (0x4)
                0x0000000020000070                PROVIDE (__init_array_start, .)
 *(SORT(.init_array.*))
 *(.init_array)
 .init_array    0x0000000020000070        0x4 /usr/local/gcc_arm/gcc-arm-none-eabi-6-2017-q1-update/bin/../lib/gcc/arm-none-eabi/6.3.1/thumb/v7e-m/fpv4-sp/hard/crtbegin.o
                0x0000000020000074                PROVIDE (__init_array_end, .)
                0x0000000020000074                . = ALIGN (0x4)
                [!provide]                        PROVIDE (__fini_array_start, .)
 *(SORT(.fini_array.*))
 *(.fini_array)
 .fini_array    0x0000000020000074        0x4 /usr/local/gcc_arm/gcc-arm-none-eabi-6-2017-q1-update/bin/../lib/gcc/arm-none-eabi/6.3.1/thumb/v7e-m/fpv4-sp/hard/crtbegin.o
                [!provide]                        PROVIDE (__fini_array_end, .)
 *(.jcr*)
 .jcr           0x0000000020000078        0x0 /usr/local/gcc_arm/gcc-arm-none-eabi-6-2017-q1-update/bin/../lib/gcc/arm-none-eabi/6.3.1/thumb/v7e-m/fpv4-sp/hard/crtbegin.o
 .jcr           0x0000000020000078        0x4 /usr/local/gcc_arm/gcc-arm-none-eabi-6-2017-q1-update/bin/../lib/gcc/arm-none-eabi/6.3.1/thumb/v7e-m/fpv4-sp/hard/crtend.o
                0x000000002000007c                . = ALIGN (0x4)
                0x000000002000007c                __data_end__ = .
LOAD /usr/local/gcc_arm/gcc-arm-none-eabi-6-2017-q1-update/bin/../lib/gcc/arm-none-eabi/6.3.1/thumb/v7e-m/fpv4-sp/hard/crti.o
LOAD /usr/local/gcc_arm/gcc-arm-none-eabi-6-2017-q1-update/bin/../lib/gcc/arm-none-eabi/6.3.1/thumb/v7e-m/fpv4-sp/hard/crtbegin.o
LOAD /usr/local/gcc_arm/gcc-arm-none-eabi-6-2017-q1-update/bin/../lib/gcc/arm-none-eabi/6.3.1/../../../../arm-none-eabi/lib/thumb/v7e-m/fpv4-sp/hard/crt0.o
LOAD /usr/local/gcc_arm/gcc-arm-none-eabi-6-2017-q1-update/bin/../lib/gcc/arm-none-eabi/6.3.1/../../../../arm-none-eabi/lib/thumb/v7e-m/fpv4-sp/hard/libc_nano.a
LOAD /usr/local/gcc_arm/gcc-arm-none-eabi-6-2017-q1-update/bin/../lib/gcc/arm-none-eabi/6.3.1/../../../../arm-none-eabi/lib/thumb/v7e-m/fpv4-sp/hard/libnosys.a
LOAD _build/app_button.o
LOAD _build/app_error.o
LOAD _build/app_error_weak.o
LOAD _build/app_timer.o
LOAD _build/app_util_platform.o
LOAD _build/nrf_assert.o
LOAD _build/nrf_log.o
LOAD _build/retarget.o
LOAD _build/app_uart.o
LOAD _build/nrf_delay.o
LOAD _build/nrf_drv_common.o
LOAD _build/nrf_drv_gpiote.o
LOAD _build/nrf_drv_spi.o
LOAD _build/nrf_drv_uart.o
LOAD _build/bsp.o
LOAD _build/main.o
LOAD _build/RTT_Syscalls_GCC.o
LOAD _build/SEGGER_RTT.o
LOAD _build/SEGGER_RTT_printf.o
LOAD _build/system_nrf52.o
LOAD _build/nm_bus_wrapper_nrf52832.o
LOAD _build/nm_bsp_nrf52832.o
LOAD _build/m2m_wifi.o
LOAD _build/m2m_hif.o
LOAD _build/nm_common.o
LOAD _build/nmdrv.o
LOAD _build/nmasic.o
LOAD _build/nmbus.o
LOAD _build/nmspi.o
LOAD _build/spi_flash.o
LOAD _build/gcc_startup_nrf52.o
LOAD /usr/local/gcc_arm/gcc-arm-none-eabi-6-2017-q1-update/bin/../lib/gcc/arm-none-eabi/6.3.1/../../../../arm-none-eabi/lib/thumb/v7e-m/fpv4-sp/hard/libm.a
START GROUP
LOAD /usr/local/gcc_arm/gcc-arm-none-eabi-6-2017-q1-update/bin/../lib/gcc/arm-none-eabi/6.3.1/thumb/v7e-m/fpv4-sp/hard/libgcc.a
LOAD /usr/local/gcc_arm/gcc-arm-none-eabi-6-2017-q1-update/bin/../lib/gcc/arm-none-eabi/6.3.1/../../../../arm-none-eabi/lib/thumb/v7e-m/fpv4-sp/hard/libc_nano.a
END GROUP
START GROUP
LOAD /usr/local/gcc_arm/gcc-arm-none-eabi-6-2017-q1-update/bin/../lib/gcc/arm-none-eabi/6.3.1/thumb/v7e-m/fpv4-sp/hard/libgcc.a
LOAD /usr/local/gcc_arm/gcc-arm-none-eabi-6-2017-q1-update/bin/../lib/gcc/arm-none-eabi/6.3.1/../../../../arm-none-eabi/lib/thumb/v7e-m/fpv4-sp/hard/libc_nano.a
END GROUP
LOAD /usr/local/gcc_arm/gcc-arm-none-eabi-6-2017-q1-update/bin/../lib/gcc/arm-none-eabi/6.3.1/thumb/v7e-m/fpv4-sp/hard/crtend.o
LOAD /usr/local/gcc_arm/gcc-arm-none-eabi-6-2017-q1-update/bin/../lib/gcc/arm-none-eabi/6.3.1/thumb/v7e-m/fpv4-sp/hard/crtn.o
START GROUP
LOAD /usr/local/gcc_arm/gcc-arm-none-eabi-6-2017-q1-update/bin/../lib/gcc/arm-none-eabi/6.3.1/thumb/v7e-m/fpv4-sp/hard/libgcc.a
LOAD /usr/local/gcc_arm/gcc-arm-none-eabi-6-2017-q1-update/bin/../lib/gcc/arm-none-eabi/6.3.1/../../../../arm-none-eabi/lib/thumb/v7e-m/fpv4-sp/hard/libc.a
LOAD /usr/local/gcc_arm/gcc-arm-none-eabi-6-2017-q1-update/bin/../lib/gcc/arm-none-eabi/6.3.1/../../../../arm-none-eabi/lib/thumb/v7e-m/fpv4-sp/hard/libnosys.a
END GROUP

.igot.plt       0x000000002000007c        0x0 load address 0x0000000000007c98
 .igot.plt      0x000000002000007c        0x0 /usr/local/gcc_arm/gcc-arm-none-eabi-6-2017-q1-update/bin/../lib/gcc/arm-none-eabi/6.3.1/thumb/v7e-m/fpv4-sp/hard/crtbegin.o

.fs_data        0x000000002000007c        0x0
                [!provide]                        PROVIDE (__start_fs_data, .)
 *(.fs_data)
                [!provide]                        PROVIDE (__stop_fs_data, .)

.bss            0x000000002000007c      0xa1c load address 0x0000000000007c98
                0x000000002000007c                . = ALIGN (0x4)
                0x000000002000007c                __bss_start__ = .
 *(.bss*)
 .bss           0x000000002000007c       0x1c /usr/local/gcc_arm/gcc-arm-none-eabi-6-2017-q1-update/bin/../lib/gcc/arm-none-eabi/6.3.1/thumb/v7e-m/fpv4-sp/hard/crtbegin.o
 .bss.m_user_array_size
                0x0000000020000098        0x1 _build/app_timer.o
 *fill*         0x0000000020000099        0x3 
 .bss.mp_users  0x000000002000009c        0x4 _build/app_timer.o
 .bss.mp_timer_id_head
                0x00000000200000a0        0x4 _build/app_timer.o
 .bss.m_ticks_latest
                0x00000000200000a4        0x4 _build/app_timer.o
 .bss.m_ticks_elapsed
                0x00000000200000a8        0x8 _build/app_timer.o
 .bss.m_ticks_elapsed_q_read_ind
                0x00000000200000b0        0x1 _build/app_timer.o
 .bss.m_ticks_elapsed_q_write_ind
                0x00000000200000b1        0x1 _build/app_timer.o
 *fill*         0x00000000200000b2        0x2 
 .bss.m_evt_schedule_func
                0x00000000200000b4        0x4 _build/app_timer.o
 .bss.m_rtc1_running
                0x00000000200000b8        0x1 _build/app_timer.o
 .bss.m_rtc1_reset
                0x00000000200000b9        0x1 _build/app_timer.o
 *fill*         0x00000000200000ba        0x2 
 .bss.buf_normal_up
                0x00000000200000bc      0x400 _build/nrf_log.o
 .bss.buf_down  0x00000000200004bc       0x10 _build/nrf_log.o
 .bss.initialized.8182
                0x00000000200004cc        0x1 _build/nrf_log.o
 *fill*         0x00000000200004cd        0x3 
 .bss.m_cb      0x00000000200004d0       0x58 _build/nrf_drv_gpiote.o
 .bss.m_cb      0x0000000020000528       0x20 _build/nrf_drv_spi.o
 .bss.m_cb      0x0000000020000548       0x20 _build/nrf_drv_uart.o
 .bss.status    0x0000000020000568        0x4 _build/main.o
 .bss._localip  0x000000002000056c        0x4 _build/main.o
 .bss._submask  0x0000000020000570        0x4 _build/main.o
 .bss._gateway  0x0000000020000574        0x4 _build/main.o
 .bss._dhcp     0x0000000020000578        0x4 _build/main.o
 .bss._resolve  0x000000002000057c        0x4 _build/main.o
 .bss._scan_ssid
                0x0000000020000580       0x21 _build/main.o
 .bss._scan_auth
                0x00000000200005a1        0x1 _build/main.o
 .bss._scan_channel
                0x00000000200005a2        0x1 _build/main.o
 *fill*         0x00000000200005a3        0x1 
 .bss._ssid     0x00000000200005a4       0x21 _build/main.o
 *fill*         0x00000000200005c5        0x3 
 .bss._acUpBuffer
                0x00000000200005c8      0x400 _build/SEGGER_RTT.o
 .bss._acDownBuffer
                0x00000000200009c8       0x10 _build/SEGGER_RTT.o
 .bss.rxd_data.8897
                0x00000000200009d8        0x1 _build/nm_bus_wrapper_nrf52832.o
 *fill*         0x00000000200009d9        0x3 
 .bss.gpfIsr    0x00000000200009dc        0x4 _build/nm_bsp_nrf52832.o
 .bss.gu8ChNum  0x00000000200009e0        0x1 _build/m2m_wifi.o
 .bss.gu8scanInProgress
                0x00000000200009e1        0x1 _build/m2m_wifi.o
 *fill*         0x00000000200009e2        0x2 
 .bss.gpfAppWifiCb
                0x00000000200009e4        0x4 _build/m2m_wifi.o
 .bss.gu8ChipMode
                0x00000000200009e8        0x1 _build/m2m_hif.o
 .bss.gu8ChipSleep
                0x00000000200009e9        0x1 _build/m2m_hif.o
 .bss.gu8HifSizeDone
                0x00000000200009ea        0x1 _build/m2m_hif.o
 .bss.gu8Interrupt
                0x00000000200009eb        0x1 _build/m2m_hif.o
 .bss.pfWifiCb  0x00000000200009ec        0x4 _build/m2m_hif.o
                0x00000000200009ec                pfWifiCb
 .bss.pfIpCb    0x00000000200009f0        0x4 _build/m2m_hif.o
                0x00000000200009f0                pfIpCb
 .bss.pfOtaCb   0x00000000200009f4        0x4 _build/m2m_hif.o
                0x00000000200009f4                pfOtaCb
 .bss.pfSigmaCb
                0x00000000200009f8        0x4 _build/m2m_hif.o
                0x00000000200009f8                pfSigmaCb
 .bss.pfHifCb   0x00000000200009fc        0x4 _build/m2m_hif.o
                0x00000000200009fc                pfHifCb
 .bss.pfCryptoCb
                0x0000000020000a00        0x4 _build/m2m_hif.o
                0x0000000020000a00                pfCryptoCb
 .bss.chipid.5461
                0x0000000020000a04        0x4 _build/nmasic.o
 .bss.gu8Crc_off
                0x0000000020000a08        0x1 _build/nmspi.o
 *fill*         0x0000000020000a09        0x3 
 .bss.__malloc_free_list
                0x0000000020000a0c        0x4 /usr/local/gcc_arm/gcc-arm-none-eabi-6-2017-q1-update/bin/../lib/gcc/arm-none-eabi/6.3.1/../../../../arm-none-eabi/lib/thumb/v7e-m/fpv4-sp/hard/libc_nano.a(lib_a-nano-mallocr.o)
                0x0000000020000a0c                __malloc_free_list
 .bss.__malloc_sbrk_start
                0x0000000020000a10        0x4 /usr/local/gcc_arm/gcc-arm-none-eabi-6-2017-q1-update/bin/../lib/gcc/arm-none-eabi/6.3.1/../../../../arm-none-eabi/lib/thumb/v7e-m/fpv4-sp/hard/libc_nano.a(lib_a-nano-mallocr.o)
                0x0000000020000a10                __malloc_sbrk_start
 .bss.heap_end.5239
                0x0000000020000a14        0x4 /usr/local/gcc_arm/gcc-arm-none-eabi-6-2017-q1-update/bin/../lib/gcc/arm-none-eabi/6.3.1/../../../../arm-none-eabi/lib/thumb/v7e-m/fpv4-sp/hard/libnosys.a(sbrk.o)
 *(COMMON)
 COMMON         0x0000000020000a18        0x3 _build/main.o
                0x0000000020000a18                spi_xfer_done
                0x0000000020000a19                _mode
                0x0000000020000a1a                _status
 *fill*         0x0000000020000a1b        0x1 
 COMMON         0x0000000020000a1c       0x78 _build/SEGGER_RTT.o
                0x0000000020000a1c                _SEGGER_RTT
 COMMON         0x0000000020000a94        0x4 /usr/local/gcc_arm/gcc-arm-none-eabi-6-2017-q1-update/bin/../lib/gcc/arm-none-eabi/6.3.1/../../../../arm-none-eabi/lib/thumb/v7e-m/fpv4-sp/hard/libc_nano.a(lib_a-reent.o)
                0x0000000020000a94                errno
                0x0000000020000a98                . = ALIGN (0x4)
                0x0000000020000a98                __bss_end__ = .

.heap           0x0000000020000a98     0x2000
                0x0000000020000a98                __end__ = .
                0x0000000020000a98                PROVIDE (end, .)
 *(.heap*)
 .heap          0x0000000020000a98     0x2000 _build/gcc_startup_nrf52.o
                0x0000000020000a98                __HeapBase
                0x0000000020002a98                __HeapLimit = .

.stack_dummy    0x0000000020000a98     0x2000
 *(.stack*)
 .stack         0x0000000020000a98     0x2000 _build/gcc_startup_nrf52.o
                0x0000000020010000                __StackTop = (ORIGIN (RAM) + LENGTH (RAM))
                0x000000002000e000                __StackLimit = (__StackTop - SIZEOF (.stack_dummy))
                0x0000000020010000                PROVIDE (__stack, __StackTop)
                0x0000000000000001                ASSERT ((__StackLimit >= __HeapLimit), region RAM overflowed with stack)
OUTPUT(_build/nrf52832_xxaa.out elf32-littlearm)

.ARM.attributes
                0x0000000000000000       0x30
 .ARM.attributes
                0x0000000000000000       0x22 /usr/local/gcc_arm/gcc-arm-none-eabi-6-2017-q1-update/bin/../lib/gcc/arm-none-eabi/6.3.1/thumb/v7e-m/fpv4-sp/hard/crti.o
 .ARM.attributes
                0x0000000000000022       0x34 /usr/local/gcc_arm/gcc-arm-none-eabi-6-2017-q1-update/bin/../lib/gcc/arm-none-eabi/6.3.1/thumb/v7e-m/fpv4-sp/hard/crtbegin.o
 .ARM.attributes
                0x0000000000000056       0x20 /usr/local/gcc_arm/gcc-arm-none-eabi-6-2017-q1-update/bin/../lib/gcc/arm-none-eabi/6.3.1/../../../../arm-none-eabi/lib/thumb/v7e-m/fpv4-sp/hard/crt0.o
 .ARM.attributes
                0x0000000000000076       0x34 /usr/local/gcc_arm/gcc-arm-none-eabi-6-2017-q1-update/bin/../lib/gcc/arm-none-eabi/6.3.1/../../../../arm-none-eabi/lib/thumb/v7e-m/fpv4-sp/hard/libc_nano.a(lib_a-exit.o)
 .ARM.attributes
                0x00000000000000aa       0x34 /usr/local/gcc_arm/gcc-arm-none-eabi-6-2017-q1-update/bin/../lib/gcc/arm-none-eabi/6.3.1/../../../../arm-none-eabi/lib/thumb/v7e-m/fpv4-sp/hard/libc_nano.a(lib_a-impure.o)
 .ARM.attributes
                0x00000000000000de       0x34 /usr/local/gcc_arm/gcc-arm-none-eabi-6-2017-q1-update/bin/../lib/gcc/arm-none-eabi/6.3.1/../../../../arm-none-eabi/lib/thumb/v7e-m/fpv4-sp/hard/libc_nano.a(lib_a-init.o)
 .ARM.attributes
                0x0000000000000112       0x34 /usr/local/gcc_arm/gcc-arm-none-eabi-6-2017-q1-update/bin/../lib/gcc/arm-none-eabi/6.3.1/../../../../arm-none-eabi/lib/thumb/v7e-m/fpv4-sp/hard/libc_nano.a(lib_a-memset.o)
 .ARM.attributes
                0x0000000000000146       0x34 /usr/local/gcc_arm/gcc-arm-none-eabi-6-2017-q1-update/bin/../lib/gcc/arm-none-eabi/6.3.1/../../../../arm-none-eabi/lib/thumb/v7e-m/fpv4-sp/hard/libnosys.a(_exit.o)
 .ARM.attributes
                0x000000000000017a       0x39 _build/app_error.o
 .ARM.attributes
                0x00000000000001b3       0x39 _build/app_error_weak.o
 .ARM.attributes
                0x00000000000001ec       0x39 _build/app_timer.o
 .ARM.attributes
                0x0000000000000225       0x39 _build/nrf_log.o
 .ARM.attributes
                0x000000000000025e       0x39 _build/nrf_delay.o
 .ARM.attributes
                0x0000000000000297       0x39 _build/nrf_drv_common.o
 .ARM.attributes
                0x00000000000002d0       0x39 _build/nrf_drv_gpiote.o
 .ARM.attributes
                0x0000000000000309       0x39 _build/nrf_drv_spi.o
 .ARM.attributes
                0x0000000000000342       0x39 _build/nrf_drv_uart.o
 .ARM.attributes
                0x000000000000037b       0x39 _build/main.o
 .ARM.attributes
                0x00000000000003b4       0x39 _build/RTT_Syscalls_GCC.o
 .ARM.attributes
                0x00000000000003ed       0x39 _build/SEGGER_RTT.o
 .ARM.attributes
                0x0000000000000426       0x39 _build/SEGGER_RTT_printf.o
 .ARM.attributes
                0x000000000000045f       0x39 _build/system_nrf52.o
 .ARM.attributes
                0x0000000000000498       0x39 _build/nm_bus_wrapper_nrf52832.o
 .ARM.attributes
                0x00000000000004d1       0x39 _build/nm_bsp_nrf52832.o
 .ARM.attributes
                0x000000000000050a       0x39 _build/m2m_wifi.o
 .ARM.attributes
                0x0000000000000543       0x39 _build/m2m_hif.o
 .ARM.attributes
                0x000000000000057c       0x39 _build/nm_common.o
 .ARM.attributes
                0x00000000000005b5       0x39 _build/nmdrv.o
 .ARM.attributes
                0x00000000000005ee       0x39 _build/nmasic.o
 .ARM.attributes
                0x0000000000000627       0x39 _build/nmbus.o
 .ARM.attributes
                0x0000000000000660       0x39 _build/nmspi.o
 .ARM.attributes
                0x0000000000000699       0x39 _build/spi_flash.o
 .ARM.attributes
                0x00000000000006d2       0x1c _build/gcc_startup_nrf52.o
 .ARM.attributes
                0x00000000000006ee       0x34 /usr/local/gcc_arm/gcc-arm-none-eabi-6-2017-q1-update/bin/../lib/gcc/arm-none-eabi/6.3.1/../../../../arm-none-eabi/lib/thumb/v7e-m/fpv4-sp/hard/libc_nano.a(lib_a-memcpy-stub.o)
 .ARM.attributes
                0x0000000000000722       0x34 /usr/local/gcc_arm/gcc-arm-none-eabi-6-2017-q1-update/bin/../lib/gcc/arm-none-eabi/6.3.1/../../../../arm-none-eabi/lib/thumb/v7e-m/fpv4-sp/hard/libc_nano.a(lib_a-printf.o)
 .ARM.attributes
                0x0000000000000756       0x34 /usr/local/gcc_arm/gcc-arm-none-eabi-6-2017-q1-update/bin/../lib/gcc/arm-none-eabi/6.3.1/../../../../arm-none-eabi/lib/thumb/v7e-m/fpv4-sp/hard/libc_nano.a(lib_a-strcpy.o)
 .ARM.attributes
                0x000000000000078a       0x1b /usr/local/gcc_arm/gcc-arm-none-eabi-6-2017-q1-update/bin/../lib/gcc/arm-none-eabi/6.3.1/../../../../arm-none-eabi/lib/thumb/v7e-m/fpv4-sp/hard/libc_nano.a(lib_a-strlen.o)
 .ARM.attributes
                0x00000000000007a5       0x34 /usr/local/gcc_arm/gcc-arm-none-eabi-6-2017-q1-update/bin/../lib/gcc/arm-none-eabi/6.3.1/../../../../arm-none-eabi/lib/thumb/v7e-m/fpv4-sp/hard/libc_nano.a(lib_a-findfp.o)
 .ARM.attributes
                0x00000000000007d9       0x34 /usr/local/gcc_arm/gcc-arm-none-eabi-6-2017-q1-update/bin/../lib/gcc/arm-none-eabi/6.3.1/../../../../arm-none-eabi/lib/thumb/v7e-m/fpv4-sp/hard/libc_nano.a(lib_a-fwalk.o)
 .ARM.attributes
                0x000000000000080d       0x34 /usr/local/gcc_arm/gcc-arm-none-eabi-6-2017-q1-update/bin/../lib/gcc/arm-none-eabi/6.3.1/../../../../arm-none-eabi/lib/thumb/v7e-m/fpv4-sp/hard/libc_nano.a(lib_a-nano-mallocr.o)
 .ARM.attributes
                0x0000000000000841       0x34 /usr/local/gcc_arm/gcc-arm-none-eabi-6-2017-q1-update/bin/../lib/gcc/arm-none-eabi/6.3.1/../../../../arm-none-eabi/lib/thumb/v7e-m/fpv4-sp/hard/libc_nano.a(lib_a-nano-vfprintf.o)
 .ARM.attributes
                0x0000000000000875       0x34 /usr/local/gcc_arm/gcc-arm-none-eabi-6-2017-q1-update/bin/../lib/gcc/arm-none-eabi/6.3.1/../../../../arm-none-eabi/lib/thumb/v7e-m/fpv4-sp/hard/libc_nano.a(lib_a-nano-vfprintf_i.o)
 .ARM.attributes
                0x00000000000008a9       0x34 /usr/local/gcc_arm/gcc-arm-none-eabi-6-2017-q1-update/bin/../lib/gcc/arm-none-eabi/6.3.1/../../../../arm-none-eabi/lib/thumb/v7e-m/fpv4-sp/hard/libc_nano.a(lib_a-sbrkr.o)
 .ARM.attributes
                0x00000000000008dd       0x34 /usr/local/gcc_arm/gcc-arm-none-eabi-6-2017-q1-update/bin/../lib/gcc/arm-none-eabi/6.3.1/../../../../arm-none-eabi/lib/thumb/v7e-m/fpv4-sp/hard/libc_nano.a(lib_a-stdio.o)
 .ARM.attributes
                0x0000000000000911       0x34 /usr/local/gcc_arm/gcc-arm-none-eabi-6-2017-q1-update/bin/../lib/gcc/arm-none-eabi/6.3.1/../../../../arm-none-eabi/lib/thumb/v7e-m/fpv4-sp/hard/libc_nano.a(lib_a-wbuf.o)
 .ARM.attributes
                0x0000000000000945       0x34 /usr/local/gcc_arm/gcc-arm-none-eabi-6-2017-q1-update/bin/../lib/gcc/arm-none-eabi/6.3.1/../../../../arm-none-eabi/lib/thumb/v7e-m/fpv4-sp/hard/libc_nano.a(lib_a-wsetup.o)
 .ARM.attributes
                0x0000000000000979       0x34 /usr/local/gcc_arm/gcc-arm-none-eabi-6-2017-q1-update/bin/../lib/gcc/arm-none-eabi/6.3.1/../../../../arm-none-eabi/lib/thumb/v7e-m/fpv4-sp/hard/libc_nano.a(lib_a-closer.o)
 .ARM.attributes
                0x00000000000009ad       0x34 /usr/local/gcc_arm/gcc-arm-none-eabi-6-2017-q1-update/bin/../lib/gcc/arm-none-eabi/6.3.1/../../../../arm-none-eabi/lib/thumb/v7e-m/fpv4-sp/hard/libc_nano.a(lib_a-fflush.o)
 .ARM.attributes
                0x00000000000009e1       0x34 /usr/local/gcc_arm/gcc-arm-none-eabi-6-2017-q1-update/bin/../lib/gcc/arm-none-eabi/6.3.1/../../../../arm-none-eabi/lib/thumb/v7e-m/fpv4-sp/hard/libc_nano.a(lib_a-lseekr.o)
 .ARM.attributes
                0x0000000000000a15       0x34 /usr/local/gcc_arm/gcc-arm-none-eabi-6-2017-q1-update/bin/../lib/gcc/arm-none-eabi/6.3.1/../../../../arm-none-eabi/lib/thumb/v7e-m/fpv4-sp/hard/libc_nano.a(lib_a-makebuf.o)
 .ARM.attributes
                0x0000000000000a49       0x20 /usr/local/gcc_arm/gcc-arm-none-eabi-6-2017-q1-update/bin/../lib/gcc/arm-none-eabi/6.3.1/../../../../arm-none-eabi/lib/thumb/v7e-m/fpv4-sp/hard/libc_nano.a(lib_a-memchr.o)
 .ARM.attributes
                0x0000000000000a69       0x34 /usr/local/gcc_arm/gcc-arm-none-eabi-6-2017-q1-update/bin/../lib/gcc/arm-none-eabi/6.3.1/../../../../arm-none-eabi/lib/thumb/v7e-m/fpv4-sp/hard/libc_nano.a(lib_a-mlock.o)
 .ARM.attributes
                0x0000000000000a9d       0x34 /usr/local/gcc_arm/gcc-arm-none-eabi-6-2017-q1-update/bin/../lib/gcc/arm-none-eabi/6.3.1/../../../../arm-none-eabi/lib/thumb/v7e-m/fpv4-sp/hard/libc_nano.a(lib_a-nano-freer.o)
 .ARM.attributes
                0x0000000000000ad1       0x34 /usr/local/gcc_arm/gcc-arm-none-eabi-6-2017-q1-update/bin/../lib/gcc/arm-none-eabi/6.3.1/../../../../arm-none-eabi/lib/thumb/v7e-m/fpv4-sp/hard/libc_nano.a(lib_a-readr.o)
 .ARM.attributes
                0x0000000000000b05       0x34 /usr/local/gcc_arm/gcc-arm-none-eabi-6-2017-q1-update/bin/../lib/gcc/arm-none-eabi/6.3.1/../../../../arm-none-eabi/lib/thumb/v7e-m/fpv4-sp/hard/libc_nano.a(lib_a-reent.o)
 .ARM.attributes
                0x0000000000000b39       0x34 /usr/local/gcc_arm/gcc-arm-none-eabi-6-2017-q1-update/bin/../lib/gcc/arm-none-eabi/6.3.1/../../../../arm-none-eabi/lib/thumb/v7e-m/fpv4-sp/hard/libc_nano.a(lib_a-fstatr.o)
 .ARM.attributes
                0x0000000000000b6d       0x34 /usr/local/gcc_arm/gcc-arm-none-eabi-6-2017-q1-update/bin/../lib/gcc/arm-none-eabi/6.3.1/../../../../arm-none-eabi/lib/thumb/v7e-m/fpv4-sp/hard/libc_nano.a(lib_a-isattyr.o)
 .ARM.attributes
                0x0000000000000ba1       0x34 /usr/local/gcc_arm/gcc-arm-none-eabi-6-2017-q1-update/bin/../lib/gcc/arm-none-eabi/6.3.1/thumb/v7e-m/fpv4-sp/hard/crtend.o
 .ARM.attributes
                0x0000000000000bd5       0x22 /usr/local/gcc_arm/gcc-arm-none-eabi-6-2017-q1-update/bin/../lib/gcc/arm-none-eabi/6.3.1/thumb/v7e-m/fpv4-sp/hard/crtn.o
 .ARM.attributes
                0x0000000000000bf7       0x34 /usr/local/gcc_arm/gcc-arm-none-eabi-6-2017-q1-update/bin/../lib/gcc/arm-none-eabi/6.3.1/../../../../arm-none-eabi/lib/thumb/v7e-m/fpv4-sp/hard/libnosys.a(close.o)
 .ARM.attributes
                0x0000000000000c2b       0x34 /usr/local/gcc_arm/gcc-arm-none-eabi-6-2017-q1-update/bin/../lib/gcc/arm-none-eabi/6.3.1/../../../../arm-none-eabi/lib/thumb/v7e-m/fpv4-sp/hard/libnosys.a(fstat.o)
 .ARM.attributes
                0x0000000000000c5f       0x34 /usr/local/gcc_arm/gcc-arm-none-eabi-6-2017-q1-update/bin/../lib/gcc/arm-none-eabi/6.3.1/../../../../arm-none-eabi/lib/thumb/v7e-m/fpv4-sp/hard/libnosys.a(isatty.o)
 .ARM.attributes
                0x0000000000000c93       0x34 /usr/local/gcc_arm/gcc-arm-none-eabi-6-2017-q1-update/bin/../lib/gcc/arm-none-eabi/6.3.1/../../../../arm-none-eabi/lib/thumb/v7e-m/fpv4-sp/hard/libnosys.a(lseek.o)
 .ARM.attributes
                0x0000000000000cc7       0x34 /usr/local/gcc_arm/gcc-arm-none-eabi-6-2017-q1-update/bin/../lib/gcc/arm-none-eabi/6.3.1/../../../../arm-none-eabi/lib/thumb/v7e-m/fpv4-sp/hard/libnosys.a(read.o)
 .ARM.attributes
                0x0000000000000cfb       0x34 /usr/local/gcc_arm/gcc-arm-none-eabi-6-2017-q1-update/bin/../lib/gcc/arm-none-eabi/6.3.1/../../../../arm-none-eabi/lib/thumb/v7e-m/fpv4-sp/hard/libnosys.a(sbrk.o)

.comment        0x0000000000000000       0x7f
 .comment       0x0000000000000000       0x7f _build/app_error.o
                                         0x80 (size before relaxing)
 .comment       0x000000000000007f       0x80 _build/app_error_weak.o
 .comment       0x000000000000007f       0x80 _build/app_timer.o
 .comment       0x000000000000007f       0x80 _build/nrf_log.o
 .comment       0x000000000000007f       0x80 _build/nrf_delay.o
 .comment       0x000000000000007f       0x80 _build/nrf_drv_common.o
 .comment       0x000000000000007f       0x80 _build/nrf_drv_gpiote.o
 .comment       0x000000000000007f       0x80 _build/nrf_drv_spi.o
 .comment       0x000000000000007f       0x80 _build/nrf_drv_uart.o
 .comment       0x000000000000007f       0x80 _build/main.o
 .comment       0x000000000000007f       0x80 _build/RTT_Syscalls_GCC.o
 .comment       0x000000000000007f       0x80 _build/SEGGER_RTT.o
 .comment       0x000000000000007f       0x80 _build/SEGGER_RTT_printf.o
 .comment       0x000000000000007f       0x80 _build/system_nrf52.o
 .comment       0x000000000000007f       0x80 _build/nm_bus_wrapper_nrf52832.o
 .comment       0x000000000000007f       0x80 _build/nm_bsp_nrf52832.o
 .comment       0x000000000000007f       0x80 _build/m2m_wifi.o
 .comment       0x000000000000007f       0x80 _build/m2m_hif.o
 .comment       0x000000000000007f       0x80 _build/nm_common.o
 .comment       0x000000000000007f       0x80 _build/nmdrv.o
 .comment       0x000000000000007f       0x80 _build/nmasic.o
 .comment       0x000000000000007f       0x80 _build/nmbus.o
 .comment       0x000000000000007f       0x80 _build/nmspi.o
 .comment       0x000000000000007f       0x80 _build/spi_flash.o

.debug_frame    0x0000000000000000     0x4a14
 .debug_frame   0x0000000000000000       0x28 /usr/local/gcc_arm/gcc-arm-none-eabi-6-2017-q1-update/bin/../lib/gcc/arm-none-eabi/6.3.1/../../../../arm-none-eabi/lib/thumb/v7e-m/fpv4-sp/hard/libc_nano.a(lib_a-exit.o)
 .debug_frame   0x0000000000000028       0x2c /usr/local/gcc_arm/gcc-arm-none-eabi-6-2017-q1-update/bin/../lib/gcc/arm-none-eabi/6.3.1/../../../../arm-none-eabi/lib/thumb/v7e-m/fpv4-sp/hard/libc_nano.a(lib_a-init.o)
 .debug_frame   0x0000000000000054       0x20 /usr/local/gcc_arm/gcc-arm-none-eabi-6-2017-q1-update/bin/../lib/gcc/arm-none-eabi/6.3.1/../../../../arm-none-eabi/lib/thumb/v7e-m/fpv4-sp/hard/libc_nano.a(lib_a-memset.o)
 .debug_frame   0x0000000000000074       0x20 /usr/local/gcc_arm/gcc-arm-none-eabi-6-2017-q1-update/bin/../lib/gcc/arm-none-eabi/6.3.1/../../../../arm-none-eabi/lib/thumb/v7e-m/fpv4-sp/hard/libnosys.a(_exit.o)
 .debug_frame   0x0000000000000094       0xc8 _build/app_error.o
 .debug_frame   0x000000000000015c       0x4c _build/app_error_weak.o
 .debug_frame   0x00000000000001a8      0x5ec _build/app_timer.o
 .debug_frame   0x0000000000000794      0x17c _build/nrf_log.o
 .debug_frame   0x0000000000000910       0x38 _build/nrf_delay.o
 .debug_frame   0x0000000000000948       0xac _build/nrf_drv_common.o
 .debug_frame   0x00000000000009f4      0x974 _build/nrf_drv_gpiote.o
 .debug_frame   0x0000000000001368      0x41c _build/nrf_drv_spi.o
 .debug_frame   0x0000000000001784      0xba8 _build/nrf_drv_uart.o
 .debug_frame   0x000000000000232c      0x1ac _build/main.o
 .debug_frame   0x00000000000024d8       0x58 _build/RTT_Syscalls_GCC.o
 .debug_frame   0x0000000000002530      0x328 _build/SEGGER_RTT.o
 .debug_frame   0x0000000000002858       0xe0 _build/SEGGER_RTT_printf.o
 .debug_frame   0x0000000000002938      0x144 _build/system_nrf52.o
 .debug_frame   0x0000000000002a7c      0x120 _build/nm_bus_wrapper_nrf52832.o
 .debug_frame   0x0000000000002b9c      0x15c _build/nm_bsp_nrf52832.o
 .debug_frame   0x0000000000002cf8      0x748 _build/m2m_wifi.o
 .debug_frame   0x0000000000003440      0x210 _build/m2m_hif.o
 .debug_frame   0x0000000000003650      0x124 _build/nm_common.o
 .debug_frame   0x0000000000003774       0xe8 _build/nmdrv.o
 .debug_frame   0x000000000000385c      0x358 _build/nmasic.o
 .debug_frame   0x0000000000003bb4      0x17c _build/nmbus.o
 .debug_frame   0x0000000000003d30      0x2f0 _build/nmspi.o
 .debug_frame   0x0000000000004020      0x250 _build/spi_flash.o
 .debug_frame   0x0000000000004270       0x28 /usr/local/gcc_arm/gcc-arm-none-eabi-6-2017-q1-update/bin/../lib/gcc/arm-none-eabi/6.3.1/../../../../arm-none-eabi/lib/thumb/v7e-m/fpv4-sp/hard/libc_nano.a(lib_a-memcpy-stub.o)
 .debug_frame   0x0000000000004298       0x74 /usr/local/gcc_arm/gcc-arm-none-eabi-6-2017-q1-update/bin/../lib/gcc/arm-none-eabi/6.3.1/../../../../arm-none-eabi/lib/thumb/v7e-m/fpv4-sp/hard/libc_nano.a(lib_a-printf.o)
 .debug_frame   0x000000000000430c       0x20 /usr/local/gcc_arm/gcc-arm-none-eabi-6-2017-q1-update/bin/../lib/gcc/arm-none-eabi/6.3.1/../../../../arm-none-eabi/lib/thumb/v7e-m/fpv4-sp/hard/libc_nano.a(lib_a-strcpy.o)
 .debug_frame   0x000000000000432c      0x11c /usr/local/gcc_arm/gcc-arm-none-eabi-6-2017-q1-update/bin/../lib/gcc/arm-none-eabi/6.3.1/../../../../arm-none-eabi/lib/thumb/v7e-m/fpv4-sp/hard/libc_nano.a(lib_a-findfp.o)
 .debug_frame   0x0000000000004448       0x54 /usr/local/gcc_arm/gcc-arm-none-eabi-6-2017-q1-update/bin/../lib/gcc/arm-none-eabi/6.3.1/../../../../arm-none-eabi/lib/thumb/v7e-m/fpv4-sp/hard/libc_nano.a(lib_a-fwalk.o)
 .debug_frame   0x000000000000449c       0x2c /usr/local/gcc_arm/gcc-arm-none-eabi-6-2017-q1-update/bin/../lib/gcc/arm-none-eabi/6.3.1/../../../../arm-none-eabi/lib/thumb/v7e-m/fpv4-sp/hard/libc_nano.a(lib_a-nano-mallocr.o)
 .debug_frame   0x00000000000044c8       0xac /usr/local/gcc_arm/gcc-arm-none-eabi-6-2017-q1-update/bin/../lib/gcc/arm-none-eabi/6.3.1/../../../../arm-none-eabi/lib/thumb/v7e-m/fpv4-sp/hard/libc_nano.a(lib_a-nano-vfprintf.o)
 .debug_frame   0x0000000000004574       0x60 /usr/local/gcc_arm/gcc-arm-none-eabi-6-2017-q1-update/bin/../lib/gcc/arm-none-eabi/6.3.1/../../../../arm-none-eabi/lib/thumb/v7e-m/fpv4-sp/hard/libc_nano.a(lib_a-nano-vfprintf_i.o)
 .debug_frame   0x00000000000045d4       0x2c /usr/local/gcc_arm/gcc-arm-none-eabi-6-2017-q1-update/bin/../lib/gcc/arm-none-eabi/6.3.1/../../../../arm-none-eabi/lib/thumb/v7e-m/fpv4-sp/hard/libc_nano.a(lib_a-sbrkr.o)
 .debug_frame   0x0000000000004600       0x88 /usr/local/gcc_arm/gcc-arm-none-eabi-6-2017-q1-update/bin/../lib/gcc/arm-none-eabi/6.3.1/../../../../arm-none-eabi/lib/thumb/v7e-m/fpv4-sp/hard/libc_nano.a(lib_a-stdio.o)
 .debug_frame   0x0000000000004688       0x40 /usr/local/gcc_arm/gcc-arm-none-eabi-6-2017-q1-update/bin/../lib/gcc/arm-none-eabi/6.3.1/../../../../arm-none-eabi/lib/thumb/v7e-m/fpv4-sp/hard/libc_nano.a(lib_a-wbuf.o)
 .debug_frame   0x00000000000046c8       0x2c /usr/local/gcc_arm/gcc-arm-none-eabi-6-2017-q1-update/bin/../lib/gcc/arm-none-eabi/6.3.1/../../../../arm-none-eabi/lib/thumb/v7e-m/fpv4-sp/hard/libc_nano.a(lib_a-wsetup.o)
 .debug_frame   0x00000000000046f4       0x2c /usr/local/gcc_arm/gcc-arm-none-eabi-6-2017-q1-update/bin/../lib/gcc/arm-none-eabi/6.3.1/../../../../arm-none-eabi/lib/thumb/v7e-m/fpv4-sp/hard/libc_nano.a(lib_a-closer.o)
 .debug_frame   0x0000000000004720       0x68 /usr/local/gcc_arm/gcc-arm-none-eabi-6-2017-q1-update/bin/../lib/gcc/arm-none-eabi/6.3.1/../../../../arm-none-eabi/lib/thumb/v7e-m/fpv4-sp/hard/libc_nano.a(lib_a-fflush.o)
 .debug_frame   0x0000000000004788       0x2c /usr/local/gcc_arm/gcc-arm-none-eabi-6-2017-q1-update/bin/../lib/gcc/arm-none-eabi/6.3.1/../../../../arm-none-eabi/lib/thumb/v7e-m/fpv4-sp/hard/libc_nano.a(lib_a-lseekr.o)
 .debug_frame   0x00000000000047b4       0x58 /usr/local/gcc_arm/gcc-arm-none-eabi-6-2017-q1-update/bin/../lib/gcc/arm-none-eabi/6.3.1/../../../../arm-none-eabi/lib/thumb/v7e-m/fpv4-sp/hard/libc_nano.a(lib_a-makebuf.o)
 .debug_frame   0x000000000000480c       0x30 /usr/local/gcc_arm/gcc-arm-none-eabi-6-2017-q1-update/bin/../lib/gcc/arm-none-eabi/6.3.1/../../../../arm-none-eabi/lib/thumb/v7e-m/fpv4-sp/hard/libc_nano.a(lib_a-mlock.o)
 .debug_frame   0x000000000000483c       0x38 /usr/local/gcc_arm/gcc-arm-none-eabi-6-2017-q1-update/bin/../lib/gcc/arm-none-eabi/6.3.1/../../../../arm-none-eabi/lib/thumb/v7e-m/fpv4-sp/hard/libc_nano.a(lib_a-nano-freer.o)
 .debug_frame   0x0000000000004874       0x2c /usr/local/gcc_arm/gcc-arm-none-eabi-6-2017-q1-update/bin/../lib/gcc/arm-none-eabi/6.3.1/../../../../arm-none-eabi/lib/thumb/v7e-m/fpv4-sp/hard/libc_nano.a(lib_a-readr.o)
 .debug_frame   0x00000000000048a0       0x5c /usr/local/gcc_arm/gcc-arm-none-eabi-6-2017-q1-update/bin/../lib/gcc/arm-none-eabi/6.3.1/../../../../arm-none-eabi/lib/thumb/v7e-m/fpv4-sp/hard/libc_nano.a(lib_a-reent.o)
 .debug_frame   0x00000000000048fc       0x2c /usr/local/gcc_arm/gcc-arm-none-eabi-6-2017-q1-update/bin/../lib/gcc/arm-none-eabi/6.3.1/../../../../arm-none-eabi/lib/thumb/v7e-m/fpv4-sp/hard/libc_nano.a(lib_a-fstatr.o)
 .debug_frame   0x0000000000004928       0x2c /usr/local/gcc_arm/gcc-arm-none-eabi-6-2017-q1-update/bin/../lib/gcc/arm-none-eabi/6.3.1/../../../../arm-none-eabi/lib/thumb/v7e-m/fpv4-sp/hard/libc_nano.a(lib_a-isattyr.o)
 .debug_frame   0x0000000000004954       0x20 /usr/local/gcc_arm/gcc-arm-none-eabi-6-2017-q1-update/bin/../lib/gcc/arm-none-eabi/6.3.1/../../../../arm-none-eabi/lib/thumb/v7e-m/fpv4-sp/hard/libnosys.a(close.o)
 .debug_frame   0x0000000000004974       0x20 /usr/local/gcc_arm/gcc-arm-none-eabi-6-2017-q1-update/bin/../lib/gcc/arm-none-eabi/6.3.1/../../../../arm-none-eabi/lib/thumb/v7e-m/fpv4-sp/hard/libnosys.a(fstat.o)
 .debug_frame   0x0000000000004994       0x20 /usr/local/gcc_arm/gcc-arm-none-eabi-6-2017-q1-update/bin/../lib/gcc/arm-none-eabi/6.3.1/../../../../arm-none-eabi/lib/thumb/v7e-m/fpv4-sp/hard/libnosys.a(isatty.o)
 .debug_frame   0x00000000000049b4       0x20 /usr/local/gcc_arm/gcc-arm-none-eabi-6-2017-q1-update/bin/../lib/gcc/arm-none-eabi/6.3.1/../../../../arm-none-eabi/lib/thumb/v7e-m/fpv4-sp/hard/libnosys.a(lseek.o)
 .debug_frame   0x00000000000049d4       0x20 /usr/local/gcc_arm/gcc-arm-none-eabi-6-2017-q1-update/bin/../lib/gcc/arm-none-eabi/6.3.1/../../../../arm-none-eabi/lib/thumb/v7e-m/fpv4-sp/hard/libnosys.a(read.o)
 .debug_frame   0x00000000000049f4       0x20 /usr/local/gcc_arm/gcc-arm-none-eabi-6-2017-q1-update/bin/../lib/gcc/arm-none-eabi/6.3.1/../../../../arm-none-eabi/lib/thumb/v7e-m/fpv4-sp/hard/libnosys.a(sbrk.o)

.debug_info     0x0000000000000000    0x17774
 .debug_info    0x0000000000000000      0xbc7 _build/app_error.o
 .debug_info    0x0000000000000bc7      0xb4d _build/app_error_weak.o
 .debug_info    0x0000000000001714     0x1ddc _build/app_timer.o
 .debug_info    0x00000000000034f0      0xd19 _build/nrf_log.o
 .debug_info    0x0000000000004209      0x952 _build/nrf_delay.o
 .debug_info    0x0000000000004b5b      0xdba _build/nrf_drv_common.o
 .debug_info    0x0000000000005915     0x1ecd _build/nrf_drv_gpiote.o
 .debug_info    0x00000000000077e2     0x1a5c _build/nrf_drv_spi.o
 .debug_info    0x000000000000923e     0x29df _build/nrf_drv_uart.o
 .debug_info    0x000000000000bc1d     0x1f2f _build/main.o
 .debug_info    0x000000000000db4c      0xa0c _build/RTT_Syscalls_GCC.o
 .debug_info    0x000000000000e558     0x1215 _build/SEGGER_RTT.o
 .debug_info    0x000000000000f76d      0xcd0 _build/SEGGER_RTT_printf.o
 .debug_info    0x000000000001043d      0xd75 _build/system_nrf52.o
 .debug_info    0x00000000000111b2     0x1426 _build/nm_bus_wrapper_nrf52832.o
 .debug_info    0x00000000000125d8      0xcda _build/nm_bsp_nrf52832.o
 .debug_info    0x00000000000132b2     0x1dd8 _build/m2m_wifi.o
 .debug_info    0x000000000001508a      0x67c _build/m2m_hif.o
 .debug_info    0x0000000000015706      0x287 _build/nm_common.o
 .debug_info    0x000000000001598d      0x412 _build/nmdrv.o
 .debug_info    0x0000000000015d9f      0x7c5 _build/nmasic.o
 .debug_info    0x0000000000016564      0x33e _build/nmbus.o
 .debug_info    0x00000000000168a2      0x812 _build/nmspi.o
 .debug_info    0x00000000000170b4      0x6c0 _build/spi_flash.o

.debug_abbrev   0x0000000000000000     0x3ab0
 .debug_abbrev  0x0000000000000000      0x23f _build/app_error.o
 .debug_abbrev  0x000000000000023f      0x216 _build/app_error_weak.o
 .debug_abbrev  0x0000000000000455      0x43e _build/app_timer.o
 .debug_abbrev  0x0000000000000893      0x2a1 _build/nrf_log.o
 .debug_abbrev  0x0000000000000b34      0x215 _build/nrf_delay.o
 .debug_abbrev  0x0000000000000d49      0x254 _build/nrf_drv_common.o
 .debug_abbrev  0x0000000000000f9d      0x3e0 _build/nrf_drv_gpiote.o
 .debug_abbrev  0x000000000000137d      0x3e5 _build/nrf_drv_spi.o
 .debug_abbrev  0x0000000000001762      0x3dc _build/nrf_drv_uart.o
 .debug_abbrev  0x0000000000001b3e      0x3ad _build/main.o
 .debug_abbrev  0x0000000000001eeb      0x1eb _build/RTT_Syscalls_GCC.o
 .debug_abbrev  0x00000000000020d6      0x2cf _build/SEGGER_RTT.o
 .debug_abbrev  0x00000000000023a5      0x270 _build/SEGGER_RTT_printf.o
 .debug_abbrev  0x0000000000002615      0x1df _build/system_nrf52.o
 .debug_abbrev  0x00000000000027f4      0x309 _build/nm_bus_wrapper_nrf52832.o
 .debug_abbrev  0x0000000000002afd      0x2c4 _build/nm_bsp_nrf52832.o
 .debug_abbrev  0x0000000000002dc1      0x21e _build/m2m_wifi.o
 .debug_abbrev  0x0000000000002fdf      0x236 _build/m2m_hif.o
 .debug_abbrev  0x0000000000003215       0xf0 _build/nm_common.o
 .debug_abbrev  0x0000000000003305      0x15a _build/nmdrv.o
 .debug_abbrev  0x000000000000345f      0x202 _build/nmasic.o
 .debug_abbrev  0x0000000000003661      0x121 _build/nmbus.o
 .debug_abbrev  0x0000000000003782      0x1b5 _build/nmspi.o
 .debug_abbrev  0x0000000000003937      0x179 _build/spi_flash.o

.debug_aranges  0x0000000000000000     0x1038
 .debug_aranges
                0x0000000000000000       0x40 _build/app_error.o
 .debug_aranges
                0x0000000000000040       0x28 _build/app_error_weak.o
 .debug_aranges
                0x0000000000000068      0x160 _build/app_timer.o
 .debug_aranges
                0x00000000000001c8       0x60 _build/nrf_log.o
 .debug_aranges
                0x0000000000000228       0x20 _build/nrf_delay.o
 .debug_aranges
                0x0000000000000248       0x38 _build/nrf_drv_common.o
 .debug_aranges
                0x0000000000000280      0x210 _build/nrf_drv_gpiote.o
 .debug_aranges
                0x0000000000000490       0xf0 _build/nrf_drv_spi.o
 .debug_aranges
                0x0000000000000580      0x298 _build/nrf_drv_uart.o
 .debug_aranges
                0x0000000000000818       0x70 _build/main.o
 .debug_aranges
                0x0000000000000888       0x28 _build/RTT_Syscalls_GCC.o
 .debug_aranges
                0x00000000000008b0       0xc8 _build/SEGGER_RTT.o
 .debug_aranges
                0x0000000000000978       0x40 _build/SEGGER_RTT_printf.o
 .debug_aranges
                0x00000000000009b8       0x68 _build/system_nrf52.o
 .debug_aranges
                0x0000000000000a20       0x50 _build/nm_bus_wrapper_nrf52832.o
 .debug_aranges
                0x0000000000000a70       0x68 _build/nm_bsp_nrf52832.o
 .debug_aranges
                0x0000000000000ad8      0x1b0 _build/m2m_wifi.o
 .debug_aranges
                0x0000000000000c88       0x88 _build/m2m_hif.o
 .debug_aranges
                0x0000000000000d10       0x50 _build/nm_common.o
 .debug_aranges
                0x0000000000000d60       0x48 _build/nmdrv.o
 .debug_aranges
                0x0000000000000da8       0xd8 _build/nmasic.o
 .debug_aranges
                0x0000000000000e80       0x68 _build/nmbus.o
 .debug_aranges
                0x0000000000000ee8       0xb8 _build/nmspi.o
 .debug_aranges
                0x0000000000000fa0       0x98 _build/spi_flash.o

.debug_ranges   0x0000000000000000      0xf60
 .debug_ranges  0x0000000000000000       0x30 _build/app_error.o
 .debug_ranges  0x0000000000000030       0x18 _build/app_error_weak.o
 .debug_ranges  0x0000000000000048      0x150 _build/app_timer.o
 .debug_ranges  0x0000000000000198       0x50 _build/nrf_log.o
 .debug_ranges  0x00000000000001e8       0x10 _build/nrf_delay.o
 .debug_ranges  0x00000000000001f8       0x28 _build/nrf_drv_common.o
 .debug_ranges  0x0000000000000220      0x200 _build/nrf_drv_gpiote.o
 .debug_ranges  0x0000000000000420       0xe0 _build/nrf_drv_spi.o
 .debug_ranges  0x0000000000000500      0x288 _build/nrf_drv_uart.o
 .debug_ranges  0x0000000000000788       0x90 _build/main.o
 .debug_ranges  0x0000000000000818       0x18 _build/RTT_Syscalls_GCC.o
 .debug_ranges  0x0000000000000830       0xb8 _build/SEGGER_RTT.o
 .debug_ranges  0x00000000000008e8       0x48 _build/SEGGER_RTT_printf.o
 .debug_ranges  0x0000000000000930       0x58 _build/system_nrf52.o
 .debug_ranges  0x0000000000000988       0x40 _build/nm_bus_wrapper_nrf52832.o
 .debug_ranges  0x00000000000009c8       0x58 _build/nm_bsp_nrf52832.o
 .debug_ranges  0x0000000000000a20      0x1a0 _build/m2m_wifi.o
 .debug_ranges  0x0000000000000bc0       0xc0 _build/m2m_hif.o
 .debug_ranges  0x0000000000000c80       0x40 _build/nm_common.o
 .debug_ranges  0x0000000000000cc0       0x38 _build/nmdrv.o
 .debug_ranges  0x0000000000000cf8       0xe0 _build/nmasic.o
 .debug_ranges  0x0000000000000dd8       0x58 _build/nmbus.o
 .debug_ranges  0x0000000000000e30       0xa8 _build/nmspi.o
 .debug_ranges  0x0000000000000ed8       0x88 _build/spi_flash.o

.debug_macro    0x0000000000000000     0x3eff
 .debug_macro   0x0000000000000000      0x2ae _build/app_error.o
 .debug_macro   0x00000000000002ae       0x35 _build/app_error.o
 .debug_macro   0x00000000000002e3      0x29e _build/app_error_weak.o
 .debug_macro   0x0000000000000581      0x3a8 _build/app_timer.o
 .debug_macro   0x0000000000000929       0x41 _build/app_timer.o
 .debug_macro   0x000000000000096a       0x16 _build/app_timer.o
 .debug_macro   0x0000000000000980       0x16 _build/app_timer.o
 .debug_macro   0x0000000000000996       0x29 _build/app_timer.o
 .debug_macro   0x00000000000009bf       0x60 _build/app_timer.o
 .debug_macro   0x0000000000000a1f       0x16 _build/app_timer.o
 .debug_macro   0x0000000000000a35      0x2a1 _build/nrf_log.o
 .debug_macro   0x0000000000000cd6       0x58 _build/nrf_log.o
 .debug_macro   0x0000000000000d2e      0x16d _build/nrf_log.o
 .debug_macro   0x0000000000000e9b       0x10 _build/nrf_log.o
 .debug_macro   0x0000000000000eab       0x1c _build/nrf_log.o
 .debug_macro   0x0000000000000ec7       0x3a _build/nrf_log.o
 .debug_macro   0x0000000000000f01      0x114 _build/nrf_log.o
 .debug_macro   0x0000000000001015      0x23e _build/nrf_delay.o
 .debug_macro   0x0000000000001253       0x52 _build/nrf_delay.o
 .debug_macro   0x00000000000012a5       0x8d _build/nrf_delay.o
 .debug_macro   0x0000000000001332       0x57 _build/nrf_delay.o
 .debug_macro   0x0000000000001389      0x2ed _build/nrf_drv_common.o
 .debug_macro   0x0000000000001676      0x33d _build/nrf_drv_gpiote.o
 .debug_macro   0x00000000000019b3       0x10 _build/nrf_drv_gpiote.o
 .debug_macro   0x00000000000019c3      0x356 _build/nrf_drv_spi.o
 .debug_macro   0x0000000000001d19       0x80 _build/nrf_drv_spi.o
 .debug_macro   0x0000000000001d99      0x350 _build/nrf_drv_uart.o
 .debug_macro   0x00000000000020e9      0x3ef _build/main.o
 .debug_macro   0x00000000000024d8       0x2a _build/main.o
 .debug_macro   0x0000000000002502       0x46 _build/main.o
 .debug_macro   0x0000000000002548      0x18e _build/main.o
 .debug_macro   0x00000000000026d6      0x1f9 _build/main.o
 .debug_macro   0x00000000000028cf       0xd6 _build/main.o
 .debug_macro   0x00000000000029a5      0x10f _build/RTT_Syscalls_GCC.o
 .debug_macro   0x0000000000002ab4      0x10e _build/RTT_Syscalls_GCC.o
 .debug_macro   0x0000000000002bc2       0x86 _build/RTT_Syscalls_GCC.o
 .debug_macro   0x0000000000002c48      0x121 _build/SEGGER_RTT.o
 .debug_macro   0x0000000000002d69      0x130 _build/SEGGER_RTT_printf.o
 .debug_macro   0x0000000000002e99       0xf5 _build/system_nrf52.o
 .debug_macro   0x0000000000002f8e      0x391 _build/nm_bus_wrapper_nrf52832.o
 .debug_macro   0x000000000000331f       0x3a _build/nm_bus_wrapper_nrf52832.o
 .debug_macro   0x0000000000003359      0x3af _build/nm_bsp_nrf52832.o
 .debug_macro   0x0000000000003708       0x30 _build/nm_bsp_nrf52832.o
 .debug_macro   0x0000000000003738      0x18e _build/nm_bsp_nrf52832.o
 .debug_macro   0x00000000000038c6       0x71 _build/m2m_wifi.o
 .debug_macro   0x0000000000003937       0x16 _build/m2m_wifi.o
 .debug_macro   0x000000000000394d       0xb0 _build/m2m_hif.o
 .debug_macro   0x00000000000039fd       0x42 _build/nm_common.o
 .debug_macro   0x0000000000003a3f       0x8e _build/nmdrv.o
 .debug_macro   0x0000000000003acd      0x118 _build/nmdrv.o
 .debug_macro   0x0000000000003be5       0x91 _build/nmasic.o
 .debug_macro   0x0000000000003c76       0x79 _build/nmbus.o
 .debug_macro   0x0000000000003cef      0x139 _build/nmspi.o
 .debug_macro   0x0000000000003e28       0xd7 _build/spi_flash.o

.debug_line     0x0000000000000000     0xa5a1
 .debug_line    0x0000000000000000      0x655 _build/app_error.o
 .debug_line    0x0000000000000655      0x5ba _build/app_error_weak.o
 .debug_line    0x0000000000000c0f      0xbdd _build/app_timer.o
 .debug_line    0x00000000000017ec      0x6d0 _build/nrf_log.o
 .debug_line    0x0000000000001ebc      0x4de _build/nrf_delay.o
 .debug_line    0x000000000000239a      0x6f2 _build/nrf_drv_common.o
 .debug_line    0x0000000000002a8c      0xdcf _build/nrf_drv_gpiote.o
 .debug_line    0x000000000000385b      0xab2 _build/nrf_drv_spi.o